// Vitest Snapshot v1, https://vitest.dev/guide/snapshot.html

exports[`Test: KVirtualList > props: cls 1`] = `"<div class=\\"k-virtual-list k-scrollbar k-virtual-list--test\\" style=\\"overflow-y: auto; height: inherit; --k-scrollbar--thumb__radius: 20px; --k-scrollbar--thumb: var(--ikun-light-800); --k-scrollbar__h: 6px; --k-scrollbar__w: 6px; --k-scrollbar--track__radius: 20px; --k-scrollbar--track: transparent;\\"> <div class=\\"\\" style=\\"padding: 0px 0px 9700px;\\"><div class=\\"k-virtual-list--item\\" data-kv-key=\\"0\\"> </div><div class=\\"k-virtual-list--item\\" data-kv-key=\\"1\\"> </div><div class=\\"k-virtual-list--item\\" data-kv-key=\\"2\\"> </div><div class=\\"k-virtual-list--item\\" data-kv-key=\\"3\\"> </div><div class=\\"k-virtual-list--item\\" data-kv-key=\\"4\\"> </div><div class=\\"k-virtual-list--item\\" data-kv-key=\\"5\\"> </div><div class=\\"k-virtual-list--item\\" data-kv-key=\\"6\\"> </div><div class=\\"k-virtual-list--item\\" data-kv-key=\\"7\\"> </div><div class=\\"k-virtual-list--item\\" data-kv-key=\\"8\\"> </div><div class=\\"k-virtual-list--item\\" data-kv-key=\\"9\\"> </div><div class=\\"k-virtual-list--item\\" data-kv-key=\\"10\\"> </div><div class=\\"k-virtual-list--item\\" data-kv-key=\\"11\\"> </div><div class=\\"k-virtual-list--item\\" data-kv-key=\\"12\\"> </div><div class=\\"k-virtual-list--item\\" data-kv-key=\\"13\\"> </div><div class=\\"k-virtual-list--item\\" data-kv-key=\\"14\\"> </div><div class=\\"k-virtual-list--item\\" data-kv-key=\\"15\\"> </div><div class=\\"k-virtual-list--item\\" data-kv-key=\\"16\\"> </div><div class=\\"k-virtual-list--item\\" data-kv-key=\\"17\\"> </div><div class=\\"k-virtual-list--item\\" data-kv-key=\\"18\\"> </div><div class=\\"k-virtual-list--item\\" data-kv-key=\\"19\\"> </div><div class=\\"k-virtual-list--item\\" data-kv-key=\\"20\\"> </div><div class=\\"k-virtual-list--item\\" data-kv-key=\\"21\\"> </div><div class=\\"k-virtual-list--item\\" data-kv-key=\\"22\\"> </div><div class=\\"k-virtual-list--item\\" data-kv-key=\\"23\\"> </div><div class=\\"k-virtual-list--item\\" data-kv-key=\\"24\\"> </div><div class=\\"k-virtual-list--item\\" data-kv-key=\\"25\\"> </div><div class=\\"k-virtual-list--item\\" data-kv-key=\\"26\\"> </div><div class=\\"k-virtual-list--item\\" data-kv-key=\\"27\\"> </div><div class=\\"k-virtual-list--item\\" data-kv-key=\\"28\\"> </div><div class=\\"k-virtual-list--item\\" data-kv-key=\\"29\\"> </div></div>  <div class=\\"shepherd\\" style=\\"width: 100%; height: 0px;\\"></div></div>"`;

exports[`Test: KVirtualList > props: isHorizontal 1`] = `"<div class=\\"k-virtual-list k-virtual-list--base k-scrollbar\\" style=\\"overflow-y: auto; height: inherit; --k-scrollbar--thumb__radius: 20px; --k-scrollbar--thumb: var(--ikun-light-800); --k-scrollbar__h: 6px; --k-scrollbar__w: 6px; --k-scrollbar--track__radius: 20px; --k-scrollbar--track: transparent;\\"> <div class=\\"k-virtual-list--wrapper\\" style=\\"padding: 0px 9700px 0px 0px;\\"><div class=\\"k-virtual-list--item\\" data-kv-key=\\"0\\"> </div><div class=\\"k-virtual-list--item\\" data-kv-key=\\"1\\"> </div><div class=\\"k-virtual-list--item\\" data-kv-key=\\"2\\"> </div><div class=\\"k-virtual-list--item\\" data-kv-key=\\"3\\"> </div><div class=\\"k-virtual-list--item\\" data-kv-key=\\"4\\"> </div><div class=\\"k-virtual-list--item\\" data-kv-key=\\"5\\"> </div><div class=\\"k-virtual-list--item\\" data-kv-key=\\"6\\"> </div><div class=\\"k-virtual-list--item\\" data-kv-key=\\"7\\"> </div><div class=\\"k-virtual-list--item\\" data-kv-key=\\"8\\"> </div><div class=\\"k-virtual-list--item\\" data-kv-key=\\"9\\"> </div><div class=\\"k-virtual-list--item\\" data-kv-key=\\"10\\"> </div><div class=\\"k-virtual-list--item\\" data-kv-key=\\"11\\"> </div><div class=\\"k-virtual-list--item\\" data-kv-key=\\"12\\"> </div><div class=\\"k-virtual-list--item\\" data-kv-key=\\"13\\"> </div><div class=\\"k-virtual-list--item\\" data-kv-key=\\"14\\"> </div><div class=\\"k-virtual-list--item\\" data-kv-key=\\"15\\"> </div><div class=\\"k-virtual-list--item\\" data-kv-key=\\"16\\"> </div><div class=\\"k-virtual-list--item\\" data-kv-key=\\"17\\"> </div><div class=\\"k-virtual-list--item\\" data-kv-key=\\"18\\"> </div><div class=\\"k-virtual-list--item\\" data-kv-key=\\"19\\"> </div><div class=\\"k-virtual-list--item\\" data-kv-key=\\"20\\"> </div><div class=\\"k-virtual-list--item\\" data-kv-key=\\"21\\"> </div><div class=\\"k-virtual-list--item\\" data-kv-key=\\"22\\"> </div><div class=\\"k-virtual-list--item\\" data-kv-key=\\"23\\"> </div><div class=\\"k-virtual-list--item\\" data-kv-key=\\"24\\"> </div><div class=\\"k-virtual-list--item\\" data-kv-key=\\"25\\"> </div><div class=\\"k-virtual-list--item\\" data-kv-key=\\"26\\"> </div><div class=\\"k-virtual-list--item\\" data-kv-key=\\"27\\"> </div><div class=\\"k-virtual-list--item\\" data-kv-key=\\"28\\"> </div><div class=\\"k-virtual-list--item\\" data-kv-key=\\"29\\"> </div></div>  <div class=\\"shepherd\\" style=\\"width: 0px; height: 100%;\\"></div></div>"`;

exports[`Test: KVirtualList > props: keeps 1`] = `"<div class=\\"k-virtual-list k-scrollbar\\" style=\\"overflow-y: auto; height: inherit; --k-scrollbar--thumb__radius: 20px; --k-scrollbar--thumb: var(--ikun-light-800); --k-scrollbar__h: 6px; --k-scrollbar__w: 6px; --k-scrollbar--track__radius: 20px; --k-scrollbar--track: transparent;\\"> <div class=\\"\\" style=\\"padding: 0px 0px 9900px;\\"><div class=\\"k-virtual-list--item\\" data-kv-key=\\"0\\"> </div><div class=\\"k-virtual-list--item\\" data-kv-key=\\"1\\"> </div><div class=\\"k-virtual-list--item\\" data-kv-key=\\"2\\"> </div><div class=\\"k-virtual-list--item\\" data-kv-key=\\"3\\"> </div><div class=\\"k-virtual-list--item\\" data-kv-key=\\"4\\"> </div><div class=\\"k-virtual-list--item\\" data-kv-key=\\"5\\"> </div><div class=\\"k-virtual-list--item\\" data-kv-key=\\"6\\"> </div><div class=\\"k-virtual-list--item\\" data-kv-key=\\"7\\"> </div><div class=\\"k-virtual-list--item\\" data-kv-key=\\"8\\"> </div><div class=\\"k-virtual-list--item\\" data-kv-key=\\"9\\"> </div></div>  <div class=\\"shepherd\\" style=\\"width: 100%; height: 0px;\\"></div></div>"`;
