// Vitest Snapshot v1, https://vitest.dev/guide/snapshot.html

exports[`Test: KContextmenu > base render 1`] = `"<div class=\\"flex justify-center items-center w-full h-30vh bg-green-100\\"><ul class=\\"k-contextmenu k-contextmenu--base k-contextmenu--base__dark\\" style=\\"left: 0px; top: 0px; z-index: 999;\\"><div style=\\"animation: __svelte_665066525_0 300ms linear 0ms 1 both;\\"><li class=\\"k-contextmenu-item k-contextmenu-item--base k-contextmenu-item--base__dark\\" aria-hidden=\\"true\\">options 1</li> <li class=\\"k-contextmenu-item k-contextmenu-item--base k-contextmenu-item--base__dark\\" aria-hidden=\\"true\\">options 2</li> <li class=\\"k-contextmenu-item k-contextmenu-item--base k-contextmenu-item--base__dark\\" aria-hidden=\\"true\\">options 3</li></div></ul></div>"`;

exports[`Test: KContextmenu > props: disabled 1`] = `"<div class=\\"flex justify-center items-center w-full h-30vh bg-green-100\\"><ul class=\\"k-contextmenu k-contextmenu--base k-contextmenu--base__dark\\" style=\\"left: 0px; top: 0px; z-index: -999;\\"></ul></div>"`;

exports[`Test: KContextmenu > props: item disabled 1`] = `"<div class=\\"flex justify-center items-center w-full h-30vh bg-green-100\\"><ul class=\\"k-contextmenu k-contextmenu--base k-contextmenu--base__dark\\" style=\\"left: 0px; top: 0px; z-index: 999;\\"><div style=\\"animation: __svelte_665066525_0 300ms linear 0ms 1 both;\\"><li class=\\"k-contextmenu-item k-contextmenu-item--base k-contextmenu-item--base__dark\\" aria-hidden=\\"true\\">options 1</li> <li class=\\"k-contextmenu-item k-contextmenu-item__disabled k-contextmenu-item__disabled__dark\\" aria-hidden=\\"true\\">options 2</li> <li class=\\"k-contextmenu-item k-contextmenu-item--base k-contextmenu-item--base__dark\\" aria-hidden=\\"true\\">options 3</li></div></ul></div>"`;

exports[`Test: KContextmenu > props: item divider 1`] = `"<div class=\\"flex justify-center items-center w-full h-30vh bg-green-100\\"><ul class=\\"k-contextmenu k-contextmenu--base k-contextmenu--base__dark\\" style=\\"left: 0px; top: 0px; z-index: 999;\\"><div style=\\"animation: __svelte_665066525_0 300ms linear 0ms 1 both;\\"><li class=\\"k-contextmenu-item k-contextmenu-item--base k-contextmenu-item--base__dark\\" aria-hidden=\\"true\\">options 1</li> <li class=\\"k-contextmenu-item k-contextmenu-item__divider\\" aria-hidden=\\"true\\"></li> <li class=\\"k-contextmenu-item k-contextmenu-item--base k-contextmenu-item--base__dark\\" aria-hidden=\\"true\\">options 3</li></div></ul></div>"`;

exports[`Test: KContextmenu > props: sub menu 1`] = `"<div class=\\"flex justify-center items-center w-full h-30vh bg-green-100\\"><ul class=\\"k-contextmenu k-contextmenu--base k-contextmenu--base__dark\\" style=\\"left: 0px; top: 0px; z-index: 999;\\"><div style=\\"animation: __svelte_665066525_0 300ms linear 0ms 1 both;\\"><li class=\\"k-contextmenu-item k-contextmenu-item--base k-contextmenu-item--base__dark\\" aria-hidden=\\"true\\">options 1</li> <li class=\\"k-contextmenu-item k-contextmenu-item__divider\\" aria-hidden=\\"true\\"></li> <li class=\\"k-contextmenu-item k-contextmenu-item--base k-contextmenu-item--base__dark\\" aria-hidden=\\"true\\">options 3</li> <li class=\\"k-contextmenu-sub-menu k-contextmenu-sub-menu--base k-contextmenu-sub-menu--base__dark\\"><span>contextmenu-sub-title</span> <span class=\\"k-icon--base k-icon--base__dark k-icon-transition i-carbon-chevron-right k-contextmenu-sub-menu__icon\\" role=\\"\\" aria-hidden=\\"true\\"></span> <div class=\\"k-contextmenu-sub-menu-item k-contextmenu-sub-menu-item__dark\\" style=\\"left: 0px; top: 0px; z-index: 999;\\"><li class=\\"k-contextmenu-item k-contextmenu-item--base k-contextmenu-item--base__dark\\" aria-hidden=\\"true\\">options 4</li></div></li></div></ul></div>"`;

exports[`Test: KContextmenu > props: sub menu disabled 1`] = `"<div class=\\"flex justify-center items-center w-full h-30vh bg-green-100\\"><ul class=\\"k-contextmenu k-contextmenu--base k-contextmenu--base__dark\\" style=\\"left: 0px; top: 0px; z-index: 999;\\"><div style=\\"animation: __svelte_665066525_0 300ms linear 0ms 1 both;\\"><li class=\\"k-contextmenu-item k-contextmenu-item--base k-contextmenu-item--base__dark\\" aria-hidden=\\"true\\">options 1</li> <li class=\\"k-contextmenu-item k-contextmenu-item__divider\\" aria-hidden=\\"true\\"></li> <li class=\\"k-contextmenu-item k-contextmenu-item--base k-contextmenu-item--base__dark\\" aria-hidden=\\"true\\">options 3</li> <li class=\\"k-contextmenu-sub-menu k-contextmenu-sub-menu--base k-contextmenu-sub-menu--base__dark k-contextmenu-sub-menu__disabled k-contextmenu-sub-menu__disabled__dark\\"><span>contextmenu-sub-title</span> <span class=\\"k-icon--base k-icon--base__dark k-icon-transition i-carbon-chevron-right k-contextmenu-sub-menu__icon\\" role=\\"\\" aria-hidden=\\"true\\"></span> </li></div></ul></div>"`;
