// Vitest Snapshot v1, https://vitest.dev/guide/snapshot.html

exports[`Test: KInput > props: append & prepend 1`] = `"<div class=\\"k-input\\"><button style=\\"border-radius: 4px; font-size: 16px;\\" class=\\"k-button k-button--base k-button--main__fill k-button--main__hover__fill k-button--main__active k-button--main__focus k-input--prepend k-input--prepend__md\\" aria-hidden=\\"true\\"><span class=\\"k-icon--base k-icon-transition i-carbon-logo-vue k-button--main__icon k-button--main__icon__fill\\" role=\\"\\" aria-hidden=\\"true\\" style=\\"width: 16px; height: 16px;\\"></span>  </button> <div class=\\"k-input--base k-input__md k-input__dark k-input__hover k-input__focus\\"> <input class=\\"k-input--inner k-input--inner__dark\\" type=\\"text\\" placeholder=\\"\\">    </div> <button style=\\"border-radius: 4px; font-size: 16px;\\" class=\\"k-button k-button--base k-button--main__fill k-button--main__hover__fill k-button--main__active k-button--main__focus k-input--append k-input--append__md\\" aria-hidden=\\"true\\"><span class=\\"k-icon--base k-icon-transition i-carbon-logo-svelte k-button--main__icon k-button--main__icon__fill\\" role=\\"\\" aria-hidden=\\"true\\" style=\\"width: 16px; height: 16px;\\"></span>  </button></div> "`;

exports[`Test: KInput > props: append 1`] = `"<div class=\\"k-input\\"> <div class=\\"k-input--base k-input__md k-input__dark k-input__hover k-input__focus k-input__rounded__left\\"> <input class=\\"k-input--inner k-input--inner__dark\\" type=\\"text\\" placeholder=\\"\\">    </div> <button style=\\"border-radius: 4px; font-size: 16px;\\" class=\\"k-button k-button--base k-button--main__fill k-button--main__hover__fill k-button--main__active k-button--main__focus k-input--append k-input--append__md\\" aria-hidden=\\"true\\"><span class=\\"k-icon--base k-icon-transition i-carbon-logo-svelte k-button--main__icon k-button--main__icon__fill\\" role=\\"\\" aria-hidden=\\"true\\" style=\\"width: 16px; height: 16px;\\"></span>  </button></div> "`;

exports[`Test: KInput > props: attrs 1`] = `"<div class=\\"k-input\\"> <div class=\\"k-input--base k-input__md k-input__dark k-input__hover k-input__focus k-input__rounded\\"> <input class=\\"k-input--inner k-input--inner__dark\\" type=\\"number\\" placeholder=\\"\\" strattr=\\"你干嘛,哎哟\\" numattr=\\"8\\" objattr=\\"[object Object]\\" arrattr=\\"i,kun\\">    </div> </div> "`;

exports[`Test: KInput > props: clearable 1`] = `"<div class=\\"k-input\\"> <div class=\\"k-input--base k-input__md k-input__dark k-input__hover k-input__focus k-input__rounded\\"> <input class=\\"k-input--inner k-input--inner__dark\\" type=\\"text\\" placeholder=\\"\\">    </div> </div> "`;

exports[`Test: KInput > props: cls 1`] = `"<div class=\\"k-input ikun\\"> <div class=\\"k-input--base k-input__md k-input__dark k-input__hover k-input__focus k-input__rounded\\"> <input class=\\"k-input--inner k-input--inner__dark\\" type=\\"text\\" placeholder=\\"\\">    </div> </div> "`;

exports[`Test: KInput > props: disabled 1`] = `"<div class=\\"k-input\\"> <div class=\\"k-input--base k-input__md k-input__dark k-input__disabled k-input__disabled__dark k-input__hover k-input__focus k-input__rounded\\"> <input class=\\"k-input--inner k-input__disabled k-input__disabled__dark\\" disabled=\\"\\" type=\\"text\\" placeholder=\\"\\">    </div> </div> "`;

exports[`Test: KInput > props: iconPrefix 1`] = `"<div class=\\"k-input\\"> <div class=\\"k-input--base k-input__md k-input__dark k-input__hover k-input__focus k-input__rounded\\"><span class=\\"k-icon--base k-icon--base__dark k-icon-transition i-carbon-logo-svelte k-input--icon k-input--icon__md k-input--prefix-icon\\" role=\\"\\" aria-hidden=\\"true\\" style=\\"width: 24px; height: 24px;\\"></span> <input class=\\"k-input--inner k-input--inner__dark\\" type=\\"text\\" placeholder=\\"\\">    </div> </div> "`;

exports[`Test: KInput > props: iconSuffix 1`] = `"<div class=\\"k-input\\"> <div class=\\"k-input--base k-input__md k-input__dark k-input__hover k-input__focus k-input__rounded\\"> <input class=\\"k-input--inner k-input--inner__dark\\" type=\\"text\\" placeholder=\\"\\">    <span class=\\"k-icon--base k-icon--base__dark k-icon-transition i-carbon-search k-input--icon k-input--icon__md k-input--suffix-icon\\" role=\\"\\" aria-hidden=\\"true\\" style=\\"width: 24px; height: 24px;\\"></span></div> </div> "`;

exports[`Test: KInput > props: password 1`] = `"<div class=\\"k-input\\"> <div class=\\"k-input--base k-input__md k-input__dark k-input__hover k-input__focus k-input__rounded\\"> <input class=\\"k-input--inner k-input--inner__dark\\" type=\\"password\\" placeholder=\\"\\">  <div role=\\"button\\" aria-hidden=\\"true\\"><span class=\\"k-icon--base k-icon--base__dark k-icon--role-button k-icon-transition i-carbon-view-off k-input--icon k-input--icon__md ml-1\\" role=\\"button\\" aria-hidden=\\"true\\" style=\\"width: 24px; height: 24px;\\"></span></div>  </div> </div> "`;

exports[`Test: KInput > props: placeholder 1`] = `"<div class=\\"k-input\\"> <div class=\\"k-input--base k-input__md k-input__dark k-input__hover k-input__focus k-input__rounded\\"> <input class=\\"k-input--inner k-input--inner__dark\\" type=\\"text\\" placeholder=\\"我见青山多妩媚，料青山见我应如是\\">    </div> </div> "`;

exports[`Test: KInput > props: prepend 1`] = `"<div class=\\"k-input\\"><button style=\\"border-radius: 4px; font-size: 16px;\\" class=\\"k-button k-button--base k-button--main__fill k-button--main__hover__fill k-button--main__active k-button--main__focus k-input--prepend k-input--prepend__md\\" aria-hidden=\\"true\\"><span class=\\"k-icon--base k-icon-transition i-carbon-logo-svelte k-button--main__icon k-button--main__icon__fill\\" role=\\"\\" aria-hidden=\\"true\\" style=\\"width: 16px; height: 16px;\\"></span>  </button> <div class=\\"k-input--base k-input__md k-input__dark k-input__hover k-input__focus k-input__rounded__right\\"> <input class=\\"k-input--inner k-input--inner__dark\\" type=\\"text\\" placeholder=\\"\\">    </div> </div> "`;

exports[`Test: KInput > props: size 1`] = `"<div class=\\"k-input\\"> <div class=\\"k-input--base k-input__sm k-input__dark k-input__hover k-input__focus k-input__rounded\\"><span class=\\"k-icon--base k-icon--base__dark k-icon-transition i-prefix k-input--icon k-input--icon__sm k-input--prefix-icon\\" role=\\"\\" aria-hidden=\\"true\\" style=\\"width: 24px; height: 24px;\\"></span> <input class=\\"k-input--inner k-input--inner__dark\\" type=\\"text\\" placeholder=\\"\\">    <span class=\\"k-icon--base k-icon--base__dark k-icon-transition i-suffix k-input--icon k-input--icon__sm k-input--suffix-icon\\" role=\\"\\" aria-hidden=\\"true\\" style=\\"width: 24px; height: 24px;\\"></span></div> </div> "`;

exports[`Test: KInput > props: size 2`] = `"<div class=\\"k-input\\"> <div class=\\"k-input--base k-input__md k-input__dark k-input__hover k-input__focus k-input__rounded\\"><span class=\\"k-icon--base k-icon--base__dark k-icon-transition i-prefix k-input--icon k-input--icon__md k-input--prefix-icon\\" role=\\"\\" aria-hidden=\\"true\\" style=\\"width: 24px; height: 24px;\\"></span> <input class=\\"k-input--inner k-input--inner__dark\\" type=\\"text\\" placeholder=\\"\\">    <span class=\\"k-icon--base k-icon--base__dark k-icon-transition i-suffix k-input--icon k-input--icon__md k-input--suffix-icon\\" role=\\"\\" aria-hidden=\\"true\\" style=\\"width: 24px; height: 24px;\\"></span></div> </div> "`;

exports[`Test: KInput > props: size 3`] = `"<div class=\\"k-input\\"> <div class=\\"k-input--base k-input__lg k-input__dark k-input__hover k-input__focus k-input__rounded\\"><span class=\\"k-icon--base k-icon--base__dark k-icon-transition i-prefix k-input--icon k-input--icon__lg k-input--prefix-icon\\" role=\\"\\" aria-hidden=\\"true\\" style=\\"width: 24px; height: 24px;\\"></span> <input class=\\"k-input--inner k-input--inner__dark\\" type=\\"text\\" placeholder=\\"\\">    <span class=\\"k-icon--base k-icon--base__dark k-icon-transition i-suffix k-input--icon k-input--icon__lg k-input--suffix-icon\\" role=\\"\\" aria-hidden=\\"true\\" style=\\"width: 24px; height: 24px;\\"></span></div> </div> "`;

exports[`Test: KInput > props: textarea & autosize 1`] = `" <div class=\\"k-input\\"><div class=\\"k-input--base k-input__dark k-input__hover k-input__focus k-input__rounded\\"><textarea class=\\"k-input--inner k-input--inner__textarea k-input--inner__dark\\" placeholder=\\"\\" style=\\"min-height: -4px; height: -8px;\\"></textarea></div></div>"`;

exports[`Test: KInput > props: textarea & rows 1`] = `" <div class=\\"k-input\\"><div class=\\"k-input--base k-input__dark k-input__hover k-input__focus k-input__rounded\\"><textarea class=\\"k-input--inner k-input--inner__textarea k-input--inner__dark\\" placeholder=\\"\\" style=\\"min-height: -24px;\\"></textarea></div></div>"`;

exports[`Test: KInput > props: value 1`] = `"<div class=\\"k-input\\"> <div class=\\"k-input--base k-input__md k-input__dark k-input__hover k-input__focus k-input__rounded\\"> <input class=\\"k-input--inner k-input--inner__dark\\" type=\\"text\\" placeholder=\\"\\">    </div> </div> "`;
