// Vitest Snapshot v1, https://vitest.dev/guide/snapshot.html

exports[`Test: KMask > props: color 1`] = `"<div style=\\"background-color: red; top: 0px; left: 0px; width: 100%; height: 100%;\\" class=\\"k-mask--base\\"></div>"`;

exports[`Test: KMask > props: target > hidden 1`] = `"hidden"`;

exports[`Test: KMask > props: target 1`] = `"<div class=\\"k-mask--base\\" style=\\"top: 0px; left: 0px; width: 100%; height: 100%;\\"></div>"`;

exports[`Test: KMask > props: value 1`] = `"<div class=\\"k-mask--base\\" style=\\"top: 0px; left: 0px; width: 100%; height: 100%;\\"></div>"`;
