// Vitest Snapshot v1, https://vitest.dev/guide/snapshot.html

exports[`Test: KPopconfirm > props: async 1`] = `"<div aria-hidden="true" class="flex" data-popover-trigger=""><div id="test_trigger">trigger</div></div> <div class="k-popover--base k-popover--base__top k-popover--base__top__dark k-popover--base__dark svelte-13arsd0" data-popper-placement="top" aria-hidden="true" style="position: fixed; left: 0px; top: 0px; margin: 0px; animation: __svelte_3896445108_0 200ms linear 0ms 1 both; bottom: 8px;" data-popper-reference-hidden="" data-popper-escaped=""><div class="k-popconfirm k-popconfirm--base" slot="contentEl"><div class="k-popconfirm--title"><span class="k-icon--base k-icon--base__dark k-icon-transition k-popconfirm--icon--info k-popconfirm--icon k-popconfirm--info " role="" aria-hidden="true"></span> 有美一人</div> <div class="k-popconfirm--content">清扬婉兮</div> <div class="k-popconfirm--footer"><button style="border-radius: 4px; font-size: 12px;" class="k-button k-button--base k-button--info__ghost k-button--info__ghost--dark k-button--info__active k-button--info__focus k-button--sm k-button--info__border k-button--info__animate mr-2 " aria-hidden="true">  Cancel </button> <button style="border-radius: 4px; font-size: 12px;" class="k-button k-button--base k-button--primary__fill k-button--primary__hover__fill k-button--primary__active k-button--primary__focus k-button--sm k-button--primary__animate" aria-hidden="true">  Confirm </button></div></div> <div k-popover-arrow="true" data-popper-arrow-bottom="" data-popper-arrow-top="" data-popper-arrow-right="" data-popper-arrow-left="" class="svelte-13arsd0"></div></div>"`;

exports[`Test: KPopconfirm > props: base 1`] = `"<div aria-hidden="true" class="flex" data-popover-trigger=""><div id="test_trigger">trigger</div></div> <div class="k-popover--base k-popover--base__top k-popover--base__top__dark k-popover--base__dark svelte-13arsd0" data-popper-placement="" aria-hidden="true" style="position: fixed; left: 0px; top: 0px; margin: 0px; animation: __svelte_3896445108_0 200ms linear 0ms 1 both;"><div class="k-popconfirm k-popconfirm--base" slot="contentEl"><div class="k-popconfirm--title"><span class="k-icon--base k-icon--base__dark k-icon-transition k-popconfirm--icon--info k-popconfirm--icon k-popconfirm--info " role="" aria-hidden="true"></span> 有美一人</div> <div class="k-popconfirm--content">清扬婉兮</div> <div class="k-popconfirm--footer"><button style="border-radius: 4px; font-size: 12px;" class="k-button k-button--base k-button--info__ghost k-button--info__ghost--dark k-button--info__active k-button--info__focus k-button--sm k-button--info__border mr-2 " aria-hidden="true">  Cancel </button> <button style="border-radius: 4px; font-size: 12px;" class="k-button k-button--base k-button--primary__fill k-button--primary__hover__fill k-button--primary__active k-button--primary__focus k-button--sm" aria-hidden="true">  Confirm </button></div></div> <div k-popover-arrow="true" data-popper-arrow-bottom="" data-popper-arrow-top="" data-popper-arrow-right="" data-popper-arrow-left="" class="svelte-13arsd0"></div></div>"`;

exports[`Test: KPopconfirm > props: confirmBtnText & confirmBtnCls & cancelBtnText & cancelBtnCls 1`] = `"<div aria-hidden="true" class="flex" data-popover-trigger=""><div id="test_trigger">trigger</div></div> <div class="k-popover--base k-popover--base__top k-popover--base__top__dark k-popover--base__dark svelte-13arsd0" data-popper-placement="" aria-hidden="true" style="position: fixed; left: 0px; top: 0px; margin: 0px; animation: __svelte_3896445108_0 200ms linear 0ms 1 both;"><div class="k-popconfirm k-popconfirm--base" slot="contentEl"><div class="k-popconfirm--title"><span class="k-icon--base k-icon--base__dark k-icon-transition k-popconfirm--icon--info k-popconfirm--icon k-popconfirm--info " role="" aria-hidden="true"></span> 有美一人</div> <div class="k-popconfirm--content">清扬婉兮</div> <div class="k-popconfirm--footer"><button style="border-radius: 4px; font-size: 12px;" class="k-button k-button--base k-button--info__ghost k-button--info__ghost--dark k-button--info__active k-button--info__focus k-button--sm k-button--info__border mr-2 cancelBtnCls" aria-hidden="true">  cancelBtnText </button> <button style="border-radius: 4px; font-size: 12px;" class="k-button k-button--base k-button--primary__fill k-button--primary__hover__fill k-button--primary__active k-button--primary__focus k-button--sm confirmBtnCls" aria-hidden="true">  confirmBtnText </button></div></div> <div k-popover-arrow="true" data-popper-arrow-bottom="" data-popper-arrow-top="" data-popper-arrow-right="" data-popper-arrow-left="" class="svelte-13arsd0"></div></div>"`;

exports[`Test: KPopconfirm > props: disabled 1`] = `"<div aria-hidden="true" class="flex" data-popover-trigger=""><div id="test_trigger">trigger</div></div> "`;

exports[`Test: KPopconfirm > props: icon 1`] = `"<div aria-hidden="true" class="flex" data-popover-trigger=""><div id="test_trigger">trigger</div></div> <div class="k-popover--base k-popover--base__top k-popover--base__top__dark k-popover--base__dark svelte-13arsd0" data-popper-placement="" aria-hidden="true" style="position: fixed; left: 0px; top: 0px; margin: 0px; animation: __svelte_3896445108_0 200ms linear 0ms 1 both;"><div class="k-popconfirm k-popconfirm--base" slot="contentEl"><div class="k-popconfirm--title"><span class="k-icon--base k-icon--base__dark k-icon-transition i-carbon-settings k-popconfirm--icon " role="" aria-hidden="true"></span> 有美一人</div> <div class="k-popconfirm--content">清扬婉兮</div> <div class="k-popconfirm--footer"><button style="border-radius: 4px; font-size: 12px;" class="k-button k-button--base k-button--info__ghost k-button--info__ghost--dark k-button--info__active k-button--info__focus k-button--sm k-button--info__border mr-2 " aria-hidden="true">  Cancel </button> <button style="border-radius: 4px; font-size: 12px;" class="k-button k-button--base k-button--primary__fill k-button--primary__hover__fill k-button--primary__active k-button--primary__focus k-button--sm" aria-hidden="true">  Confirm </button></div></div> <div k-popover-arrow="true" data-popper-arrow-bottom="" data-popper-arrow-top="" data-popper-arrow-right="" data-popper-arrow-left="" class="svelte-13arsd0"></div></div>"`;

exports[`Test: KPopconfirm > props: showCancel 1`] = `"<div aria-hidden="true" class="flex" data-popover-trigger=""><div id="test_trigger">trigger</div></div> <div class="k-popover--base k-popover--base__top k-popover--base__top__dark k-popover--base__dark svelte-13arsd0" data-popper-placement="" aria-hidden="true" style="position: fixed; left: 0px; top: 0px; margin: 0px; animation: __svelte_3896445108_0 200ms linear 0ms 1 both;"><div class="k-popconfirm k-popconfirm--base" slot="contentEl"><div class="k-popconfirm--title"><span class="k-icon--base k-icon--base__dark k-icon-transition k-popconfirm--icon--info k-popconfirm--icon k-popconfirm--info " role="" aria-hidden="true"></span> 有美一人</div> <div class="k-popconfirm--content">清扬婉兮</div> <div class="k-popconfirm--footer"> <button style="border-radius: 4px; font-size: 12px;" class="k-button k-button--base k-button--primary__fill k-button--primary__hover__fill k-button--primary__active k-button--primary__focus k-button--sm" aria-hidden="true">  Confirm </button></div></div> <div k-popover-arrow="true" data-popper-arrow-bottom="" data-popper-arrow-top="" data-popper-arrow-right="" data-popper-arrow-left="" class="svelte-13arsd0"></div></div>"`;

exports[`Test: KPopconfirm > slot: content 1`] = `"<div aria-hidden="true" class="flex" data-popover-trigger=""><div id="test_trigger">trigger</div></div> <div class="k-popover--base k-popover--base__top k-popover--base__top__dark k-popover--base__dark svelte-13arsd0" data-popper-placement="" aria-hidden="true" style="position: fixed; left: 0px; top: 0px; margin: 0px; animation: __svelte_3896445108_0 200ms linear 0ms 1 both;"><div class="k-popconfirm k-popconfirm--base" slot="contentEl"><div class="k-popconfirm--title"><span class="k-icon--base k-icon--base__dark k-icon-transition k-popconfirm--icon--info k-popconfirm--icon k-popconfirm--info " role="" aria-hidden="true"></span> 有美一人</div> <div slot="content">test content</div> <div class="k-popconfirm--footer"><button style="border-radius: 4px; font-size: 12px;" class="k-button k-button--base k-button--info__ghost k-button--info__ghost--dark k-button--info__active k-button--info__focus k-button--sm k-button--info__border mr-2 " aria-hidden="true">  Cancel </button> <button style="border-radius: 4px; font-size: 12px;" class="k-button k-button--base k-button--primary__fill k-button--primary__hover__fill k-button--primary__active k-button--primary__focus k-button--sm" aria-hidden="true">  Confirm </button></div></div> <div k-popover-arrow="true" data-popper-arrow-bottom="" data-popper-arrow-top="" data-popper-arrow-right="" data-popper-arrow-left="" class="svelte-13arsd0"></div></div>"`;

exports[`Test: KPopconfirm > slot: footer 1`] = `"<div aria-hidden="true" class="flex" data-popover-trigger=""><div id="test_trigger">trigger</div></div> <div class="k-popover--base k-popover--base__top k-popover--base__top__dark k-popover--base__dark svelte-13arsd0" data-popper-placement="" aria-hidden="true" style="position: fixed; left: 0px; top: 0px; margin: 0px; animation: __svelte_3896445108_0 200ms linear 0ms 1 both;"><div class="k-popconfirm k-popconfirm--base" slot="contentEl"><div class="k-popconfirm--title"><span class="k-icon--base k-icon--base__dark k-icon-transition k-popconfirm--icon--info k-popconfirm--icon k-popconfirm--info " role="" aria-hidden="true"></span> 有美一人</div> <div class="k-popconfirm--content">清扬婉兮</div> <div slot="footer">test footer</div></div> <div k-popover-arrow="true" data-popper-arrow-bottom="" data-popper-arrow-top="" data-popper-arrow-right="" data-popper-arrow-left="" class="svelte-13arsd0"></div></div>"`;

exports[`Test: KPopconfirm > slot: title 1`] = `"<div aria-hidden="true" class="flex" data-popover-trigger=""><div id="test_trigger">trigger</div></div> <div class="k-popover--base k-popover--base__top k-popover--base__top__dark k-popover--base__dark svelte-13arsd0" data-popper-placement="" aria-hidden="true" style="position: fixed; left: 0px; top: 0px; margin: 0px; animation: __svelte_3896445108_0 200ms linear 0ms 1 both;"><div class="k-popconfirm k-popconfirm--base" slot="contentEl"><div slot="title">test title</div> <div class="k-popconfirm--content">清扬婉兮</div> <div class="k-popconfirm--footer"><button style="border-radius: 4px; font-size: 12px;" class="k-button k-button--base k-button--info__ghost k-button--info__ghost--dark k-button--info__active k-button--info__focus k-button--sm k-button--info__border mr-2 " aria-hidden="true">  Cancel </button> <button style="border-radius: 4px; font-size: 12px;" class="k-button k-button--base k-button--primary__fill k-button--primary__hover__fill k-button--primary__active k-button--primary__focus k-button--sm" aria-hidden="true">  Confirm </button></div></div> <div k-popover-arrow="true" data-popper-arrow-bottom="" data-popper-arrow-top="" data-popper-arrow-right="" data-popper-arrow-left="" class="svelte-13arsd0"></div></div>"`;
