// Vitest Snapshot v1, https://vitest.dev/guide/snapshot.html

exports[`Test: KTour > events: change 1`] = `"<div id="ikun-ui-tour"></div><div id="ikun-ui-tour2"><div aria-hidden="true" class="flex" data-popover-trigger="" style="width: 0px; height: 0px; position: fixed; top: 0px; left: 0px; transform: translate(0, 0); z-index: -9999;"></div></div><div id="ikun-ui-tour3"></div><div class="k-tour" style="background-color: transparent; z-index: 1001; width: 8px; height: 8px;"> <div class="k-popover--base k-popover--base__top k-popover--base__top__dark k-popover--base__dark svelte-13arsd0" data-popper-placement="top" aria-hidden="true" style="position: fixed; left: 0px; top: 0px; margin: 0px; animation: __svelte_3896445108_0 200ms linear 0ms 1 both; bottom: 8px;" data-popper-reference-hidden="" data-popper-escaped=""><div slot="contentEl" class="k-tour-content"><div class="k-tour-header"> <div class="k-tour-close" role="button" aria-hidden="true"><span class="k-icon--base k-icon--base__dark k-icon-transition i-carbon-close" role="" aria-hidden="true"></span></div></div> <div class="k-tour-body"></div> <div class="k-tour-footer"><div class="k-indicators k-tour-indicators"><div role="button" class="k-indicators-item" aria-hidden="true"></div><div role="button" class="k-indicators-item k-indicators-item--active" aria-hidden="true"></div></div> <div class="k-tour-btn"><button style="border-radius: 4px; font-size: 12px;" class="k-button k-button--base k-button--info__ghost k-button--info__ghost--dark k-button--info__active k-button--info__focus k-button--sm k-button--info__border" aria-hidden="true">  prev </button> <button style="border-radius: 4px; font-size: 12px;" class="k-button k-button--base k-button--primary__fill k-button--primary__hover__fill k-button--primary__active k-button--primary__focus k-button--sm k-button--primary__animate" aria-hidden="true">  finish </button></div></div></div> <div k-popover-arrow="true" class="svelte-13arsd0" data-popper-arrow-top=""></div></div></div>"`;

exports[`Test: KTour > events: close 1`] = `"<div id="ikun-ui-tour"></div><div id="ikun-ui-tour2"></div><div id="ikun-ui-tour3"></div>"`;

exports[`Test: KTour > events: finish 1`] = `"<div id="ikun-ui-tour"></div><div id="ikun-ui-tour2"></div><div id="ikun-ui-tour3"></div>"`;

exports[`Test: KTour > props: closeIcon 1`] = `"<div id="ikun-ui-tour"><div aria-hidden="true" class="flex" data-popover-trigger="" style="width: 0px; height: 0px; position: fixed; top: 0px; left: 0px; transform: translate(0, 0); z-index: -9999;"></div></div><div id="ikun-ui-tour2"></div><div id="ikun-ui-tour3"></div><div class="k-tour" style="background-color: transparent; z-index: 1001; width: 8px; height: 8px;"> <div class="k-popover--base k-popover--base__top k-popover--base__top__dark k-popover--base__dark svelte-13arsd0" data-popper-placement="top" aria-hidden="true" style="position: fixed; left: 0px; top: 0px; margin: 0px; animation: __svelte_3896445108_0 200ms linear 0ms 1 both; bottom: 8px;" data-popper-reference-hidden="" data-popper-escaped=""><div slot="contentEl" class="k-tour-content"><div class="k-tour-header"> <div class="k-tour-close" role="button" aria-hidden="true"><span class="k-icon--base k-icon--base__dark k-icon-transition i-custom-icon" role="" aria-hidden="true"></span></div></div> <div class="k-tour-body"></div> <div class="k-tour-footer"><div class="k-indicators k-tour-indicators"><div role="button" class="k-indicators-item k-indicators-item--active" aria-hidden="true"></div></div> <div class="k-tour-btn"><button style="border-radius: 4px; font-size: 12px;" class="k-button k-button--base k-button--info__ghost k-button--info__ghost--dark k-button--info__active k-button--info__focus k-button--sm k-button--info__border" aria-hidden="true">  prev </button> <button style="border-radius: 4px; font-size: 12px;" class="k-button k-button--base k-button--primary__fill k-button--primary__hover__fill k-button--primary__active k-button--primary__focus k-button--sm" aria-hidden="true">  finish </button></div></div></div> <div k-popover-arrow="true" class="svelte-13arsd0" data-popper-arrow-top=""></div></div></div>"`;

exports[`Test: KTour > props: cls 1`] = `"<div id="ikun-ui-tour"><div aria-hidden="true" class="flex" data-popover-trigger="" style="width: 0px; height: 0px; position: fixed; top: 0px; left: 0px; transform: translate(0, 0);"></div></div><div id="ikun-ui-tour2"></div><div id="ikun-ui-tour3"></div><div class="k-tour k-tour-mask k-tour--test" style="background-color: transparent; z-index: 1001; width: 8px; height: 8px; border-left-width: 0px; border-top-width: 0px; border-bottom-width: 16px; border-right-width: 16px;"> <div class="k-popover--base k-popover--base__top k-popover--base__top__dark k-popover--base__dark svelte-13arsd0" data-popper-placement="top" aria-hidden="true" style="position: fixed; left: 0px; top: 0px; margin: 0px; animation: __svelte_3896445108_0 200ms linear 0ms 1 both; bottom: 8px;" data-popper-reference-hidden="" data-popper-escaped=""><div slot="contentEl" class="k-tour-content"><div class="k-tour-header"> <div class="k-tour-close" role="button" aria-hidden="true"><span class="k-icon--base k-icon--base__dark k-icon-transition i-carbon-close" role="" aria-hidden="true"></span></div></div> <div class="k-tour-body"></div> <div class="k-tour-footer"><div class="k-indicators k-tour-indicators"><div role="button" class="k-indicators-item k-indicators-item--active" aria-hidden="true"></div></div> <div class="k-tour-btn"><button style="border-radius: 4px; font-size: 12px;" class="k-button k-button--base k-button--info__ghost k-button--info__ghost--dark k-button--info__active k-button--info__focus k-button--sm k-button--info__border" aria-hidden="true">  prev </button> <button style="border-radius: 4px; font-size: 12px;" class="k-button k-button--base k-button--primary__fill k-button--primary__hover__fill k-button--primary__active k-button--primary__focus k-button--sm" aria-hidden="true">  finish </button></div></div></div> <div k-popover-arrow="true" class="svelte-13arsd0" data-popper-arrow-top=""></div></div></div>"`;

exports[`Test: KTour > props: current 1`] = `"<div id="ikun-ui-tour"></div><div id="ikun-ui-tour2"><div aria-hidden="true" class="flex" data-popover-trigger="" style="width: 0px; height: 0px; position: fixed; top: 0px; left: 0px; transform: translate(0, 0);"></div></div><div id="ikun-ui-tour3"></div><div class="k-tour k-tour-mask" style="background-color: transparent; z-index: 1001; width: 8px; height: 8px; border-left-width: 0px; border-top-width: 0px; border-bottom-width: 16px; border-right-width: 16px;"> <div class="k-popover--base k-popover--base__top k-popover--base__top__dark k-popover--base__dark svelte-13arsd0" data-popper-placement="top" aria-hidden="true" style="position: fixed; left: 0px; top: 0px; margin: 0px; animation: __svelte_3896445108_0 200ms linear 0ms 1 both; bottom: 8px;" data-popper-reference-hidden="" data-popper-escaped=""><div slot="contentEl" class="k-tour-content"><div class="k-tour-header"> <div class="k-tour-close" role="button" aria-hidden="true"><span class="k-icon--base k-icon--base__dark k-icon-transition i-carbon-close" role="" aria-hidden="true"></span></div></div> <div class="k-tour-body"></div> <div class="k-tour-footer"><div class="k-indicators k-tour-indicators"><div role="button" class="k-indicators-item" aria-hidden="true"></div><div role="button" class="k-indicators-item k-indicators-item--active" aria-hidden="true"></div></div> <div class="k-tour-btn"><button style="border-radius: 4px; font-size: 12px;" class="k-button k-button--base k-button--info__ghost k-button--info__ghost--dark k-button--info__active k-button--info__focus k-button--sm k-button--info__border" aria-hidden="true">  prev </button> <button style="border-radius: 4px; font-size: 12px;" class="k-button k-button--base k-button--primary__fill k-button--primary__hover__fill k-button--primary__active k-button--primary__focus k-button--sm" aria-hidden="true">  finish </button></div></div></div> <div k-popover-arrow="true" class="svelte-13arsd0" data-popper-arrow-top=""></div></div></div>"`;

exports[`Test: KTour > props: mask 1`] = `"<div id="ikun-ui-tour"><div aria-hidden="true" class="flex" data-popover-trigger="" style="width: 0px; height: 0px; position: fixed; top: 0px; left: 0px; transform: translate(0, 0); z-index: -9999;"></div></div><div id="ikun-ui-tour2"></div><div id="ikun-ui-tour3"></div><div class="k-tour" style="background-color: transparent; z-index: 1001; width: 8px; height: 8px;"> <div class="k-popover--base k-popover--base__top k-popover--base__top__dark k-popover--base__dark svelte-13arsd0" data-popper-placement="top" aria-hidden="true" style="position: fixed; left: 0px; top: 0px; margin: 0px; animation: __svelte_3896445108_0 200ms linear 0ms 1 both; bottom: 8px;" data-popper-reference-hidden="" data-popper-escaped=""><div slot="contentEl" class="k-tour-content"><div class="k-tour-header"> <div class="k-tour-close" role="button" aria-hidden="true"><span class="k-icon--base k-icon--base__dark k-icon-transition i-carbon-close" role="" aria-hidden="true"></span></div></div> <div class="k-tour-body"></div> <div class="k-tour-footer"><div class="k-indicators k-tour-indicators"><div role="button" class="k-indicators-item k-indicators-item--active" aria-hidden="true"></div></div> <div class="k-tour-btn"><button style="border-radius: 4px; font-size: 12px;" class="k-button k-button--base k-button--info__ghost k-button--info__ghost--dark k-button--info__active k-button--info__focus k-button--sm k-button--info__border" aria-hidden="true">  prev </button> <button style="border-radius: 4px; font-size: 12px;" class="k-button k-button--base k-button--primary__fill k-button--primary__hover__fill k-button--primary__active k-button--primary__focus k-button--sm" aria-hidden="true">  finish </button></div></div></div> <div k-popover-arrow="true" class="svelte-13arsd0" data-popper-arrow-top=""></div></div></div>"`;

exports[`Test: KTour > props: open 1`] = `"<div id="ikun-ui-tour"></div><div id="ikun-ui-tour2"></div><div id="ikun-ui-tour3"></div> <button>111</button> <button>222</button> <button id="bwsy_trigger">trigger</button>"`;

exports[`Test: KTour > props: open 2`] = `"<div id="ikun-ui-tour"></div><div id="ikun-ui-tour2"></div><div id="ikun-ui-tour3"></div><div class="k-tour k-tour-mask" style="background-color: transparent; z-index: 1001; width: 8px; height: 8px; border-left-width: 0px; border-top-width: 0px; border-bottom-width: 16px; border-right-width: 16px;"> <div class="k-popover--base k-popover--base__top k-popover--base__top__dark k-popover--base__dark svelte-13arsd0" data-popper-placement="top" aria-hidden="true" style="position: fixed; left: 0px; top: 0px; margin: 0px; animation: __svelte_3896445108_0 200ms linear 0ms 1 both; bottom: 8px;" data-popper-reference-hidden="" data-popper-escaped=""><div slot="contentEl" class="k-tour-content"><div class="k-tour-header"><span>custom-title</span> <div class="k-tour-close" role="button" aria-hidden="true"><span class="k-icon--base k-icon--base__dark k-icon-transition i-carbon-close" role="" aria-hidden="true"></span></div></div> <div class="k-tour-body"></div> <div class="k-tour-footer"><div class="k-indicators k-tour-indicators"><div role="button" class="k-indicators-item" aria-hidden="true"></div><div role="button" class="k-indicators-item k-indicators-item--active" aria-hidden="true"></div></div> <div class="k-tour-btn"><button style="border-radius: 4px; font-size: 12px;" class="k-button k-button--base k-button--info__ghost k-button--info__ghost--dark k-button--info__active k-button--info__focus k-button--sm k-button--info__border" aria-hidden="true">  prev </button> <button style="border-radius: 4px; font-size: 12px;" class="k-button k-button--base k-button--primary__fill k-button--primary__hover__fill k-button--primary__active k-button--primary__focus k-button--sm" aria-hidden="true">  finish </button></div></div></div> <div k-popover-arrow="true" class="svelte-13arsd0" data-popper-arrow-top=""></div></div></div> <button>111</button> <button>222<div aria-hidden="true" class="flex" data-popover-trigger="" style="width: 0px; height: 0px; position: fixed; top: 0px; left: 0px; transform: translate(0, 0);"></div></button> <button id="bwsy_trigger">trigger</button>"`;

exports[`Test: KTour > props: prevBtnText & nextBtnText 1`] = `"<div id="ikun-ui-tour"><div aria-hidden="true" class="flex" data-popover-trigger="" style="width: 0px; height: 0px; position: fixed; top: 0px; left: 0px; transform: translate(0, 0); z-index: -9999;"></div></div><div id="ikun-ui-tour2"></div><div id="ikun-ui-tour3"></div><div class="k-tour" style="background-color: transparent; z-index: 1001; width: 8px; height: 8px;"> <div class="k-popover--base k-popover--base__top k-popover--base__top__dark k-popover--base__dark svelte-13arsd0" data-popper-placement="top" aria-hidden="true" style="position: fixed; left: 0px; top: 0px; margin: 0px; animation: __svelte_3896445108_0 200ms linear 0ms 1 both; bottom: 8px;" data-popper-reference-hidden="" data-popper-escaped=""><div slot="contentEl" class="k-tour-content"><div class="k-tour-header"> <div class="k-tour-close" role="button" aria-hidden="true"><span class="k-icon--base k-icon--base__dark k-icon-transition i-carbon-close" role="" aria-hidden="true"></span></div></div> <div class="k-tour-body"></div> <div class="k-tour-footer"><div class="k-indicators k-tour-indicators"><div role="button" class="k-indicators-item k-indicators-item--active" aria-hidden="true"></div><div role="button" class="k-indicators-item" aria-hidden="true"></div></div> <div class="k-tour-btn"><button style="border-radius: 4px; font-size: 12px;" class="k-button k-button--base k-button--info__ghost k-button--info__ghost--dark k-button--info__active k-button--info__focus k-button--sm k-button--info__border" aria-hidden="true">  上一步 </button> <button style="border-radius: 4px; font-size: 12px;" class="k-button k-button--base k-button--primary__fill k-button--primary__hover__fill k-button--primary__active k-button--primary__focus k-button--sm" aria-hidden="true">  下一步 </button></div></div></div> <div k-popover-arrow="true" class="svelte-13arsd0" data-popper-arrow-top=""></div></div></div>"`;

exports[`Test: KTour > props: steps 1`] = `"<div id="ikun-ui-tour"><div aria-hidden="true" class="flex" data-popover-trigger="" style="width: 0px; height: 0px; position: fixed; top: 0px; left: 0px; transform: translate(0, 0);"></div></div><div id="ikun-ui-tour2"></div><div id="ikun-ui-tour3"></div><div class="k-tour k-tour-mask" style="background-color: transparent; z-index: 1001; width: 8px; height: 8px; border-left-width: 0px; border-top-width: 0px; border-bottom-width: 16px; border-right-width: 16px;"> <div class="k-popover--base k-popover--base__top k-popover--base__top__dark k-popover--base__dark svelte-13arsd0" data-popper-placement="top" aria-hidden="true" style="position: fixed; left: 0px; top: 0px; margin: 0px; animation: __svelte_3896445108_0 200ms linear 0ms 1 both; bottom: 8px;" data-popper-reference-hidden="" data-popper-escaped=""><div slot="contentEl" class="k-tour-content"><div class="k-tour-header"><span>ikun-ui title</span> <div class="k-tour-close" role="button" aria-hidden="true"><span class="k-icon--base k-icon--base__dark k-icon-transition i-carbon-close" role="" aria-hidden="true"></span></div></div> <div class="k-tour-body"><span>ikun-ui description</span></div> <div class="k-tour-footer"><div class="k-indicators k-tour-indicators"><div role="button" class="k-indicators-item k-indicators-item--active" aria-hidden="true"></div></div> <div class="k-tour-btn"><button style="border-radius: 4px; font-size: 12px;" class="k-button k-button--base k-button--info__ghost k-button--info__ghost--dark k-button--info__active k-button--info__focus k-button--sm k-button--info__border" aria-hidden="true">  prev </button> <button style="border-radius: 4px; font-size: 12px;" class="k-button k-button--base k-button--primary__fill k-button--primary__hover__fill k-button--primary__active k-button--primary__focus k-button--sm" aria-hidden="true">  finish </button></div></div></div> <div k-popover-arrow="true" class="svelte-13arsd0" data-popper-arrow-top=""></div></div></div>"`;

exports[`Test: KTour > props: zIndex 1`] = `"<div id="ikun-ui-tour"><div aria-hidden="true" class="flex" data-popover-trigger="" style="width: 0px; height: 0px; position: fixed; top: 0px; left: 0px; transform: translate(0, 0); z-index: -9999;"></div></div><div id="ikun-ui-tour2"></div><div id="ikun-ui-tour3"></div><div class="k-tour" style="background-color: transparent; z-index: 2077; width: 8px; height: 8px;"> <div class="k-popover--base k-popover--base__top k-popover--base__top__dark k-popover--base__dark svelte-13arsd0" data-popper-placement="top" aria-hidden="true" style="position: fixed; left: 0px; top: 0px; margin: 0px; animation: __svelte_3896445108_0 200ms linear 0ms 1 both; bottom: 8px;" data-popper-reference-hidden="" data-popper-escaped=""><div slot="contentEl" class="k-tour-content"><div class="k-tour-header"> <div class="k-tour-close" role="button" aria-hidden="true"><span class="k-icon--base k-icon--base__dark k-icon-transition i-carbon-close" role="" aria-hidden="true"></span></div></div> <div class="k-tour-body"></div> <div class="k-tour-footer"><div class="k-indicators k-tour-indicators"><div role="button" class="k-indicators-item k-indicators-item--active" aria-hidden="true"></div></div> <div class="k-tour-btn"><button style="border-radius: 4px; font-size: 12px;" class="k-button k-button--base k-button--info__ghost k-button--info__ghost--dark k-button--info__active k-button--info__focus k-button--sm k-button--info__border" aria-hidden="true">  prev </button> <button style="border-radius: 4px; font-size: 12px;" class="k-button k-button--base k-button--primary__fill k-button--primary__hover__fill k-button--primary__active k-button--primary__focus k-button--sm" aria-hidden="true">  finish </button></div></div></div> <div k-popover-arrow="true" class="svelte-13arsd0" data-popper-arrow-top=""></div></div></div>"`;

exports[`Test: KTour > props: zIndex 2`] = `"<div id="ikun-ui-tour"><div aria-hidden="true" class="flex" data-popover-trigger="" style="width: 0px; height: 0px; position: fixed; top: 0px; left: 0px; transform: translate(0, 0); z-index: -9999;"></div></div><div id="ikun-ui-tour2"></div><div id="ikun-ui-tour3"></div><div class="k-tour" style="background-color: transparent; z-index: 2077; width: 8px; height: 8px;"> <div class="k-popover--base k-popover--base__top k-popover--base__top__dark k-popover--base__dark svelte-13arsd0" data-popper-placement="top" aria-hidden="true" style="position: fixed; left: 0px; top: 0px; margin: 0px; animation: __svelte_3896445108_0 200ms linear 0ms 1 both; bottom: 8px;" data-popper-reference-hidden="" data-popper-escaped=""><div slot="contentEl" class="k-tour-content"><div class="k-tour-header"> <div class="k-tour-close" role="button" aria-hidden="true"><span class="k-icon--base k-icon--base__dark k-icon-transition i-carbon-close" role="" aria-hidden="true"></span></div></div> <div class="k-tour-body"></div> <div class="k-tour-footer"><div class="k-indicators k-tour-indicators"><div role="button" class="k-indicators-item k-indicators-item--active" aria-hidden="true"></div></div> <div class="k-tour-btn"><button style="border-radius: 4px; font-size: 12px;" class="k-button k-button--base k-button--info__ghost k-button--info__ghost--dark k-button--info__active k-button--info__focus k-button--sm k-button--info__border" aria-hidden="true">  prev </button> <button style="border-radius: 4px; font-size: 12px;" class="k-button k-button--base k-button--primary__fill k-button--primary__hover__fill k-button--primary__active k-button--primary__focus k-button--sm" aria-hidden="true">  finish </button></div></div></div> <div k-popover-arrow="true" class="svelte-13arsd0" data-popper-arrow-top=""></div></div></div>"`;

exports[`Test: KTour > slots: closeIcon 1`] = `"<div id="ikun-ui-tour"></div><div id="ikun-ui-tour2"></div><div id="ikun-ui-tour3"></div><div class="k-tour" style="background-color: transparent; z-index: 1001; width: 8px; height: 8px;"> <div class="k-popover--base k-popover--base__top k-popover--base__top__dark k-popover--base__dark svelte-13arsd0" data-popper-placement="top" aria-hidden="true" style="position: fixed; left: 0px; top: 0px; margin: 0px; animation: __svelte_3896445108_0 200ms linear 0ms 1 both; bottom: 8px;" data-popper-reference-hidden="" data-popper-escaped=""><div slot="contentEl" class="k-tour-content"><div class="k-tour-header"><span>custom-title</span> <div slot="closeIcon" id="bwsy" aria-hidden="true">custom close</div></div> <div class="k-tour-body"></div> <div class="k-tour-footer"><div class="k-indicators k-tour-indicators"><div role="button" class="k-indicators-item" aria-hidden="true"></div><div role="button" class="k-indicators-item k-indicators-item--active" aria-hidden="true"></div></div> <div class="k-tour-btn"><button style="border-radius: 4px; font-size: 12px;" class="k-button k-button--base k-button--info__ghost k-button--info__ghost--dark k-button--info__active k-button--info__focus k-button--sm k-button--info__border" aria-hidden="true">  prev </button> <button style="border-radius: 4px; font-size: 12px;" class="k-button k-button--base k-button--primary__fill k-button--primary__hover__fill k-button--primary__active k-button--primary__focus k-button--sm" aria-hidden="true">  finish </button></div></div></div> <div k-popover-arrow="true" class="svelte-13arsd0" data-popper-arrow-top=""></div></div></div> <div class="w-full h-2000px fcc"><button>111</button> <button>222<div aria-hidden="true" class="flex" data-popover-trigger="" style="width: 0px; height: 0px; position: fixed; top: 0px; left: 0px; transform: translate(0, 0); z-index: -9999;"></div></button></div>"`;

exports[`Test: KTour > slots: closeIcon 2`] = `"<div id="ikun-ui-tour"></div><div id="ikun-ui-tour2"></div><div id="ikun-ui-tour3"></div> <div class="w-full h-2000px fcc"><button>111</button> <button>222</button></div>"`;

exports[`Test: KTour > slots: description 1`] = `"<div id="ikun-ui-tour"></div><div id="ikun-ui-tour2"></div><div id="ikun-ui-tour3"></div><div class="k-tour" style="background-color: transparent; z-index: 1001; width: 8px; height: 8px;"> <div class="k-popover--base k-popover--base__top k-popover--base__top__dark k-popover--base__dark svelte-13arsd0" data-popper-placement="top" aria-hidden="true" style="position: fixed; left: 0px; top: 0px; margin: 0px; animation: __svelte_3896445108_0 200ms linear 0ms 1 both; bottom: 8px;" data-popper-reference-hidden="" data-popper-escaped=""><div slot="contentEl" class="k-tour-content"><div class="k-tour-header"><span>custom-title</span> <div class="k-tour-close" role="button" aria-hidden="true"><span class="k-icon--base k-icon--base__dark k-icon-transition i-carbon-close" role="" aria-hidden="true"></span></div></div> <div class="k-tour-body"><div slot="description">1-custom-description</div></div> <div class="k-tour-footer"><div class="k-indicators k-tour-indicators"><div role="button" class="k-indicators-item" aria-hidden="true"></div><div role="button" class="k-indicators-item k-indicators-item--active" aria-hidden="true"></div></div> <div class="k-tour-btn"><button style="border-radius: 4px; font-size: 12px;" class="k-button k-button--base k-button--info__ghost k-button--info__ghost--dark k-button--info__active k-button--info__focus k-button--sm k-button--info__border" aria-hidden="true">  prev </button> <button style="border-radius: 4px; font-size: 12px;" class="k-button k-button--base k-button--primary__fill k-button--primary__hover__fill k-button--primary__active k-button--primary__focus k-button--sm" aria-hidden="true">  finish </button></div></div></div> <div k-popover-arrow="true" class="svelte-13arsd0" data-popper-arrow-top=""></div></div></div> <div class="w-full h-2000px fcc"><button>111</button> <button>222<div aria-hidden="true" class="flex" data-popover-trigger="" style="width: 0px; height: 0px; position: fixed; top: 0px; left: 0px; transform: translate(0, 0); z-index: -9999;"></div></button></div>"`;

exports[`Test: KTour > slots: footer 1`] = `"<div id="ikun-ui-tour"></div><div id="ikun-ui-tour2"></div><div id="ikun-ui-tour3"></div><div class="k-tour" style="background-color: transparent; z-index: 1001; width: 8px; height: 8px;"> <div class="k-popover--base k-popover--base__top k-popover--base__top__dark k-popover--base__dark svelte-13arsd0" data-popper-placement="top" aria-hidden="true" style="position: fixed; left: 0px; top: 0px; margin: 0px; animation: __svelte_3896445108_0 200ms linear 0ms 1 both; bottom: 8px;" data-popper-reference-hidden="" data-popper-escaped=""><div slot="contentEl" class="k-tour-content"><div class="k-tour-header"><span>custom-title</span> <div class="k-tour-close" role="button" aria-hidden="true"><span class="k-icon--base k-icon--base__dark k-icon-transition i-carbon-close" role="" aria-hidden="true"></span></div></div> <div class="k-tour-body"></div> <div slot="footer"><button id="bwsy_prev">上一步1</button> <button id="bwsy_next">下一步1</button></div></div> <div k-popover-arrow="true" class="svelte-13arsd0" data-popper-arrow-top=""></div></div></div> <div class="w-full h-2000px fcc"><button>111</button> <button>222<div aria-hidden="true" class="flex" data-popover-trigger="" style="width: 0px; height: 0px; position: fixed; top: 0px; left: 0px; transform: translate(0, 0); z-index: -9999;"></div></button></div>"`;

exports[`Test: KTour > slots: footer 2`] = `"<div id="ikun-ui-tour"></div><div id="ikun-ui-tour2"></div><div id="ikun-ui-tour3"></div><div class="k-tour" style="background-color: transparent; z-index: 1001; width: 8px; height: 8px;"> <div class="k-popover--base k-popover--base__top k-popover--base__top__dark k-popover--base__dark svelte-13arsd0" data-popper-placement="top" aria-hidden="true" style="position: fixed; left: 0px; top: 0px; margin: 0px; animation: __svelte_3896445108_0 200ms linear 0ms 1 both; bottom: 8px;" data-popper-reference-hidden="" data-popper-escaped=""><div slot="contentEl" class="k-tour-content"><div class="k-tour-header"><span>111111111111111111</span> <div class="k-tour-close" role="button" aria-hidden="true"><span class="k-icon--base k-icon--base__dark k-icon-transition i-carbon-close" role="" aria-hidden="true"></span></div></div> <div class="k-tour-body"></div> <div slot="footer"><button id="bwsy_prev">上一步0</button> <button id="bwsy_next">下一步0</button></div></div> <div k-popover-arrow="true" class="svelte-13arsd0" data-popper-arrow-top=""></div></div></div> <div class="w-full h-2000px fcc"><button>111<div aria-hidden="true" class="flex" data-popover-trigger="" style="width: 0px; height: 0px; position: fixed; top: 0px; left: 0px; transform: translate(0, 0); z-index: -9999;"></div></button> <button>222</button></div>"`;

exports[`Test: KTour > slots: footer 3`] = `"<div id="ikun-ui-tour"></div><div id="ikun-ui-tour2"></div><div id="ikun-ui-tour3"></div><div class="k-tour" style="background-color: transparent; z-index: 1001; width: 8px; height: 8px;"> <div class="k-popover--base k-popover--base__top k-popover--base__top__dark k-popover--base__dark svelte-13arsd0" data-popper-placement="top" aria-hidden="true" style="position: fixed; left: 0px; top: 0px; margin: 0px; animation: __svelte_3896445108_0 200ms linear 0ms 1 both; bottom: 8px;" data-popper-reference-hidden="" data-popper-escaped=""><div slot="contentEl" class="k-tour-content"><div class="k-tour-header"><span>custom-title</span> <div class="k-tour-close" role="button" aria-hidden="true"><span class="k-icon--base k-icon--base__dark k-icon-transition i-carbon-close" role="" aria-hidden="true"></span></div></div> <div class="k-tour-body"></div> <div slot="footer"><button id="bwsy_prev">上一步1</button> <button id="bwsy_next">下一步1</button></div></div> <div k-popover-arrow="true" class="svelte-13arsd0" data-popper-arrow-top=""></div></div></div> <div class="w-full h-2000px fcc"><button>111</button> <button>222<div aria-hidden="true" class="flex" data-popover-trigger="" style="width: 0px; height: 0px; position: fixed; top: 0px; left: 0px; transform: translate(0, 0); z-index: -9999;"></div></button></div>"`;

exports[`Test: KTour > slots: indicators 1`] = `"<div id="ikun-ui-tour"></div><div id="ikun-ui-tour2"></div><div id="ikun-ui-tour3"></div><div class="k-tour" style="background-color: transparent; z-index: 1001; width: 8px; height: 8px;"> <div class="k-popover--base k-popover--base__top k-popover--base__top__dark k-popover--base__dark svelte-13arsd0" data-popper-placement="top" aria-hidden="true" style="position: fixed; left: 0px; top: 0px; margin: 0px; animation: __svelte_3896445108_0 200ms linear 0ms 1 both; bottom: 8px;" data-popper-reference-hidden="" data-popper-escaped=""><div slot="contentEl" class="k-tour-content"><div class="k-tour-header"><span>custom-title</span> <div class="k-tour-close" role="button" aria-hidden="true"><span class="k-icon--base k-icon--base__dark k-icon-transition i-carbon-close" role="" aria-hidden="true"></span></div></div> <div class="k-tour-body"></div> <div class="k-tour-footer"><div slot="indicators">indicators-1</div> <div class="k-tour-btn"><button style="border-radius: 4px; font-size: 12px;" class="k-button k-button--base k-button--info__ghost k-button--info__ghost--dark k-button--info__active k-button--info__focus k-button--sm k-button--info__border" aria-hidden="true">  prev </button> <button style="border-radius: 4px; font-size: 12px;" class="k-button k-button--base k-button--primary__fill k-button--primary__hover__fill k-button--primary__active k-button--primary__focus k-button--sm" aria-hidden="true">  finish </button></div></div></div> <div k-popover-arrow="true" class="svelte-13arsd0" data-popper-arrow-top=""></div></div></div> <div class="w-full h-2000px fcc"><button>111</button> <button>222<div aria-hidden="true" class="flex" data-popover-trigger="" style="width: 0px; height: 0px; position: fixed; top: 0px; left: 0px; transform: translate(0, 0); z-index: -9999;"></div></button></div>"`;

exports[`Test: KTour > slots: nextButton & prevButton 1`] = `"<div id="ikun-ui-tour"></div><div id="ikun-ui-tour2"></div><div id="ikun-ui-tour3"></div><div class="k-tour" style="background-color: transparent; z-index: 1001; width: 8px; height: 8px;"> <div class="k-popover--base k-popover--base__top k-popover--base__top__dark k-popover--base__dark svelte-13arsd0" data-popper-placement="top" aria-hidden="true" style="position: fixed; left: 0px; top: 0px; margin: 0px; animation: __svelte_3896445108_0 200ms linear 0ms 1 both; bottom: 8px;" data-popper-reference-hidden="" data-popper-escaped=""><div slot="contentEl" class="k-tour-content"><div class="k-tour-header"><span>custom-title</span> <div class="k-tour-close" role="button" aria-hidden="true"><span class="k-icon--base k-icon--base__dark k-icon-transition i-carbon-close" role="" aria-hidden="true"></span></div></div> <div class="k-tour-body"></div> <div class="k-tour-footer"><div class="k-indicators k-tour-indicators"><div role="button" class="k-indicators-item" aria-hidden="true"></div><div role="button" class="k-indicators-item k-indicators-item--active" aria-hidden="true"></div></div> <div class="k-tour-btn"><button slot="prevButton" id="bwsy_prev">上一步</button> <button slot="nextButton" id="bwsy_next">下一步</button></div></div></div> <div k-popover-arrow="true" class="svelte-13arsd0" data-popper-arrow-top=""></div></div></div> <div class="w-full h-2000px fcc"><button>111</button> <button>222<div aria-hidden="true" class="flex" data-popover-trigger="" style="width: 0px; height: 0px; position: fixed; top: 0px; left: 0px; transform: translate(0, 0); z-index: -9999;"></div></button></div>"`;

exports[`Test: KTour > slots: nextButton & prevButton 2`] = `"<div id="ikun-ui-tour"></div><div id="ikun-ui-tour2"></div><div id="ikun-ui-tour3"></div><div class="k-tour" style="background-color: transparent; z-index: 1001; width: 8px; height: 8px;"> <div class="k-popover--base k-popover--base__top k-popover--base__top__dark k-popover--base__dark svelte-13arsd0" data-popper-placement="top" aria-hidden="true" style="position: fixed; left: 0px; top: 0px; margin: 0px; animation: __svelte_3896445108_0 200ms linear 0ms 1 both; bottom: 8px;" data-popper-reference-hidden="" data-popper-escaped=""><div slot="contentEl" class="k-tour-content"><div class="k-tour-header"><span>111111111111111111</span> <div class="k-tour-close" role="button" aria-hidden="true"><span class="k-icon--base k-icon--base__dark k-icon-transition i-carbon-close" role="" aria-hidden="true"></span></div></div> <div class="k-tour-body"></div> <div class="k-tour-footer"><div class="k-indicators k-tour-indicators"><div role="button" class="k-indicators-item k-indicators-item--active" aria-hidden="true"></div><div role="button" class="k-indicators-item" aria-hidden="true"></div></div> <div class="k-tour-btn"><button slot="prevButton" id="bwsy_prev">上一步</button> <button slot="nextButton" id="bwsy_next">下一步</button></div></div></div> <div k-popover-arrow="true" class="svelte-13arsd0" data-popper-arrow-top=""></div></div></div> <div class="w-full h-2000px fcc"><button>111<div aria-hidden="true" class="flex" data-popover-trigger="" style="width: 0px; height: 0px; position: fixed; top: 0px; left: 0px; transform: translate(0, 0); z-index: -9999;"></div></button> <button>222</button></div>"`;

exports[`Test: KTour > slots: nextButton & prevButton 3`] = `"<div id="ikun-ui-tour"></div><div id="ikun-ui-tour2"></div><div id="ikun-ui-tour3"></div><div class="k-tour" style="background-color: transparent; z-index: 1001; width: 8px; height: 8px;"> <div class="k-popover--base k-popover--base__top k-popover--base__top__dark k-popover--base__dark svelte-13arsd0" data-popper-placement="top" aria-hidden="true" style="position: fixed; left: 0px; top: 0px; margin: 0px; animation: __svelte_3896445108_0 200ms linear 0ms 1 both; bottom: 8px;" data-popper-reference-hidden="" data-popper-escaped=""><div slot="contentEl" class="k-tour-content"><div class="k-tour-header"><span>custom-title</span> <div class="k-tour-close" role="button" aria-hidden="true"><span class="k-icon--base k-icon--base__dark k-icon-transition i-carbon-close" role="" aria-hidden="true"></span></div></div> <div class="k-tour-body"></div> <div class="k-tour-footer"><div class="k-indicators k-tour-indicators"><div role="button" class="k-indicators-item" aria-hidden="true"></div><div role="button" class="k-indicators-item k-indicators-item--active" aria-hidden="true"></div></div> <div class="k-tour-btn"><button slot="prevButton" id="bwsy_prev">上一步</button> <button slot="nextButton" id="bwsy_next">下一步</button></div></div></div> <div k-popover-arrow="true" class="svelte-13arsd0" data-popper-arrow-top=""></div></div></div> <div class="w-full h-2000px fcc"><button>111</button> <button>222<div aria-hidden="true" class="flex" data-popover-trigger="" style="width: 0px; height: 0px; position: fixed; top: 0px; left: 0px; transform: translate(0, 0); z-index: -9999;"></div></button></div>"`;

exports[`Test: KTour > slots: title 1`] = `"<div id="ikun-ui-tour"></div><div id="ikun-ui-tour2"></div><div id="ikun-ui-tour3"></div><div class="k-tour" style="background-color: transparent; z-index: 1001; width: 8px; height: 8px;"> <div class="k-popover--base k-popover--base__top k-popover--base__top__dark k-popover--base__dark svelte-13arsd0" data-popper-placement="top" aria-hidden="true" style="position: fixed; left: 0px; top: 0px; margin: 0px; animation: __svelte_3896445108_0 200ms linear 0ms 1 both; bottom: 8px;" data-popper-reference-hidden="" data-popper-escaped=""><div slot="contentEl" class="k-tour-content"><div class="k-tour-header"><div slot="title">1-custom-title</div> <div class="k-tour-close" role="button" aria-hidden="true"><span class="k-icon--base k-icon--base__dark k-icon-transition i-carbon-close" role="" aria-hidden="true"></span></div></div> <div class="k-tour-body"></div> <div class="k-tour-footer"><div class="k-indicators k-tour-indicators"><div role="button" class="k-indicators-item" aria-hidden="true"></div><div role="button" class="k-indicators-item k-indicators-item--active" aria-hidden="true"></div></div> <div class="k-tour-btn"><button style="border-radius: 4px; font-size: 12px;" class="k-button k-button--base k-button--info__ghost k-button--info__ghost--dark k-button--info__active k-button--info__focus k-button--sm k-button--info__border" aria-hidden="true">  prev </button> <button style="border-radius: 4px; font-size: 12px;" class="k-button k-button--base k-button--primary__fill k-button--primary__hover__fill k-button--primary__active k-button--primary__focus k-button--sm" aria-hidden="true">  finish </button></div></div></div> <div k-popover-arrow="true" class="svelte-13arsd0" data-popper-arrow-top=""></div></div></div> <div class="w-full h-2000px fcc"><button>111</button> <button>222<div aria-hidden="true" class="flex" data-popover-trigger="" style="width: 0px; height: 0px; position: fixed; top: 0px; left: 0px; transform: translate(0, 0); z-index: -9999;"></div></button></div>"`;
