// Vitest Snapshot v1, https://vitest.dev/guide/snapshot.html

exports[`Test: KModal > options: footer 1`] = `"<div class=\\"k-mask--base\\" style=\\"top: 0px; left: 0px; width: 100%; height: 100%; position: fixed;\\"><div class=\\"k-modal--base k-modal--base__dark\\"><div class=\\"k-modal--header\\"><span class=\\"k-modal--header--title k-modal--header--title__dark\\">🐔</span> <span class=\\"k-icon--base k-icon--role-button k-icon-transition i-carbon-close k-modal--header--icon__hover\\" role=\\"button\\" aria-hidden=\\"true\\" style=\\"width: 24px; height: 24px;\\"></span></div> <div class=\\"k-modal--body\\"></div> <div class=\\"k-modal--footer justify-center\\"><button style=\\"border-radius: 4px; font-size: 16px;\\" class=\\"k-button k-button--base k-button--info__fill k-button--info__hover__fill k-button--info__active k-button--info__focus k-modal--footer--btn\\" aria-hidden=\\"true\\">  Cancel </button> <button style=\\"border-radius: 4px; font-size: 16px;\\" class=\\"k-button k-button--base k-button--primary__fill k-button--primary__hover__fill k-button--primary__active k-button--primary__focus k-modal--footer--btn\\" aria-hidden=\\"true\\">  Confirm </button></div></div></div>"`;

exports[`Test: KModal > options: layout & center 1`] = `"<div class=\\"k-mask--base\\" style=\\"top: 0px; left: 0px; width: 100%; height: 100%; position: fixed;\\"><div class=\\"k-modal--base k-modal--base__dark\\"><div class=\\"k-modal--header\\"><span class=\\"k-modal--header--title k-modal--header--title__dark\\">🐔</span> <span class=\\"k-icon--base k-icon--role-button k-icon-transition i-carbon-close k-modal--header--icon__hover\\" role=\\"button\\" aria-hidden=\\"true\\" style=\\"width: 24px; height: 24px;\\"></span></div> <div class=\\"k-modal--body\\"></div> <div class=\\"k-modal--footer justify-center\\"><button style=\\"border-radius: 4px; font-size: 16px;\\" class=\\"k-button k-button--base k-button--info__fill k-button--info__hover__fill k-button--info__active k-button--info__focus k-modal--footer--btn\\" aria-hidden=\\"true\\">  Cancel </button> <button style=\\"border-radius: 4px; font-size: 16px;\\" class=\\"k-button k-button--base k-button--primary__fill k-button--primary__hover__fill k-button--primary__active k-button--primary__focus k-modal--footer--btn\\" aria-hidden=\\"true\\">  Confirm </button></div></div></div>"`;

exports[`Test: KModal > options: layout & right 1`] = `"<div class=\\"k-mask--base\\" style=\\"top: 0px; left: 0px; width: 100%; height: 100%; position: fixed;\\"><div class=\\"k-modal--base k-modal--base__dark\\"><div class=\\"k-modal--header\\"><span class=\\"k-modal--header--title k-modal--header--title__dark\\">🐔</span> <span class=\\"k-icon--base k-icon--role-button k-icon-transition i-carbon-close k-modal--header--icon__hover\\" role=\\"button\\" aria-hidden=\\"true\\" style=\\"width: 24px; height: 24px;\\"></span></div> <div class=\\"k-modal--body\\"></div> <div class=\\"k-modal--footer justify-end\\"><button style=\\"border-radius: 4px; font-size: 16px;\\" class=\\"k-button k-button--base k-button--info__fill k-button--info__hover__fill k-button--info__active k-button--info__focus k-modal--footer--btn\\" aria-hidden=\\"true\\">  Cancel </button> <button style=\\"border-radius: 4px; font-size: 16px;\\" class=\\"k-button k-button--base k-button--primary__fill k-button--primary__hover__fill k-button--primary__active k-button--primary__focus k-modal--footer--btn\\" aria-hidden=\\"true\\">  Confirm </button></div></div></div>"`;

exports[`Test: KModal > options: title 1`] = `"<div class=\\"k-mask--base\\" style=\\"top: 0px; left: 0px; width: 100%; height: 100%; position: fixed;\\"><div class=\\"k-modal--base k-modal--base__dark\\"><div class=\\"k-modal--header\\"><span class=\\"k-modal--header--title k-modal--header--title__dark\\">🐔</span> <span class=\\"k-icon--base k-icon--role-button k-icon-transition i-carbon-close k-modal--header--icon__hover\\" role=\\"button\\" aria-hidden=\\"true\\" style=\\"width: 24px; height: 24px;\\"></span></div> <div class=\\"k-modal--body\\"></div> </div></div>"`;

exports[`Test: KModal > slot: custom render 1`] = `"<div class=\\"k-mask--base\\" style=\\"top: 0px; left: 0px; width: 100%; height: 100%; position: fixed;\\"><div class=\\"k-modal--base k-modal--base__dark\\"><span class=\\"flex\\" slot=\\"header\\">🐔</span> <div class=\\"k-modal--body\\"><p class=\\"text-center !my-2\\">💕</p></div> <div class=\\"fc w-full\\" slot=\\"footer\\">🏀</div></div></div>"`;
