// Vitest Snapshot v1, https://vitest.dev/guide/snapshot.html

exports[`Test: KCollapseWrapper > props: cls 1`] = `"<div class=\\"k-collapse-wrapper k-collapse-wrapper--base k-collapse-wrapper--test\\"></div>"`;
