// Vitest Snapshot v1, https://vitest.dev/guide/snapshot.html

exports[`Test: KCarousel > event: change event caused by api > {"index":0,"oldIndex":2} 1`] = `"<div aria-hidden="true" class="k-carousel"><div class="k-carousel-wrap" style="height: 0px;"><div class="k-carousel-item-wrap" data-active="0" data-carousel-container="" style="width: 300%; left: -300%; transition: left .5s ease 0s;"><div class="bg-green-400/15" style="height: 280px; transform: translateX(300%);"></div> <div class="bg-red-500/15" style="height: 280px;"></div> <div class="bg-blue-600/15" style="height: 280px;"></div></div></div> <div class="k-carousel-arrow"> </div> <div class="k-indicators"><div role="button" class="k-indicators-item k-indicators-item--active" aria-hidden="true"></div><div role="button" class="k-indicators-item" aria-hidden="true"></div><div role="button" class="k-indicators-item" aria-hidden="true"></div></div></div> <div>{"index":2,"oldIndex":1}</div> <button id="btn_goto">goto</button> <button id="btn_prev">prev</button> <button id="btn_next">next</button>"`;

exports[`Test: KCarousel > event: change event caused by api > {"index":2,"oldIndex":0} 1`] = `"<div aria-hidden="true" class="k-carousel"><div class="k-carousel-wrap" style="height: 0px;"><div class="k-carousel-item-wrap" data-active="3" data-carousel-container="" style="width: 300%; left: 100%; transition: left .5s ease 0s;"><div class="bg-green-400/15" style="height: 280px; transform: translateX(300%);"></div> <div class="bg-red-500/15" style="height: 280px;"></div> <div class="bg-blue-600/15" style="height: 280px; transform: translateX(-300%);"></div></div></div> <div class="k-carousel-arrow"> </div> <div class="k-indicators"><div role="button" class="k-indicators-item" aria-hidden="true"></div><div role="button" class="k-indicators-item" aria-hidden="true"></div><div role="button" class="k-indicators-item" aria-hidden="true"></div></div></div> <div>{"index":2,"oldIndex":1}</div> <button id="btn_goto">goto</button> <button id="btn_prev">prev</button> <button id="btn_next">next</button>"`;

exports[`Test: KCarousel > event: change event caused by api > {"index":2,"oldIndex":1} 1`] = `"<div aria-hidden="true" class="k-carousel"><div class="k-carousel-wrap" style="height: 0px;"><div class="k-carousel-item-wrap" data-active="2" data-carousel-container="" style="width: 300%; left: -200%; transition: left .5s ease 0s;"><div class="bg-green-400/15" style="height: 280px;"></div> <div class="bg-red-500/15" style="height: 280px;"></div> <div class="bg-blue-600/15" style="height: 280px;"></div></div></div> <div class="k-carousel-arrow"> </div> <div class="k-indicators"><div role="button" class="k-indicators-item" aria-hidden="true"></div><div role="button" class="k-indicators-item" aria-hidden="true"></div><div role="button" class="k-indicators-item k-indicators-item--active" aria-hidden="true"></div></div></div> <div>{"index":2,"oldIndex":1}</div> <button id="btn_goto">goto</button> <button id="btn_prev">prev</button> <button id="btn_next">next</button>"`;

exports[`Test: KCarousel > event: change event caused by arrow and indicators > {"index":1,"oldIndex":2} 1`] = `"<div aria-hidden="true" class="k-carousel"><div class="k-carousel-wrap" style="height: 0px;"><div class="k-carousel-item-wrap" data-active="0" data-carousel-container="" style="width: 300%; left: -300%; transition: left .5s ease 0s;"><div class="bg-green-400/15" style="height: 280px; transform: translateX(300%);"></div> <div class="bg-red-500/15" style="height: 280px;"></div> <div class="bg-blue-600/15" style="height: 280px;"></div></div></div> <div class="k-carousel-arrow"><div role="button" class="k-carousel-arrow-icon k-carousel-arrow-icon--dark k-carousel-arrow-prev" aria-hidden="true"><span class="k-icon--base k-icon--base__dark k-icon-transition i-carbon-chevron-left" role="" aria-hidden="true" style="width: 16px; height: 16px;"></span></div> <div role="button" class="k-carousel-arrow-icon k-carousel-arrow-icon--dark k-carousel-arrow-next" aria-hidden="true"><span class="k-icon--base k-icon--base__dark k-icon-transition i-carbon-chevron-right" role="" aria-hidden="true" style="width: 16px; height: 16px;"></span></div></div> <div class="k-indicators"><div role="button" class="k-indicators-item k-indicators-item--active" aria-hidden="true"></div><div role="button" class="k-indicators-item" aria-hidden="true"></div><div role="button" class="k-indicators-item" aria-hidden="true"></div></div></div> <div>{"index":2,"oldIndex":1}</div>"`;

exports[`Test: KCarousel > event: change event caused by arrow and indicators > {"index":2,"oldIndex":1} 1`] = `"<div aria-hidden="true" class="k-carousel"><div class="k-carousel-wrap" style="height: 0px;"><div class="k-carousel-item-wrap" data-active="2" data-carousel-container="" style="width: 300%; left: -200%; transition: left .5s ease 0s;"><div class="bg-green-400/15" style="height: 280px;"></div> <div class="bg-red-500/15" style="height: 280px;"></div> <div class="bg-blue-600/15" style="height: 280px;"></div></div></div> <div class="k-carousel-arrow"><div role="button" class="k-carousel-arrow-icon k-carousel-arrow-icon--dark k-carousel-arrow-prev" aria-hidden="true"><span class="k-icon--base k-icon--base__dark k-icon-transition i-carbon-chevron-left" role="" aria-hidden="true" style="width: 16px; height: 16px;"></span></div> <div role="button" class="k-carousel-arrow-icon k-carousel-arrow-icon--dark k-carousel-arrow-next" aria-hidden="true"><span class="k-icon--base k-icon--base__dark k-icon-transition i-carbon-chevron-right" role="" aria-hidden="true" style="width: 16px; height: 16px;"></span></div></div> <div class="k-indicators"><div role="button" class="k-indicators-item" aria-hidden="true"></div><div role="button" class="k-indicators-item" aria-hidden="true"></div><div role="button" class="k-indicators-item k-indicators-item--active" aria-hidden="true"></div></div></div> <div>{"index":2,"oldIndex":1}</div>"`;

exports[`Test: KCarousel > event: change event caused by arrow and indicators > {"index":2,"oldIndex":1} 2`] = `"<div aria-hidden="true" class="k-carousel"><div class="k-carousel-wrap" style="height: 0px;"><div class="k-carousel-item-wrap" data-active="3" data-carousel-container="" style="width: 300%; left: 100%; transition: left .5s ease 0s;"><div class="bg-green-400/15" style="height: 280px; transform: translateX(300%);"></div> <div class="bg-red-500/15" style="height: 280px;"></div> <div class="bg-blue-600/15" style="height: 280px; transform: translateX(-300%);"></div></div></div> <div class="k-carousel-arrow"><div role="button" class="k-carousel-arrow-icon k-carousel-arrow-icon--dark k-carousel-arrow-prev" aria-hidden="true"><span class="k-icon--base k-icon--base__dark k-icon-transition i-carbon-chevron-left" role="" aria-hidden="true" style="width: 16px; height: 16px;"></span></div> <div role="button" class="k-carousel-arrow-icon k-carousel-arrow-icon--dark k-carousel-arrow-next" aria-hidden="true"><span class="k-icon--base k-icon--base__dark k-icon-transition i-carbon-chevron-right" role="" aria-hidden="true" style="width: 16px; height: 16px;"></span></div></div> <div class="k-indicators"><div role="button" class="k-indicators-item" aria-hidden="true"></div><div role="button" class="k-indicators-item" aria-hidden="true"></div><div role="button" class="k-indicators-item" aria-hidden="true"></div></div></div> <div>{"index":2,"oldIndex":1}</div>"`;

exports[`Test: KCarousel > event: change event caused by auto play > {"index":1,"oldIndex":2} 1`] = `"<div aria-hidden="true" class="k-carousel"><div class="k-carousel-wrap" style="height: 0px;"><div class="k-carousel-item-wrap" data-active="0" data-carousel-container="" style="width: 300%; left: -300%; transition: left .5s ease 0s;"><div class="bg-green-400/15" style="height: 280px; transform: translateX(300%);"></div> <div class="bg-red-500/15" style="height: 280px;"></div> <div class="bg-blue-600/15" style="height: 280px;"></div></div></div> <div class="k-carousel-arrow"> </div> <div class="k-indicators"><div role="button" class="k-indicators-item k-indicators-item--active" aria-hidden="true"></div><div role="button" class="k-indicators-item" aria-hidden="true"></div><div role="button" class="k-indicators-item" aria-hidden="true"></div></div></div> <div>{"index":2,"oldIndex":1}</div>"`;

exports[`Test: KCarousel > event: change event caused by auto play > {"index":2,"oldIndex":1} 1`] = `"<div aria-hidden="true" class="k-carousel"><div class="k-carousel-wrap" style="height: 0px;"><div class="k-carousel-item-wrap" data-active="2" data-carousel-container="" style="width: 300%; left: -200%; transition: left .5s ease 0s;"><div class="bg-green-400/15" style="height: 280px;"></div> <div class="bg-red-500/15" style="height: 280px;"></div> <div class="bg-blue-600/15" style="height: 280px;"></div></div></div> <div class="k-carousel-arrow"> </div> <div class="k-indicators"><div role="button" class="k-indicators-item" aria-hidden="true"></div><div role="button" class="k-indicators-item" aria-hidden="true"></div><div role="button" class="k-indicators-item k-indicators-item--active" aria-hidden="true"></div></div></div> <div>{"index":2,"oldIndex":1}</div>"`;

exports[`Test: KCarousel > props: arrow is always 1`] = `"<div aria-hidden="true" class="k-carousel"><div class="k-carousel-wrap" style="height: 0px;"><div class="k-carousel-item-wrap" data-active="1" data-carousel-container="" style="width: 300%; left: -100%; transition: left .5s ease 0s;"><div class="bg-green-400/15" style="height: 280px;"></div> <div class="bg-red-500/15" style="height: 280px;"></div> <div class="bg-blue-600/15" style="height: 280px;"></div></div></div> <div class="k-carousel-arrow"><div role="button" class="k-carousel-arrow-icon k-carousel-arrow-icon--dark k-carousel-arrow-prev" aria-hidden="true"><span class="k-icon--base k-icon--base__dark k-icon-transition i-carbon-chevron-left" role="" aria-hidden="true" style="width: 16px; height: 16px;"></span></div> <div role="button" class="k-carousel-arrow-icon k-carousel-arrow-icon--dark k-carousel-arrow-next" aria-hidden="true"><span class="k-icon--base k-icon--base__dark k-icon-transition i-carbon-chevron-right" role="" aria-hidden="true" style="width: 16px; height: 16px;"></span></div></div> <div class="k-indicators"><div role="button" class="k-indicators-item" aria-hidden="true"></div><div role="button" class="k-indicators-item k-indicators-item--active" aria-hidden="true"></div><div role="button" class="k-indicators-item" aria-hidden="true"></div></div></div>"`;

exports[`Test: KCarousel > props: arrow is never 1`] = `"<div aria-hidden="true" class="k-carousel"><div class="k-carousel-wrap" style="height: 0px;"><div class="k-carousel-item-wrap" data-active="1" data-carousel-container="" style="width: 300%; left: -100%; transition: left .5s ease 0s;"><div class="bg-green-400/15" style="height: 280px;"></div> <div class="bg-red-500/15" style="height: 280px;"></div> <div class="bg-blue-600/15" style="height: 280px;"></div></div></div> <div class="k-carousel-arrow"> </div> <div class="k-indicators"><div role="button" class="k-indicators-item" aria-hidden="true"></div><div role="button" class="k-indicators-item k-indicators-item--active" aria-hidden="true"></div><div role="button" class="k-indicators-item" aria-hidden="true"></div></div></div>"`;

exports[`Test: KCarousel > props: cls 1`] = `"<div aria-hidden="true" class="k-carousel k-carousel--test"><div class="k-carousel-wrap"><div class="k-carousel-item-wrap" data-active="0" data-carousel-container="" style="width: 300%; left: -0%; transition: left .5s ease 0s;"></div></div> <div class="k-carousel-arrow"> </div> <div class="k-indicators"><div role="button" class="k-indicators-item k-indicators-item--active" aria-hidden="true"></div><div role="button" class="k-indicators-item" aria-hidden="true"></div><div role="button" class="k-indicators-item" aria-hidden="true"></div></div></div>"`;

exports[`Test: KCarousel > props: initialIndex 1`] = `"<div aria-hidden="true" class="k-carousel"><div class="k-carousel-wrap" style="height: 0px;"><div class="k-carousel-item-wrap" data-active="1" data-carousel-container="" style="width: 300%; left: -100%; transition: left .5s ease 0s;"><div class="bg-green-400/15" style="height: 280px;"></div> <div class="bg-red-500/15" style="height: 280px;"></div> <div class="bg-blue-600/15" style="height: 280px;"></div></div></div> <div class="k-carousel-arrow"> </div> <div class="k-indicators"><div role="button" class="k-indicators-item" aria-hidden="true"></div><div role="button" class="k-indicators-item k-indicators-item--active" aria-hidden="true"></div><div role="button" class="k-indicators-item" aria-hidden="true"></div></div></div>"`;

exports[`Test: KCarousel > slot: custom arrow indicators  1`] = `"<div aria-hidden="true" class="k-carousel" style="height: 300px;"><div class="k-carousel-wrap" style="height: 0px;"><div class="k-carousel-item-wrap" data-active="0" data-carousel-container="" style="width: 600%; left: -0%; transition: left .5s ease 0s;"><div class="bg-orange-100 fcc" style="height: 280px;"><h1>0</h1></div> <div class="bg-orange-200 fcc" style="height: 280px;"><h1>1</h1></div> <div class="bg-orange-100 fcc" style="height: 280px;"><h1>2</h1></div> <div class="bg-orange-200 fcc" style="height: 280px;"><h1>3</h1></div> <div class="bg-orange-100 fcc" style="height: 280px;"><h1>4</h1></div> <div class="bg-orange-200 fcc" style="height: 280px;"><h1>5</h1></div></div></div> <div slot="arrow" class="flex"><div class="k-carousel-arrow"><div aria-hidden="true" class="ml-10px cursor-pointer" slot="prev">🏀</div> <div aria-hidden="true" class="mr-10px cursor-pointer" slot="next">🏀</div></div></div> <div slot="indicators"><div class="k-carousel-indicators demo-indicators"><div slot="item" class="flex"><div class="demo-carousel-item demo-carousel-item--active svelte-1c5n2gd" role="button" aria-hidden="true"></div><div class="demo-carousel-item svelte-1c5n2gd" role="button" aria-hidden="true"></div><div class="demo-carousel-item svelte-1c5n2gd" role="button" aria-hidden="true"></div><div class="demo-carousel-item svelte-1c5n2gd" role="button" aria-hidden="true"></div><div class="demo-carousel-item svelte-1c5n2gd" role="button" aria-hidden="true"></div><div class="demo-carousel-item svelte-1c5n2gd" role="button" aria-hidden="true"></div></div></div></div></div>"`;
