// Vitest Snapshot v1, https://vitest.dev/guide/snapshot.html

exports[`Test: KEllipsis > props: cls 1`] = `"<div><div aria-hidden=\\"true\\"><div class=\\"k-ellipsis k-ellipsis--base k-ellipsis--test\\" slot=\\"triggerEl\\" aria-hidden=\\"true\\" style=\\"\\">...</div></div> </div>"`;

exports[`Test: KEllipsis > props: content 1`] = `"<div><div aria-hidden=\\"true\\"><div class=\\"k-ellipsis k-ellipsis--base\\" slot=\\"triggerEl\\" aria-hidden=\\"true\\" style=\\"\\">我言秋日胜春朝</div></div> <div class=\\"k-popover--base k-popover--base__top k-popover--base__top__dark k-popover--base__dark svelte-13arsd0\\" data-popper-placement=\\"top\\" aria-hidden=\\"true\\" style=\\"position: fixed; left: 0px; top: 0px; margin: 0px; animation: __svelte_3896445108_0 200ms linear 0ms 1 both; bottom: 8px;\\" data-popper-reference-hidden=\\"\\" data-popper-escaped=\\"\\"><span slot=\\"contentEl\\">自古逢秋悲寂寥</span> <div k-popover-arrow=\\"true\\" class=\\"svelte-13arsd0\\" data-popper-arrow-top=\\"\\"></div></div></div>"`;

exports[`Test: KEllipsis > props: expand 1`] = `"<div><div aria-hidden=\\"true\\"><div class=\\"k-ellipsis k-ellipsis--base\\" slot=\\"triggerEl\\" aria-hidden=\\"true\\" style=\\"-webkit-line-clamp: 3; display: -webkit-inline-box; overflow: hidden;\\">我言秋日...</div></div> </div>"`;

exports[`Test: KEllipsis > props: num 1`] = `"<div><div aria-hidden=\\"true\\"><div class=\\"k-ellipsis k-ellipsis--base\\" slot=\\"triggerEl\\" aria-hidden=\\"true\\" style=\\"\\">我言秋日...</div></div> </div>"`;

exports[`Test: KEllipsis > props: text 1`] = `"<div><div aria-hidden=\\"true\\"><div class=\\"k-ellipsis k-ellipsis--base\\" slot=\\"triggerEl\\" aria-hidden=\\"true\\" style=\\"\\">我言秋日胜春朝</div></div> </div>"`;
