// Vitest Snapshot v1, https://vitest.dev/guide/snapshot.html

exports[`Test: KSpin > options: background 1`] = `"<div class="w-full h-200px flex justify-center items-center" style="overflow: hidden; position: relative;"><button id="spin_bg">Spin</button><div role="presentation" style="background-color: red; top: 0px; left: 0px; width: 100%; height: 100%;" class="k-mask--base"><div class=""><div class="k-spin--spinner"><div class="k-spin--spinner__rotating"><span class="k-icon--base k-icon-transition i-carbon-circle-dash text-ikun-main" role="" style="width: 24px; height: 24px;"></span></div> <p class="k-spin--text">loading...</p></div></div></div></div>"`;

exports[`Test: KSpin > options: fullScreen 1`] = `
<body
  style="overflow: hidden; position: relative;"
>
  <div
    id="host"
  >
    <div
      class="w-full h-200px flex justify-center items-center"
    >
      <button
        id="spin_full"
      >
        Spin
      </button>
    </div>
  </div>
  <div
    class="k-mask--base"
    role="presentation"
    style="top: 0px; left: 0px; width: 100%; height: 100%; position: fixed;"
  >
    <div
      class=""
    >
      <div
        class="k-spin--spinner"
      >
        <div
          class="k-spin--spinner__rotating"
        >
          <span
            class="k-icon--base k-icon-transition i-carbon-circle-dash text-ikun-main"
            role=""
            style="width: 24px; height: 24px;"
          />
        </div>
         
        <p
          class="k-spin--text"
        >
          loading...
        </p>
      </div>
    </div>
  </div>
  
  
</body>
`;

exports[`Test: KSpin > options: rotating 1`] = `"<div class="w-full h-200px flex justify-center items-center"><button id="spin_rotate">Spin</button><div role="presentation" class="k-mask--base" style="top: 0px; left: 0px; width: 100%; height: 100%;"><div class=""><div class="k-spin--spinner"><div><span class="k-icon--base k-icon-transition i-carbon-circle-dash text-ikun-main" role="" style="width: 24px; height: 24px;"></span></div> <p class="k-spin--text">loading...</p></div></div></div></div>"`;

exports[`Test: KSpin > options: show 1`] = `"<div class="w-full h-200px flex justify-center items-center"><button id="spin_show">Spin</button><div role="presentation" class="k-mask--base" style="top: 0px; left: 0px; width: 100%; height: 100%;"><div class=""><div class="k-spin--spinner"><div class="k-spin--spinner__rotating"><span class="k-icon--base k-icon-transition i-carbon-circle-dash text-ikun-main" role="" style="width: 24px; height: 24px;"></span></div> <p class="k-spin--text">loading...</p></div></div></div></div>"`;

exports[`Test: KSpin > options: spinner 1`] = `"<div class="w-full h-200px flex justify-center items-center"><button id="spin_spinner">Spin</button><div role="presentation" class="k-mask--base" style="top: 0px; left: 0px; width: 100%; height: 100%;"><div class=""><div class="k-spin--spinner"><div class="k-spin--spinner__rotating"><span class="k-icon--base k-icon-transition custom spinner text-ikun-main" role="" style="width: 24px; height: 24px;"></span></div> <p class="k-spin--text">loading...</p></div></div></div></div>"`;

exports[`Test: KSpin > options: text 1`] = `"<div class="w-full h-200px flex justify-center items-center"><button id="spin_text">Spin</button><div role="presentation" class="k-mask--base" style="top: 0px; left: 0px; width: 100%; height: 100%;"><div class=""><div class="k-spin--spinner"><div class="k-spin--spinner__rotating"><span class="k-icon--base k-icon-transition i-carbon-circle-dash text-ikun-main" role="" style="width: 24px; height: 24px;"></span></div> <p class="k-spin--text">多看一眼就会爆炸！</p></div></div></div></div>"`;
