// Vitest Snapshot v1, https://vitest.dev/guide/snapshot.html

exports[`Test: KRate > props: cls 1`] = `"<div class=\\"k-rate k-rate--md k-rate--test\\"><span class=\\"k-rate--item k-rate--item--md k-rate--item__not-readonly\\" aria-hidden=\\"true\\"><span class=\\"k-icon--base k-icon--base__dark k-icon-transition k-rate--void-icon\\" role=\\"\\" aria-hidden=\\"true\\" style=\\"width: 100%; height: 100%;\\"></span></span><span class=\\"k-rate--item k-rate--item--md k-rate--item__not-readonly\\" aria-hidden=\\"true\\"><span class=\\"k-icon--base k-icon--base__dark k-icon-transition k-rate--void-icon\\" role=\\"\\" aria-hidden=\\"true\\" style=\\"width: 100%; height: 100%;\\"></span></span><span class=\\"k-rate--item k-rate--item--md k-rate--item__not-readonly\\" aria-hidden=\\"true\\"><span class=\\"k-icon--base k-icon--base__dark k-icon-transition k-rate--void-icon\\" role=\\"\\" aria-hidden=\\"true\\" style=\\"width: 100%; height: 100%;\\"></span></span><span class=\\"k-rate--item k-rate--item--md k-rate--item__not-readonly\\" aria-hidden=\\"true\\"><span class=\\"k-icon--base k-icon--base__dark k-icon-transition k-rate--void-icon\\" role=\\"\\" aria-hidden=\\"true\\" style=\\"width: 100%; height: 100%;\\"></span></span><span class=\\"k-rate--item k-rate--item--md k-rate--item__not-readonly\\" aria-hidden=\\"true\\"><span class=\\"k-icon--base k-icon--base__dark k-icon-transition k-rate--void-icon\\" role=\\"\\" aria-hidden=\\"true\\" style=\\"width: 100%; height: 100%;\\"></span></span> </div>"`;

exports[`Test: KRate > props: colors is object 1`] = `"<div class=\\"k-rate k-rate--md\\"><span class=\\"k-rate--item k-rate--item--md k-rate--item__not-readonly\\" aria-hidden=\\"true\\"><span class=\\"k-icon--base k-icon--base__dark k-icon-transition k-rate--active-icon\\" role=\\"\\" aria-hidden=\\"true\\" style=\\"background: blue; width: 100%; height: 100%;\\"></span></span><span class=\\"k-rate--item k-rate--item--md k-rate--item__not-readonly\\" aria-hidden=\\"true\\"><span class=\\"k-icon--base k-icon--base__dark k-icon-transition k-rate--active-icon\\" role=\\"\\" aria-hidden=\\"true\\" style=\\"background: blue; width: 100%; height: 100%;\\"></span></span><span class=\\"k-rate--item k-rate--item--md k-rate--item__not-readonly\\" aria-hidden=\\"true\\"><span class=\\"k-icon--base k-icon--base__dark k-icon-transition k-rate--active-icon\\" role=\\"\\" aria-hidden=\\"true\\" style=\\"background: blue; width: 100%; height: 100%;\\"></span></span><span class=\\"k-rate--item k-rate--item--md k-rate--item__not-readonly\\" aria-hidden=\\"true\\"><span class=\\"k-icon--base k-icon--base__dark k-icon-transition k-rate--active-icon\\" role=\\"\\" aria-hidden=\\"true\\" style=\\"background: blue; width: 100%; height: 100%;\\"></span></span><span class=\\"k-rate--item k-rate--item--md k-rate--item__not-readonly\\" aria-hidden=\\"true\\"><span class=\\"k-icon--base k-icon--base__dark k-icon-transition k-rate--active-icon\\" role=\\"\\" aria-hidden=\\"true\\" style=\\"background: blue; width: 100%; height: 100%;\\"></span></span> </div>"`;

exports[`Test: KRate > props: colors is string 1`] = `"<div class=\\"k-rate k-rate--md\\"><span class=\\"k-rate--item k-rate--item--md k-rate--item__not-readonly\\" aria-hidden=\\"true\\"><span class=\\"k-icon--base k-icon--base__dark k-icon-transition k-rate--active-icon\\" role=\\"\\" aria-hidden=\\"true\\" style=\\"background: red; width: 100%; height: 100%;\\"></span></span><span class=\\"k-rate--item k-rate--item--md k-rate--item__not-readonly\\" aria-hidden=\\"true\\"><span class=\\"k-icon--base k-icon--base__dark k-icon-transition k-rate--active-icon\\" role=\\"\\" aria-hidden=\\"true\\" style=\\"background: red; width: 100%; height: 100%;\\"></span></span><span class=\\"k-rate--item k-rate--item--md k-rate--item__not-readonly\\" aria-hidden=\\"true\\"><span class=\\"k-icon--base k-icon--base__dark k-icon-transition k-rate--active-icon\\" role=\\"\\" aria-hidden=\\"true\\" style=\\"background: red; width: 100%; height: 100%;\\"></span></span><span class=\\"k-rate--item k-rate--item--md k-rate--item__not-readonly\\" aria-hidden=\\"true\\"><span class=\\"k-icon--base k-icon--base__dark k-icon-transition k-rate--void-icon\\" role=\\"\\" aria-hidden=\\"true\\" style=\\"width: 100%; height: 100%;\\"></span></span><span class=\\"k-rate--item k-rate--item--md k-rate--item__not-readonly\\" aria-hidden=\\"true\\"><span class=\\"k-icon--base k-icon--base__dark k-icon-transition k-rate--void-icon\\" role=\\"\\" aria-hidden=\\"true\\" style=\\"width: 100%; height: 100%;\\"></span></span> </div>"`;

exports[`Test: KRate > props: disabled 1`] = `"<div class=\\"k-rate k-rate--md k-rate--disabled\\"><span class=\\"k-rate--item k-rate--item--md k-rate--item__not-readonly k-rate--item__disabled\\" aria-hidden=\\"true\\"><span class=\\"k-icon--base k-icon--base__dark k-icon-transition k-rate--void-icon\\" role=\\"\\" aria-hidden=\\"true\\" style=\\"width: 100%; height: 100%;\\"></span></span><span class=\\"k-rate--item k-rate--item--md k-rate--item__not-readonly k-rate--item__disabled\\" aria-hidden=\\"true\\"><span class=\\"k-icon--base k-icon--base__dark k-icon-transition k-rate--void-icon\\" role=\\"\\" aria-hidden=\\"true\\" style=\\"width: 100%; height: 100%;\\"></span></span><span class=\\"k-rate--item k-rate--item--md k-rate--item__not-readonly k-rate--item__disabled\\" aria-hidden=\\"true\\"><span class=\\"k-icon--base k-icon--base__dark k-icon-transition k-rate--void-icon\\" role=\\"\\" aria-hidden=\\"true\\" style=\\"width: 100%; height: 100%;\\"></span></span><span class=\\"k-rate--item k-rate--item--md k-rate--item__not-readonly k-rate--item__disabled\\" aria-hidden=\\"true\\"><span class=\\"k-icon--base k-icon--base__dark k-icon-transition k-rate--void-icon\\" role=\\"\\" aria-hidden=\\"true\\" style=\\"width: 100%; height: 100%;\\"></span></span><span class=\\"k-rate--item k-rate--item--md k-rate--item__not-readonly k-rate--item__disabled\\" aria-hidden=\\"true\\"><span class=\\"k-icon--base k-icon--base__dark k-icon-transition k-rate--void-icon\\" role=\\"\\" aria-hidden=\\"true\\" style=\\"width: 100%; height: 100%;\\"></span></span> </div>"`;

exports[`Test: KRate > props: icons is object 1`] = `"<div class=\\"k-rate k-rate--md\\"><span class=\\"k-rate--item k-rate--item--md k-rate--item__not-readonly\\" aria-hidden=\\"true\\"><span class=\\"k-icon--base k-icon--base__dark k-icon-transition i-carbon-full\\" role=\\"\\" aria-hidden=\\"true\\" style=\\"width: 100%; height: 100%;\\"></span></span><span class=\\"k-rate--item k-rate--item--md k-rate--item__not-readonly\\" aria-hidden=\\"true\\"><span class=\\"k-icon--base k-icon--base__dark k-icon-transition i-carbon-full\\" role=\\"\\" aria-hidden=\\"true\\" style=\\"width: 100%; height: 100%;\\"></span></span><span class=\\"k-rate--item k-rate--item--md k-rate--item__not-readonly\\" aria-hidden=\\"true\\"><span class=\\"k-icon--base k-icon--base__dark k-icon-transition i-carbon-full\\" role=\\"\\" aria-hidden=\\"true\\" style=\\"width: 100%; height: 100%;\\"></span></span><span class=\\"k-rate--item k-rate--item--md k-rate--item__not-readonly\\" aria-hidden=\\"true\\"><span class=\\"k-icon--base k-icon--base__dark k-icon-transition i-carbon-full\\" role=\\"\\" aria-hidden=\\"true\\" style=\\"width: 100%; height: 100%;\\"></span></span><span class=\\"k-rate--item k-rate--item--md k-rate--item__not-readonly\\" aria-hidden=\\"true\\"><span class=\\"k-icon--base k-icon--base__dark k-icon-transition i-carbon-full\\" role=\\"\\" aria-hidden=\\"true\\" style=\\"width: 100%; height: 100%;\\"></span></span> </div>"`;

exports[`Test: KRate > props: icons is string 1`] = `"<div class=\\"k-rate k-rate--md\\"><span class=\\"k-rate--item k-rate--item--md k-rate--item__not-readonly\\" aria-hidden=\\"true\\"><span class=\\"k-icon--base k-icon--base__dark k-icon-transition i-carbon-settings\\" role=\\"\\" aria-hidden=\\"true\\" style=\\"width: 100%; height: 100%;\\"></span></span><span class=\\"k-rate--item k-rate--item--md k-rate--item__not-readonly\\" aria-hidden=\\"true\\"><span class=\\"k-icon--base k-icon--base__dark k-icon-transition i-carbon-settings\\" role=\\"\\" aria-hidden=\\"true\\" style=\\"width: 100%; height: 100%;\\"></span></span><span class=\\"k-rate--item k-rate--item--md k-rate--item__not-readonly\\" aria-hidden=\\"true\\"><span class=\\"k-icon--base k-icon--base__dark k-icon-transition i-carbon-settings\\" role=\\"\\" aria-hidden=\\"true\\" style=\\"width: 100%; height: 100%;\\"></span></span><span class=\\"k-rate--item k-rate--item--md k-rate--item__not-readonly\\" aria-hidden=\\"true\\"><span class=\\"k-icon--base k-icon--base__dark k-icon-transition k-rate--void-icon\\" role=\\"\\" aria-hidden=\\"true\\" style=\\"width: 100%; height: 100%;\\"></span></span><span class=\\"k-rate--item k-rate--item--md k-rate--item__not-readonly\\" aria-hidden=\\"true\\"><span class=\\"k-icon--base k-icon--base__dark k-icon-transition k-rate--void-icon\\" role=\\"\\" aria-hidden=\\"true\\" style=\\"width: 100%; height: 100%;\\"></span></span> </div>"`;

exports[`Test: KRate > props: max 1`] = `"<div class=\\"k-rate k-rate--md\\"><span class=\\"k-rate--item k-rate--item--md k-rate--item__not-readonly\\" aria-hidden=\\"true\\"><span class=\\"k-icon--base k-icon--base__dark k-icon-transition k-rate--void-icon\\" role=\\"\\" aria-hidden=\\"true\\" style=\\"width: 100%; height: 100%;\\"></span></span><span class=\\"k-rate--item k-rate--item--md k-rate--item__not-readonly\\" aria-hidden=\\"true\\"><span class=\\"k-icon--base k-icon--base__dark k-icon-transition k-rate--void-icon\\" role=\\"\\" aria-hidden=\\"true\\" style=\\"width: 100%; height: 100%;\\"></span></span><span class=\\"k-rate--item k-rate--item--md k-rate--item__not-readonly\\" aria-hidden=\\"true\\"><span class=\\"k-icon--base k-icon--base__dark k-icon-transition k-rate--void-icon\\" role=\\"\\" aria-hidden=\\"true\\" style=\\"width: 100%; height: 100%;\\"></span></span><span class=\\"k-rate--item k-rate--item--md k-rate--item__not-readonly\\" aria-hidden=\\"true\\"><span class=\\"k-icon--base k-icon--base__dark k-icon-transition k-rate--void-icon\\" role=\\"\\" aria-hidden=\\"true\\" style=\\"width: 100%; height: 100%;\\"></span></span><span class=\\"k-rate--item k-rate--item--md k-rate--item__not-readonly\\" aria-hidden=\\"true\\"><span class=\\"k-icon--base k-icon--base__dark k-icon-transition k-rate--void-icon\\" role=\\"\\" aria-hidden=\\"true\\" style=\\"width: 100%; height: 100%;\\"></span></span><span class=\\"k-rate--item k-rate--item--md k-rate--item__not-readonly\\" aria-hidden=\\"true\\"><span class=\\"k-icon--base k-icon--base__dark k-icon-transition k-rate--void-icon\\" role=\\"\\" aria-hidden=\\"true\\" style=\\"width: 100%; height: 100%;\\"></span></span><span class=\\"k-rate--item k-rate--item--md k-rate--item__not-readonly\\" aria-hidden=\\"true\\"><span class=\\"k-icon--base k-icon--base__dark k-icon-transition k-rate--void-icon\\" role=\\"\\" aria-hidden=\\"true\\" style=\\"width: 100%; height: 100%;\\"></span></span><span class=\\"k-rate--item k-rate--item--md k-rate--item__not-readonly\\" aria-hidden=\\"true\\"><span class=\\"k-icon--base k-icon--base__dark k-icon-transition k-rate--void-icon\\" role=\\"\\" aria-hidden=\\"true\\" style=\\"width: 100%; height: 100%;\\"></span></span><span class=\\"k-rate--item k-rate--item--md k-rate--item__not-readonly\\" aria-hidden=\\"true\\"><span class=\\"k-icon--base k-icon--base__dark k-icon-transition k-rate--void-icon\\" role=\\"\\" aria-hidden=\\"true\\" style=\\"width: 100%; height: 100%;\\"></span></span><span class=\\"k-rate--item k-rate--item--md k-rate--item__not-readonly\\" aria-hidden=\\"true\\"><span class=\\"k-icon--base k-icon--base__dark k-icon-transition k-rate--void-icon\\" role=\\"\\" aria-hidden=\\"true\\" style=\\"width: 100%; height: 100%;\\"></span></span> </div>"`;

exports[`Test: KRate > props: readonly 1`] = `"<div class=\\"k-rate k-rate--md k-rate--readonly\\"><span class=\\"k-rate--item k-rate--item--md\\" aria-hidden=\\"true\\"><span class=\\"k-icon--base k-icon--base__dark k-icon-transition k-rate--readonly-icon\\" role=\\"\\" aria-hidden=\\"true\\" style=\\"width: 100%; height: 100%;\\"></span></span><span class=\\"k-rate--item k-rate--item--md\\" aria-hidden=\\"true\\"><span class=\\"k-icon--base k-icon--base__dark k-icon-transition k-rate--readonly-icon\\" role=\\"\\" aria-hidden=\\"true\\" style=\\"width: 100%; height: 100%;\\"></span></span><span class=\\"k-rate--item k-rate--item--md\\" aria-hidden=\\"true\\"><span class=\\"k-icon--base k-icon--base__dark k-icon-transition k-rate--readonly-icon\\" role=\\"\\" aria-hidden=\\"true\\" style=\\"width: 100%; height: 100%;\\"></span></span><span class=\\"k-rate--item k-rate--item--md\\" aria-hidden=\\"true\\"><span class=\\"k-icon--base k-icon--base__dark k-icon-transition k-rate--readonly-icon\\" role=\\"\\" aria-hidden=\\"true\\" style=\\"width: 100%; height: 100%;\\"></span></span><span class=\\"k-rate--item k-rate--item--md\\" aria-hidden=\\"true\\"><span class=\\"k-icon--base k-icon--base__dark k-icon-transition k-rate--readonly-icon\\" role=\\"\\" aria-hidden=\\"true\\" style=\\"width: 100%; height: 100%;\\"></span></span> </div>"`;

exports[`Test: KRate > props: readonlyVoidColor 1`] = `"<div class=\\"k-rate k-rate--md k-rate--readonly\\"><span class=\\"k-rate--item k-rate--item--md\\" aria-hidden=\\"true\\"><span class=\\"k-icon--base k-icon--base__dark k-icon-transition k-rate--active-icon\\" role=\\"\\" aria-hidden=\\"true\\" style=\\"width: 100%; height: 100%;\\"></span></span><span class=\\"k-rate--item k-rate--item--md\\" aria-hidden=\\"true\\"><span class=\\"k-icon--base k-icon--base__dark k-icon-transition k-rate--active-icon\\" role=\\"\\" aria-hidden=\\"true\\" style=\\"width: 100%; height: 100%;\\"></span></span><span class=\\"k-rate--item k-rate--item--md\\" aria-hidden=\\"true\\"><span class=\\"k-icon--base k-icon--base__dark k-icon-transition k-rate--active-icon\\" role=\\"\\" aria-hidden=\\"true\\" style=\\"width: 100%; height: 100%;\\"></span></span><span class=\\"k-rate--item k-rate--item--md\\" aria-hidden=\\"true\\"><span class=\\"k-icon--base k-icon--base__dark k-icon-transition k-rate--readonly-icon\\" role=\\"\\" aria-hidden=\\"true\\" style=\\"background: rgb(255, 0, 240); width: 100%; height: 100%;\\"></span></span><span class=\\"k-rate--item k-rate--item--md\\" aria-hidden=\\"true\\"><span class=\\"k-icon--base k-icon--base__dark k-icon-transition k-rate--readonly-icon\\" role=\\"\\" aria-hidden=\\"true\\" style=\\"background: rgb(255, 0, 240); width: 100%; height: 100%;\\"></span></span> </div>"`;

exports[`Test: KRate > props: readonlyVoidIcon 1`] = `"<div class=\\"k-rate k-rate--md k-rate--readonly\\"><span class=\\"k-rate--item k-rate--item--md\\" aria-hidden=\\"true\\"><span class=\\"k-icon--base k-icon--base__dark k-icon-transition k-rate--active-icon\\" role=\\"\\" aria-hidden=\\"true\\" style=\\"width: 100%; height: 100%;\\"></span></span><span class=\\"k-rate--item k-rate--item--md\\" aria-hidden=\\"true\\"><span class=\\"k-icon--base k-icon--base__dark k-icon-transition k-rate--active-icon\\" role=\\"\\" aria-hidden=\\"true\\" style=\\"width: 100%; height: 100%;\\"></span></span><span class=\\"k-rate--item k-rate--item--md\\" aria-hidden=\\"true\\"><span class=\\"k-icon--base k-icon--base__dark k-icon-transition k-rate--active-icon\\" role=\\"\\" aria-hidden=\\"true\\" style=\\"width: 100%; height: 100%;\\"></span></span><span class=\\"k-rate--item k-rate--item--md\\" aria-hidden=\\"true\\"><span class=\\"k-icon--base k-icon--base__dark k-icon-transition i-icon-readonly-void\\" role=\\"\\" aria-hidden=\\"true\\" style=\\"width: 100%; height: 100%;\\"></span></span><span class=\\"k-rate--item k-rate--item--md\\" aria-hidden=\\"true\\"><span class=\\"k-icon--base k-icon--base__dark k-icon-transition i-icon-readonly-void\\" role=\\"\\" aria-hidden=\\"true\\" style=\\"width: 100%; height: 100%;\\"></span></span> </div>"`;

exports[`Test: KRate > props: scoreTemplate 1`] = `"<div class=\\"k-rate k-rate--md\\"><span class=\\"k-rate--item k-rate--item--md k-rate--item__not-readonly\\" aria-hidden=\\"true\\"><span class=\\"k-icon--base k-icon--base__dark k-icon-transition k-rate--active-icon\\" role=\\"\\" aria-hidden=\\"true\\" style=\\"width: 100%; height: 100%;\\"></span></span><span class=\\"k-rate--item k-rate--item--md k-rate--item__not-readonly\\" aria-hidden=\\"true\\"><span class=\\"k-icon--base k-icon--base__dark k-icon-transition k-rate--active-icon\\" role=\\"\\" aria-hidden=\\"true\\" style=\\"width: 100%; height: 100%;\\"></span></span><span class=\\"k-rate--item k-rate--item--md k-rate--item__not-readonly\\" aria-hidden=\\"true\\"><span class=\\"k-icon--base k-icon--base__dark k-icon-transition k-rate--active-icon\\" role=\\"\\" aria-hidden=\\"true\\" style=\\"width: 100%; height: 100%;\\"></span></span><span class=\\"k-rate--item k-rate--item--md k-rate--item__not-readonly\\" aria-hidden=\\"true\\"><span class=\\"k-icon--base k-icon--base__dark k-icon-transition k-rate--active-icon\\" role=\\"\\" aria-hidden=\\"true\\" style=\\"width: 100%; height: 100%;\\"></span></span><span class=\\"k-rate--item k-rate--item--md k-rate--item__not-readonly\\" aria-hidden=\\"true\\"><span class=\\"k-icon--base k-icon--base__dark k-icon-transition k-rate--void-icon\\" role=\\"\\" aria-hidden=\\"true\\" style=\\"width: 100%; height: 100%;\\"></span></span> <span class=\\"k-rate--text\\">the score is 4.5 points</span></div>"`;

exports[`Test: KRate > props: showScore 1`] = `"<div class=\\"k-rate k-rate--md\\"><span class=\\"k-rate--item k-rate--item--md k-rate--item__not-readonly\\" aria-hidden=\\"true\\"><span class=\\"k-icon--base k-icon--base__dark k-icon-transition k-rate--active-icon\\" role=\\"\\" aria-hidden=\\"true\\" style=\\"width: 100%; height: 100%;\\"></span></span><span class=\\"k-rate--item k-rate--item--md k-rate--item__not-readonly\\" aria-hidden=\\"true\\"><span class=\\"k-icon--base k-icon--base__dark k-icon-transition k-rate--active-icon\\" role=\\"\\" aria-hidden=\\"true\\" style=\\"width: 100%; height: 100%;\\"></span></span><span class=\\"k-rate--item k-rate--item--md k-rate--item__not-readonly\\" aria-hidden=\\"true\\"><span class=\\"k-icon--base k-icon--base__dark k-icon-transition k-rate--active-icon\\" role=\\"\\" aria-hidden=\\"true\\" style=\\"width: 100%; height: 100%;\\"></span></span><span class=\\"k-rate--item k-rate--item--md k-rate--item__not-readonly\\" aria-hidden=\\"true\\"><span class=\\"k-icon--base k-icon--base__dark k-icon-transition k-rate--void-icon\\" role=\\"\\" aria-hidden=\\"true\\" style=\\"width: 100%; height: 100%;\\"></span></span><span class=\\"k-rate--item k-rate--item--md k-rate--item__not-readonly\\" aria-hidden=\\"true\\"><span class=\\"k-icon--base k-icon--base__dark k-icon-transition k-rate--void-icon\\" role=\\"\\" aria-hidden=\\"true\\" style=\\"width: 100%; height: 100%;\\"></span></span> <span class=\\"k-rate--text\\">3</span></div>"`;

exports[`Test: KRate > props: showText and textColor 1`] = `"<div class=\\"k-rate k-rate--md\\"><span class=\\"k-rate--item k-rate--item--md k-rate--item__not-readonly\\" aria-hidden=\\"true\\"><span class=\\"k-icon--base k-icon--base__dark k-icon-transition k-rate--void-icon\\" role=\\"\\" aria-hidden=\\"true\\" style=\\"width: 100%; height: 100%;\\"></span></span><span class=\\"k-rate--item k-rate--item--md k-rate--item__not-readonly\\" aria-hidden=\\"true\\"><span class=\\"k-icon--base k-icon--base__dark k-icon-transition k-rate--void-icon\\" role=\\"\\" aria-hidden=\\"true\\" style=\\"width: 100%; height: 100%;\\"></span></span><span class=\\"k-rate--item k-rate--item--md k-rate--item__not-readonly\\" aria-hidden=\\"true\\"><span class=\\"k-icon--base k-icon--base__dark k-icon-transition k-rate--void-icon\\" role=\\"\\" aria-hidden=\\"true\\" style=\\"width: 100%; height: 100%;\\"></span></span><span class=\\"k-rate--item k-rate--item--md k-rate--item__not-readonly\\" aria-hidden=\\"true\\"><span class=\\"k-icon--base k-icon--base__dark k-icon-transition k-rate--void-icon\\" role=\\"\\" aria-hidden=\\"true\\" style=\\"width: 100%; height: 100%;\\"></span></span><span class=\\"k-rate--item k-rate--item--md k-rate--item__not-readonly\\" aria-hidden=\\"true\\"><span class=\\"k-icon--base k-icon--base__dark k-icon-transition k-rate--void-icon\\" role=\\"\\" aria-hidden=\\"true\\" style=\\"width: 100%; height: 100%;\\"></span></span> <span class=\\"k-rate--text\\" style=\\"color: red;\\">the text</span></div>"`;

exports[`Test: KRate > props: showText and texts is object 1`] = `"<div class=\\"k-rate k-rate--md\\"><span class=\\"k-rate--item k-rate--item--md k-rate--item__not-readonly\\" aria-hidden=\\"true\\"><span class=\\"k-icon--base k-icon--base__dark k-icon-transition k-rate--active-icon\\" role=\\"\\" aria-hidden=\\"true\\" style=\\"width: 100%; height: 100%;\\"></span></span><span class=\\"k-rate--item k-rate--item--md k-rate--item__not-readonly\\" aria-hidden=\\"true\\"><span class=\\"k-icon--base k-icon--base__dark k-icon-transition k-rate--active-icon\\" role=\\"\\" aria-hidden=\\"true\\" style=\\"width: 100%; height: 100%;\\"></span></span><span class=\\"k-rate--item k-rate--item--md k-rate--item__not-readonly\\" aria-hidden=\\"true\\"><span class=\\"k-icon--base k-icon--base__dark k-icon-transition k-rate--active-icon\\" role=\\"\\" aria-hidden=\\"true\\" style=\\"width: 100%; height: 100%;\\"></span></span><span class=\\"k-rate--item k-rate--item--md k-rate--item__not-readonly\\" aria-hidden=\\"true\\"><span class=\\"k-icon--base k-icon--base__dark k-icon-transition k-rate--active-icon\\" role=\\"\\" aria-hidden=\\"true\\" style=\\"width: 100%; height: 100%;\\"></span></span><span class=\\"k-rate--item k-rate--item--md k-rate--item__not-readonly\\" aria-hidden=\\"true\\"><span class=\\"k-icon--base k-icon--base__dark k-icon-transition k-rate--active-icon\\" role=\\"\\" aria-hidden=\\"true\\" style=\\"width: 100%; height: 100%;\\"></span></span> <span class=\\"k-rate--text\\">four</span></div>"`;

exports[`Test: KRate > props: showText and texts is string 1`] = `"<div class=\\"k-rate k-rate--md\\"><span class=\\"k-rate--item k-rate--item--md k-rate--item__not-readonly\\" aria-hidden=\\"true\\"><span class=\\"k-icon--base k-icon--base__dark k-icon-transition k-rate--void-icon\\" role=\\"\\" aria-hidden=\\"true\\" style=\\"width: 100%; height: 100%;\\"></span></span><span class=\\"k-rate--item k-rate--item--md k-rate--item__not-readonly\\" aria-hidden=\\"true\\"><span class=\\"k-icon--base k-icon--base__dark k-icon-transition k-rate--void-icon\\" role=\\"\\" aria-hidden=\\"true\\" style=\\"width: 100%; height: 100%;\\"></span></span><span class=\\"k-rate--item k-rate--item--md k-rate--item__not-readonly\\" aria-hidden=\\"true\\"><span class=\\"k-icon--base k-icon--base__dark k-icon-transition k-rate--void-icon\\" role=\\"\\" aria-hidden=\\"true\\" style=\\"width: 100%; height: 100%;\\"></span></span><span class=\\"k-rate--item k-rate--item--md k-rate--item__not-readonly\\" aria-hidden=\\"true\\"><span class=\\"k-icon--base k-icon--base__dark k-icon-transition k-rate--void-icon\\" role=\\"\\" aria-hidden=\\"true\\" style=\\"width: 100%; height: 100%;\\"></span></span><span class=\\"k-rate--item k-rate--item--md k-rate--item__not-readonly\\" aria-hidden=\\"true\\"><span class=\\"k-icon--base k-icon--base__dark k-icon-transition k-rate--void-icon\\" role=\\"\\" aria-hidden=\\"true\\" style=\\"width: 100%; height: 100%;\\"></span></span> <span class=\\"k-rate--text\\">the text</span></div>"`;

exports[`Test: KRate > props: size 1`] = `"<div class=\\"k-rate k-rate--sm\\"><span class=\\"k-rate--item k-rate--item--sm k-rate--item__not-readonly\\" aria-hidden=\\"true\\"><span class=\\"k-icon--base k-icon--base__dark k-icon-transition k-rate--void-icon\\" role=\\"\\" aria-hidden=\\"true\\" style=\\"width: 100%; height: 100%;\\"></span></span><span class=\\"k-rate--item k-rate--item--sm k-rate--item__not-readonly\\" aria-hidden=\\"true\\"><span class=\\"k-icon--base k-icon--base__dark k-icon-transition k-rate--void-icon\\" role=\\"\\" aria-hidden=\\"true\\" style=\\"width: 100%; height: 100%;\\"></span></span><span class=\\"k-rate--item k-rate--item--sm k-rate--item__not-readonly\\" aria-hidden=\\"true\\"><span class=\\"k-icon--base k-icon--base__dark k-icon-transition k-rate--void-icon\\" role=\\"\\" aria-hidden=\\"true\\" style=\\"width: 100%; height: 100%;\\"></span></span><span class=\\"k-rate--item k-rate--item--sm k-rate--item__not-readonly\\" aria-hidden=\\"true\\"><span class=\\"k-icon--base k-icon--base__dark k-icon-transition k-rate--void-icon\\" role=\\"\\" aria-hidden=\\"true\\" style=\\"width: 100%; height: 100%;\\"></span></span><span class=\\"k-rate--item k-rate--item--sm k-rate--item__not-readonly\\" aria-hidden=\\"true\\"><span class=\\"k-icon--base k-icon--base__dark k-icon-transition k-rate--void-icon\\" role=\\"\\" aria-hidden=\\"true\\" style=\\"width: 100%; height: 100%;\\"></span></span> </div>"`;

exports[`Test: KRate > props: size 2`] = `"<div class=\\"k-rate k-rate--md\\"><span class=\\"k-rate--item k-rate--item--md k-rate--item__not-readonly\\" aria-hidden=\\"true\\"><span class=\\"k-icon--base k-icon--base__dark k-icon-transition k-rate--void-icon\\" role=\\"\\" aria-hidden=\\"true\\" style=\\"width: 100%; height: 100%;\\"></span></span><span class=\\"k-rate--item k-rate--item--md k-rate--item__not-readonly\\" aria-hidden=\\"true\\"><span class=\\"k-icon--base k-icon--base__dark k-icon-transition k-rate--void-icon\\" role=\\"\\" aria-hidden=\\"true\\" style=\\"width: 100%; height: 100%;\\"></span></span><span class=\\"k-rate--item k-rate--item--md k-rate--item__not-readonly\\" aria-hidden=\\"true\\"><span class=\\"k-icon--base k-icon--base__dark k-icon-transition k-rate--void-icon\\" role=\\"\\" aria-hidden=\\"true\\" style=\\"width: 100%; height: 100%;\\"></span></span><span class=\\"k-rate--item k-rate--item--md k-rate--item__not-readonly\\" aria-hidden=\\"true\\"><span class=\\"k-icon--base k-icon--base__dark k-icon-transition k-rate--void-icon\\" role=\\"\\" aria-hidden=\\"true\\" style=\\"width: 100%; height: 100%;\\"></span></span><span class=\\"k-rate--item k-rate--item--md k-rate--item__not-readonly\\" aria-hidden=\\"true\\"><span class=\\"k-icon--base k-icon--base__dark k-icon-transition k-rate--void-icon\\" role=\\"\\" aria-hidden=\\"true\\" style=\\"width: 100%; height: 100%;\\"></span></span> </div>"`;

exports[`Test: KRate > props: size 3`] = `"<div class=\\"k-rate k-rate--lg\\"><span class=\\"k-rate--item k-rate--item--lg k-rate--item__not-readonly\\" aria-hidden=\\"true\\"><span class=\\"k-icon--base k-icon--base__dark k-icon-transition k-rate--void-icon\\" role=\\"\\" aria-hidden=\\"true\\" style=\\"width: 100%; height: 100%;\\"></span></span><span class=\\"k-rate--item k-rate--item--lg k-rate--item__not-readonly\\" aria-hidden=\\"true\\"><span class=\\"k-icon--base k-icon--base__dark k-icon-transition k-rate--void-icon\\" role=\\"\\" aria-hidden=\\"true\\" style=\\"width: 100%; height: 100%;\\"></span></span><span class=\\"k-rate--item k-rate--item--lg k-rate--item__not-readonly\\" aria-hidden=\\"true\\"><span class=\\"k-icon--base k-icon--base__dark k-icon-transition k-rate--void-icon\\" role=\\"\\" aria-hidden=\\"true\\" style=\\"width: 100%; height: 100%;\\"></span></span><span class=\\"k-rate--item k-rate--item--lg k-rate--item__not-readonly\\" aria-hidden=\\"true\\"><span class=\\"k-icon--base k-icon--base__dark k-icon-transition k-rate--void-icon\\" role=\\"\\" aria-hidden=\\"true\\" style=\\"width: 100%; height: 100%;\\"></span></span><span class=\\"k-rate--item k-rate--item--lg k-rate--item__not-readonly\\" aria-hidden=\\"true\\"><span class=\\"k-icon--base k-icon--base__dark k-icon-transition k-rate--void-icon\\" role=\\"\\" aria-hidden=\\"true\\" style=\\"width: 100%; height: 100%;\\"></span></span> </div>"`;

exports[`Test: KRate > props: value 1`] = `"<div class=\\"k-rate k-rate--md\\"><span class=\\"k-rate--item k-rate--item--md k-rate--item__not-readonly\\" aria-hidden=\\"true\\"><span class=\\"k-icon--base k-icon--base__dark k-icon-transition k-rate--active-icon\\" role=\\"\\" aria-hidden=\\"true\\" style=\\"width: 100%; height: 100%;\\"></span></span><span class=\\"k-rate--item k-rate--item--md k-rate--item__not-readonly\\" aria-hidden=\\"true\\"><span class=\\"k-icon--base k-icon--base__dark k-icon-transition k-rate--active-icon\\" role=\\"\\" aria-hidden=\\"true\\" style=\\"width: 100%; height: 100%;\\"></span></span><span class=\\"k-rate--item k-rate--item--md k-rate--item__not-readonly\\" aria-hidden=\\"true\\"><span class=\\"k-icon--base k-icon--base__dark k-icon-transition k-rate--active-icon\\" role=\\"\\" aria-hidden=\\"true\\" style=\\"width: 100%; height: 100%;\\"></span></span><span class=\\"k-rate--item k-rate--item--md k-rate--item__not-readonly\\" aria-hidden=\\"true\\"><span class=\\"k-icon--base k-icon--base__dark k-icon-transition k-rate--void-icon\\" role=\\"\\" aria-hidden=\\"true\\" style=\\"width: 100%; height: 100%;\\"></span></span><span class=\\"k-rate--item k-rate--item--md k-rate--item__not-readonly\\" aria-hidden=\\"true\\"><span class=\\"k-icon--base k-icon--base__dark k-icon-transition k-rate--void-icon\\" role=\\"\\" aria-hidden=\\"true\\" style=\\"width: 100%; height: 100%;\\"></span></span> </div>"`;

exports[`Test: KRate > props: voidColor 1`] = `"<div class=\\"k-rate k-rate--md\\"><span class=\\"k-rate--item k-rate--item--md k-rate--item__not-readonly\\" aria-hidden=\\"true\\"><span class=\\"k-icon--base k-icon--base__dark k-icon-transition k-rate--active-icon\\" role=\\"\\" aria-hidden=\\"true\\" style=\\"width: 100%; height: 100%;\\"></span></span><span class=\\"k-rate--item k-rate--item--md k-rate--item__not-readonly\\" aria-hidden=\\"true\\"><span class=\\"k-icon--base k-icon--base__dark k-icon-transition k-rate--active-icon\\" role=\\"\\" aria-hidden=\\"true\\" style=\\"width: 100%; height: 100%;\\"></span></span><span class=\\"k-rate--item k-rate--item--md k-rate--item__not-readonly\\" aria-hidden=\\"true\\"><span class=\\"k-icon--base k-icon--base__dark k-icon-transition k-rate--active-icon\\" role=\\"\\" aria-hidden=\\"true\\" style=\\"width: 100%; height: 100%;\\"></span></span><span class=\\"k-rate--item k-rate--item--md k-rate--item__not-readonly\\" aria-hidden=\\"true\\"><span class=\\"k-icon--base k-icon--base__dark k-icon-transition k-rate--void-icon\\" role=\\"\\" aria-hidden=\\"true\\" style=\\"background: green; width: 100%; height: 100%;\\"></span></span><span class=\\"k-rate--item k-rate--item--md k-rate--item__not-readonly\\" aria-hidden=\\"true\\"><span class=\\"k-icon--base k-icon--base__dark k-icon-transition k-rate--void-icon\\" role=\\"\\" aria-hidden=\\"true\\" style=\\"background: green; width: 100%; height: 100%;\\"></span></span> </div>"`;

exports[`Test: KRate > props: voidIcon 1`] = `"<div class=\\"k-rate k-rate--md\\"><span class=\\"k-rate--item k-rate--item--md k-rate--item__not-readonly\\" aria-hidden=\\"true\\"><span class=\\"k-icon--base k-icon--base__dark k-icon-transition k-rate--active-icon\\" role=\\"\\" aria-hidden=\\"true\\" style=\\"width: 100%; height: 100%;\\"></span></span><span class=\\"k-rate--item k-rate--item--md k-rate--item__not-readonly\\" aria-hidden=\\"true\\"><span class=\\"k-icon--base k-icon--base__dark k-icon-transition k-rate--active-icon\\" role=\\"\\" aria-hidden=\\"true\\" style=\\"width: 100%; height: 100%;\\"></span></span><span class=\\"k-rate--item k-rate--item--md k-rate--item__not-readonly\\" aria-hidden=\\"true\\"><span class=\\"k-icon--base k-icon--base__dark k-icon-transition k-rate--active-icon\\" role=\\"\\" aria-hidden=\\"true\\" style=\\"width: 100%; height: 100%;\\"></span></span><span class=\\"k-rate--item k-rate--item--md k-rate--item__not-readonly\\" aria-hidden=\\"true\\"><span class=\\"k-icon--base k-icon--base__dark k-icon-transition i-icon-void\\" role=\\"\\" aria-hidden=\\"true\\" style=\\"width: 100%; height: 100%;\\"></span></span><span class=\\"k-rate--item k-rate--item--md k-rate--item__not-readonly\\" aria-hidden=\\"true\\"><span class=\\"k-icon--base k-icon--base__dark k-icon-transition i-icon-void\\" role=\\"\\" aria-hidden=\\"true\\" style=\\"width: 100%; height: 100%;\\"></span></span> </div>"`;
