// Vitest Snapshot v1, https://vitest.dev/guide/snapshot.html

exports[`Test: KProgress > props: circle & dashboard status 1`] = `"<div class=\\"k-progress__cd\\" style=\\"width: 126px; height: 126px;\\"><svg width=\\"126\\" height=\\"126\\" viewBox=\\"0 0 126 126\\"><circle cx=\\"63\\" cy=\\"63\\" r=\\"57\\" stroke-width=\\"6\\" stroke-linecap=\\"round\\" stroke-dasharray=\\"358.1415625092364 358.1415625092364\\" stroke-dashoffset=\\"0\\" fill=\\"none\\" transform=\\"rotate(-90, 63, 63)\\" class=\\"k-progress--stroke--runway k-progress--stroke--runway__dark\\"></circle> <circle cx=\\"63\\" cy=\\"63\\" r=\\"57\\" stroke=\\"\\" stroke-width=\\"6\\" stroke-linecap=\\"round\\" stroke-dasharray=\\"0 358.1415625092364\\" stroke-dashoffset=\\"0\\" fill=\\"none\\" transform=\\"rotate(-90, 63, 63)\\" class=\\"k-progress--bar__cd k-progress--stroke--success\\"></circle></svg> <div class=\\"k-progress--text__cd\\"><span>0%</span></div></div>"`;

exports[`Test: KProgress > props: circle & dashboard strokeWidth 1`] = `"<div class=\\"k-progress__cd\\" style=\\"width: 126px; height: 126px;\\"><svg width=\\"126\\" height=\\"126\\" viewBox=\\"0 0 126 126\\"><circle cx=\\"63\\" cy=\\"63\\" r=\\"-457\\" stroke-width=\\"520\\" stroke-linecap=\\"round\\" stroke-dasharray=\\"-2871.415685381071 -2871.415685381071\\" stroke-dashoffset=\\"0\\" fill=\\"none\\" transform=\\"rotate(-90, 63, 63)\\" class=\\"k-progress--stroke--runway k-progress--stroke--runway__dark\\"></circle> <circle cx=\\"63\\" cy=\\"63\\" r=\\"-457\\" stroke=\\"\\" stroke-width=\\"520\\" stroke-linecap=\\"round\\" stroke-dasharray=\\"-287.1415685381071 -2871.415685381071\\" stroke-dashoffset=\\"0\\" fill=\\"none\\" transform=\\"rotate(-90, 63, 63)\\" class=\\"k-progress--bar__cd k-progress--stroke--primary\\"></circle></svg> <div class=\\"k-progress--text__cd\\"><span>10%</span></div></div>"`;

exports[`Test: KProgress > props: circle & dashboard width 1`] = `"<div class=\\"k-progress__cd\\" style=\\"width: 520px; height: 520px;\\"><svg width=\\"520\\" height=\\"520\\" viewBox=\\"0 0 520 520\\"><circle cx=\\"260\\" cy=\\"260\\" r=\\"254\\" stroke-width=\\"6\\" stroke-linecap=\\"round\\" stroke-dasharray=\\"1595.929068023615 1595.929068023615\\" stroke-dashoffset=\\"0\\" fill=\\"none\\" transform=\\"rotate(-90, 260, 260)\\" class=\\"k-progress--stroke--runway k-progress--stroke--runway__dark\\"></circle> <circle cx=\\"260\\" cy=\\"260\\" r=\\"254\\" stroke=\\"\\" stroke-width=\\"6\\" stroke-linecap=\\"round\\" stroke-dasharray=\\"159.5929068023615 1595.929068023615\\" stroke-dashoffset=\\"0\\" fill=\\"none\\" transform=\\"rotate(-90, 260, 260)\\" class=\\"k-progress--bar__cd k-progress--stroke--primary\\"></circle></svg> <div class=\\"k-progress--text__cd\\"><span>10%</span></div></div>"`;

exports[`Test: KProgress > props: circle percentage 1`] = `"<div class=\\"k-progress__cd\\" style=\\"width: 126px; height: 126px;\\"><svg width=\\"126\\" height=\\"126\\" viewBox=\\"0 0 126 126\\"><circle cx=\\"63\\" cy=\\"63\\" r=\\"57\\" stroke-width=\\"6\\" stroke-linecap=\\"round\\" stroke-dasharray=\\"358.1415625092364 358.1415625092364\\" stroke-dashoffset=\\"0\\" fill=\\"none\\" transform=\\"rotate(-90, 63, 63)\\" class=\\"k-progress--stroke--runway k-progress--stroke--runway__dark\\"></circle> <circle cx=\\"63\\" cy=\\"63\\" r=\\"57\\" stroke=\\"\\" stroke-width=\\"6\\" stroke-linecap=\\"round\\" stroke-dasharray=\\"35.81415625092364 358.1415625092364\\" stroke-dashoffset=\\"0\\" fill=\\"none\\" transform=\\"rotate(-90, 63, 63)\\" class=\\"k-progress--bar__cd k-progress--stroke--primary\\"></circle></svg> <div class=\\"k-progress--text__cd\\"><span>10%</span></div></div>"`;

exports[`Test: KProgress > props: color 1`] = `"<div class=\\"k-progress--container\\"><div class=\\"k-progress--base k-progress--base__dark\\" style=\\"width: 90%; height: 6px; border-radius: 6px;\\"><div class=\\"k-progress--runway\\"><div class=\\"k-progress--bar k-progress--primary\\" style=\\"width: 10%; background-color: rgb(0, 0, 0); border-radius: 6px; transition-duration: 0.28s; left: 0%;\\"><div class=\\"k-progress--content__textInside\\"></div></div></div></div> <div class=\\"k-progress--content__textOutside\\"><span>10%</span></div></div>"`;

exports[`Test: KProgress > props: dashboard percentage 1`] = `"<div class=\\"k-progress__cd\\" style=\\"width: 126px; height: 126px;\\"><svg width=\\"126\\" height=\\"126\\" viewBox=\\"0 0 126 126\\"><circle cx=\\"63\\" cy=\\"63\\" r=\\"57\\" stroke-width=\\"6\\" stroke-linecap=\\"round\\" stroke-dasharray=\\"268.6061718819273 358.1415625092364\\" stroke-dashoffset=\\"-44.76769531365455\\" fill=\\"none\\" transform=\\"rotate(90, 63, 63)\\" class=\\"k-progress--stroke--runway k-progress--stroke--runway__dark\\"></circle> <circle cx=\\"63\\" cy=\\"63\\" r=\\"57\\" stroke=\\"\\" stroke-width=\\"6\\" stroke-linecap=\\"round\\" stroke-dasharray=\\"26.860617188192734 358.1415625092364\\" stroke-dashoffset=\\"-44.76769531365455\\" fill=\\"none\\" transform=\\"rotate(90, 63, 63)\\" class=\\"k-progress--bar__cd k-progress--stroke--primary\\"></circle></svg> <div class=\\"k-progress--text__cd\\"><span>10%</span></div></div>"`;

exports[`Test: KProgress > props: duration 1`] = `"<div class=\\"k-progress--container\\"><div class=\\"k-progress--base k-progress--base__dark\\" style=\\"width: 90%; height: 6px; border-radius: 6px;\\"><div class=\\"k-progress--runway\\"><div class=\\"k-progress--bar k-progress--primary\\" style=\\"width: 10%; border-radius: 6px; transition-duration: 0.52s; left: 0%;\\"><div class=\\"k-progress--content__textInside\\"></div></div></div></div> <div class=\\"k-progress--content__textOutside\\"><span>10%</span></div></div>"`;

exports[`Test: KProgress > props: format 1`] = `"<div class=\\"k-progress--container\\"><div class=\\"k-progress--base k-progress--base__dark\\" style=\\"width: 90%; height: 6px; border-radius: 6px;\\"><div class=\\"k-progress--runway\\"><div class=\\"k-progress--bar k-progress--primary\\" style=\\"width: 10%; border-radius: 6px; transition-duration: 0.28s; left: 0%;\\"><div class=\\"k-progress--content__textInside\\"></div></div></div></div> <div class=\\"k-progress--content__textOutside\\"><span>我欲与君相知，长命无绝衰10</span></div></div>"`;

exports[`Test: KProgress > props: line percentage 1`] = `"<div class=\\"k-progress--container\\"><div class=\\"k-progress--base k-progress--base__dark\\" style=\\"width: 90%; height: 6px; border-radius: 6px;\\"><div class=\\"k-progress--runway\\"><div class=\\"k-progress--bar k-progress--primary\\" style=\\"width: 10%; border-radius: 6px; transition-duration: 0.28s; left: 0%;\\"><div class=\\"k-progress--content__textInside\\"></div></div></div></div> <div class=\\"k-progress--content__textOutside\\"><span>10%</span></div></div>"`;

exports[`Test: KProgress > props: line status 1`] = `"<div class=\\"k-progress--container\\"><div class=\\"k-progress--base k-progress--base__dark\\" style=\\"width: 90%; height: 6px; border-radius: 6px;\\"><div class=\\"k-progress--runway\\"><div class=\\"k-progress--bar k-progress--success\\" style=\\"width: 10%; border-radius: 6px; transition-duration: 0.28s; left: 0%;\\"><div class=\\"k-progress--content__textInside\\"></div></div></div></div> <div class=\\"k-progress--content__textOutside\\"><span>10%</span></div></div>"`;

exports[`Test: KProgress > props: line strokeWidth 1`] = `"<div class=\\"k-progress--container\\"><div class=\\"k-progress--base k-progress--base__dark\\" style=\\"width: 90%; height: 520px; border-radius: 520px;\\"><div class=\\"k-progress--runway\\"><div class=\\"k-progress--bar k-progress--primary\\" style=\\"width: 10%; border-radius: 520px; transition-duration: 0.28s; left: 0%;\\"><div class=\\"k-progress--content__textInside\\"></div></div></div></div> <div class=\\"k-progress--content__textOutside\\"><span>10%</span></div></div>"`;

exports[`Test: KProgress > props: textInside & showText 1`] = `"<div class=\\"k-progress--container\\"><div class=\\"k-progress--base k-progress--base__dark\\" style=\\"width: 90%; height: 6px; border-radius: 6px;\\"><div class=\\"k-progress--runway\\"><div class=\\"k-progress--bar k-progress--primary\\" style=\\"width: 10%; border-radius: 6px; transition-duration: 0.28s; left: 0%;\\"><div class=\\"k-progress--content__textInside\\"><span>10%</span></div></div></div></div> <div class=\\"k-progress--content__textOutside\\"></div></div>"`;

exports[`Test: KProgress > slots: default 1`] = `"<div class=\\"k-progress--container\\"><div class=\\"k-progress--base k-progress--base__dark\\" style=\\"width: 90%; height: 6px; border-radius: 6px;\\"><div class=\\"k-progress--runway\\"><div class=\\"k-progress--bar k-progress--primary\\" style=\\"width: 0%; border-radius: 6px; transition-duration: 0.28s; left: 0%;\\"><div class=\\"k-progress--content__textInside\\"></div></div></div></div> <div class=\\"k-progress--content__textOutside\\"><span class=\\"defaultSlot\\">🏀</span></div></div>"`;
