// Vitest Snapshot v1, https://vitest.dev/guide/snapshot.html

exports[`Test: KImage > props: alt 1`] = `"<div class=\\"k-image\\"><img alt=\\"demo\\" aria-hidden=\\"true\\" src=\\"\\" class=\\"k-image__inner k-image__loading\\"> <div class=\\"k-image__wrapper\\"><div class=\\"k-image__placeholder\\"></div></div> </div>"`;

exports[`Test: KImage > props: cls 1`] = `"<div class=\\"k-image k-image--test\\"><img alt=\\"\\" aria-hidden=\\"true\\" src=\\"\\" class=\\"k-image__inner k-image__loading\\"> <div class=\\"k-image__wrapper\\"><div class=\\"k-image__placeholder\\"></div></div> </div>"`;

exports[`Test: KImage > props: fit 1`] = `"<div class=\\"demo-image svelte-1ep430a\\"><div class=\\"block svelte-1ep430a\\"><span class=\\"demonstration svelte-1ep430a\\">fill</span> <div class=\\"k-image\\"><img alt=\\"https://pic3.zhimg.com/80/v2-f0f6615f256bdd3aeb77ec0637bab192_1440w.webp\\" aria-hidden=\\"true\\" style=\\"width: 100px; height: 100px; object-fit: fill;\\" src=\\"https://pic3.zhimg.com/80/v2-f0f6615f256bdd3aeb77ec0637bab192_1440w.webp\\" class=\\"k-image__inner k-image__loading\\"> <div class=\\"k-image__wrapper\\"><div class=\\"k-image__placeholder\\"></div></div> </div> </div><div class=\\"block svelte-1ep430a\\"><span class=\\"demonstration svelte-1ep430a\\">contain</span> <div class=\\"k-image\\"><img alt=\\"https://pic3.zhimg.com/80/v2-f0f6615f256bdd3aeb77ec0637bab192_1440w.webp\\" aria-hidden=\\"true\\" style=\\"width: 100px; height: 100px; object-fit: contain;\\" src=\\"https://pic3.zhimg.com/80/v2-f0f6615f256bdd3aeb77ec0637bab192_1440w.webp\\" class=\\"k-image__inner k-image__loading\\"> <div class=\\"k-image__wrapper\\"><div class=\\"k-image__placeholder\\"></div></div> </div> </div><div class=\\"block svelte-1ep430a\\"><span class=\\"demonstration svelte-1ep430a\\">cover</span> <div class=\\"k-image\\"><img alt=\\"https://pic3.zhimg.com/80/v2-f0f6615f256bdd3aeb77ec0637bab192_1440w.webp\\" aria-hidden=\\"true\\" style=\\"width: 100px; height: 100px; object-fit: cover;\\" src=\\"https://pic3.zhimg.com/80/v2-f0f6615f256bdd3aeb77ec0637bab192_1440w.webp\\" class=\\"k-image__inner k-image__loading\\"> <div class=\\"k-image__wrapper\\"><div class=\\"k-image__placeholder\\"></div></div> </div> </div><div class=\\"block svelte-1ep430a\\"><span class=\\"demonstration svelte-1ep430a\\">none</span> <div class=\\"k-image\\"><img alt=\\"https://pic3.zhimg.com/80/v2-f0f6615f256bdd3aeb77ec0637bab192_1440w.webp\\" aria-hidden=\\"true\\" style=\\"width: 100px; height: 100px; object-fit: none;\\" src=\\"https://pic3.zhimg.com/80/v2-f0f6615f256bdd3aeb77ec0637bab192_1440w.webp\\" class=\\"k-image__inner k-image__loading\\"> <div class=\\"k-image__wrapper\\"><div class=\\"k-image__placeholder\\"></div></div> </div> </div><div class=\\"block svelte-1ep430a\\"><span class=\\"demonstration svelte-1ep430a\\">scale-down</span> <div class=\\"k-image\\"><img alt=\\"https://pic3.zhimg.com/80/v2-f0f6615f256bdd3aeb77ec0637bab192_1440w.webp\\" aria-hidden=\\"true\\" style=\\"width: 100px; height: 100px; object-fit: scale-down;\\" src=\\"https://pic3.zhimg.com/80/v2-f0f6615f256bdd3aeb77ec0637bab192_1440w.webp\\" class=\\"k-image__inner k-image__loading\\"> <div class=\\"k-image__wrapper\\"><div class=\\"k-image__placeholder\\"></div></div> </div> </div></div>"`;

exports[`Test: KImage > props: previewSrcList 1`] = `
"<div class=\\"k-image\\"><img alt=\\"\\" aria-hidden=\\"true\\" src=\\"\\" class=\\"k-image__inner k-image__inner k-image__loading\\"> <div class=\\"k-image__wrapper\\"><div class=\\"k-image__placeholder\\"></div></div> <div class=\\"k-mask--base\\" style=\\"top: 0px; left: 0px; width: 100%; height: 100%; animation: __svelte_665066525_0 300ms linear 0ms 1 both;\\"><div class=\\"k-image-view\\"><div class=\\"k-image-view--close\\" aria-hidden=\\"true\\"><span class=\\"k-icon--base k-icon--base__dark k-icon-transition i-carbon-close\\" role=\\"\\" aria-hidden=\\"true\\" style=\\"width: 26px; height: 26px;\\"></span></div> <div class=\\"k-image-view--body\\"><img src=\\"previewSrcList\\" alt=\\"previewSrcList\\" class=\\"k-image-view--body__img\\" style=\\"
		transform: translate3d(0px, 0px, 0px) scale3d(1, 1, 1) rotate(0deg);
		transition: transform 0.3s ease 0s;
	\\"></div> <div class=\\"k-image-view--footer__wrapper\\"><div class=\\"k-image-view--footer\\"> <span class=\\"k-icon--base k-icon--base__dark k-icon-transition i-carbon-arrows-vertical k-image-view--footer__icon\\" role=\\"\\" aria-hidden=\\"true\\" style=\\"width: 20px; height: 20px;\\"></span> <span class=\\"k-icon--base k-icon--base__dark k-icon-transition i-carbon-arrows-horizontal k-image-view--footer__icon\\" role=\\"\\" aria-hidden=\\"true\\" style=\\"width: 20px; height: 20px;\\"></span> <span class=\\"k-icon--base k-icon--base__dark k-icon-transition i-carbon-rotate-counterclockwise k-image-view--footer__icon\\" role=\\"\\" aria-hidden=\\"true\\" style=\\"width: 20px; height: 20px;\\"></span> <span class=\\"k-icon--base k-icon--base__dark k-icon-transition i-carbon-rotate-clockwise k-image-view--footer__icon\\" role=\\"\\" aria-hidden=\\"true\\" style=\\"width: 20px; height: 20px;\\"></span> <span class=\\"k-icon--base k-icon--base__dark k-icon-transition i-carbon-zoom-out k-image-view--footer__icon__disabled\\" role=\\"\\" aria-hidden=\\"true\\" style=\\"width: 20px; height: 20px;\\"></span> <span class=\\"k-icon--base k-icon--base__dark k-icon-transition i-carbon-zoom-in k-image-view--footer__icon\\" role=\\"\\" aria-hidden=\\"true\\" style=\\"width: 20px; height: 20px;\\"></span> </div></div></div></div></div>"
`;

exports[`Test: KImage > props: src 1`] = `"<div class=\\"k-image\\"><img alt=\\"demo\\" aria-hidden=\\"true\\" src=\\"demo\\" class=\\"k-image__inner k-image__loading\\"> <div class=\\"k-image__wrapper\\"><div class=\\"k-image__placeholder\\"></div></div> </div>"`;

exports[`Test: KImage > slots: placeHolder 1`] = `"<div class=\\"k-image\\"><img alt=\\"\\" aria-hidden=\\"true\\" style=\\"width: 100px; height: 100px;\\" src=\\"\\" class=\\"k-image__inner k-image__loading\\"> <div class=\\"k-image__wrapper\\"><p slot=\\"placeholder\\">test placeholder</p></div> </div>"`;
