// Vitest Snapshot v1, https://vitest.dev/guide/snapshot.html

exports[`Test: KSegmented > props: block 1`] = `"<div class="k-segmented k-segmented__dark k-segmented-block"><div class="k-segmented-group"><div class="k-segmented-item--md k-segmented-item__dark k-segmented-item k-segmented-item--block" aria-hidden="true"><div title="Daily" class="k-segmented-item--label"><span> Daily</span></div> <div class="k-segmented-item--active k-segmented-item--active__dark"></div></div> <div class="k-segmented-item--md k-segmented-item__dark k-segmented-item k-segmented-item--block" aria-hidden="true"><div title="Weekly" class="k-segmented-item--label"><span> Weekly</span></div> </div> <div class="k-segmented-item--md k-segmented-item__dark k-segmented-item k-segmented-item--block" aria-hidden="true"><div title="Monthly" class="k-segmented-item--label"><span> Monthly</span></div> </div> <div class="k-segmented-item--md k-segmented-item__dark k-segmented-item k-segmented-item--block" aria-hidden="true"><div title="Quarterly" class="k-segmented-item--label"><span> Quarterly</span></div> </div> <div class="k-segmented-item--md k-segmented-item__dark k-segmented-item k-segmented-item--block" aria-hidden="true"><div title="Yearly" class="k-segmented-item--label"><span> Yearly</span></div> </div></div></div>"`;

exports[`Test: KSegmented > props: cls 1`] = `"<div class="k-segmented k-segmented__dark k-segmented--test"><div class="k-segmented-group"></div></div>"`;

exports[`Test: KSegmented > props: size 1`] = `"<div class="k-segmented k-segmented__dark"><div class="k-segmented-group"><div class="k-segmented-item--lg k-segmented-item__dark k-segmented-item" aria-hidden="true"><div title="Daily" class="k-segmented-item--label"><span> Daily</span></div> <div class="k-segmented-item--active k-segmented-item--active__dark"></div></div> <div class="k-segmented-item--lg k-segmented-item__dark k-segmented-item" aria-hidden="true"><div title="Weekly" class="k-segmented-item--label"><span> Weekly</span></div> </div> <div class="k-segmented-item--lg k-segmented-item__dark k-segmented-item" aria-hidden="true"><div title="Monthly" class="k-segmented-item--label"><span> Monthly</span></div> </div> <div class="k-segmented-item--lg k-segmented-item__dark k-segmented-item" aria-hidden="true"><div title="Quarterly" class="k-segmented-item--label"><span> Quarterly</span></div> </div> <div class="k-segmented-item--lg k-segmented-item__dark k-segmented-item" aria-hidden="true"><div title="Yearly" class="k-segmented-item--label"><span> Yearly</span></div> </div></div></div> <button id="test_lg">Daily-value</button> <button id="test_md">Daily-value</button> <button id="test_sm">Daily-value</button>"`;

exports[`Test: KSegmented > props: size 2`] = `"<div class="k-segmented k-segmented__dark"><div class="k-segmented-group"><div class="k-segmented-item--md k-segmented-item__dark k-segmented-item" aria-hidden="true"><div title="Daily" class="k-segmented-item--label"><span> Daily</span></div> <div class="k-segmented-item--active k-segmented-item--active__dark"></div></div> <div class="k-segmented-item--md k-segmented-item__dark k-segmented-item" aria-hidden="true"><div title="Weekly" class="k-segmented-item--label"><span> Weekly</span></div> </div> <div class="k-segmented-item--md k-segmented-item__dark k-segmented-item" aria-hidden="true"><div title="Monthly" class="k-segmented-item--label"><span> Monthly</span></div> </div> <div class="k-segmented-item--md k-segmented-item__dark k-segmented-item" aria-hidden="true"><div title="Quarterly" class="k-segmented-item--label"><span> Quarterly</span></div> </div> <div class="k-segmented-item--md k-segmented-item__dark k-segmented-item" aria-hidden="true"><div title="Yearly" class="k-segmented-item--label"><span> Yearly</span></div> </div></div></div> <button id="test_lg">Daily-value</button> <button id="test_md">Daily-value</button> <button id="test_sm">Daily-value</button>"`;

exports[`Test: KSegmented > props: size 3`] = `"<div class="k-segmented k-segmented__dark"><div class="k-segmented-group"><div class="k-segmented-item--sm k-segmented-item__dark k-segmented-item" aria-hidden="true"><div title="Daily" class="k-segmented-item--label"><span> Daily</span></div> <div class="k-segmented-item--active k-segmented-item--active__dark"></div></div> <div class="k-segmented-item--sm k-segmented-item__dark k-segmented-item" aria-hidden="true"><div title="Weekly" class="k-segmented-item--label"><span> Weekly</span></div> </div> <div class="k-segmented-item--sm k-segmented-item__dark k-segmented-item" aria-hidden="true"><div title="Monthly" class="k-segmented-item--label"><span> Monthly</span></div> </div> <div class="k-segmented-item--sm k-segmented-item__dark k-segmented-item" aria-hidden="true"><div title="Quarterly" class="k-segmented-item--label"><span> Quarterly</span></div> </div> <div class="k-segmented-item--sm k-segmented-item__dark k-segmented-item" aria-hidden="true"><div title="Yearly" class="k-segmented-item--label"><span> Yearly</span></div> </div></div></div> <button id="test_lg">Daily-value</button> <button id="test_md">Daily-value</button> <button id="test_sm">Daily-value</button>"`;

exports[`Test: KSegmentedItem > props: block 1`] = `"<div class="k-segmented k-segmented__dark"><div class="k-segmented-group"><div class="k-segmented-item--md k-segmented-item__dark k-segmented-item" aria-hidden="true"><div title="Daily" class="k-segmented-item--label"><span> Daily</span></div> <div class="k-segmented-item--active k-segmented-item--active__dark"></div></div> <div class="k-segmented-item--md k-segmented-item__dark k-segmented-item" aria-hidden="true"><div title="Weekly" class="k-segmented-item--label"><span> Weekly</span></div> </div> <div class="k-segmented-item--md k-segmented-item__dark k-segmented-item" aria-hidden="true"><div title="Monthly" class="k-segmented-item--label"><span> Monthly</span></div> </div> <div class="k-segmented-item--md k-segmented-item__dark k-segmented-item" aria-hidden="true"><div title="Quarterly" class="k-segmented-item--label"><span> Quarterly</span></div> </div> <div class="k-segmented-item--md k-segmented-item__dark k-segmented-item" aria-hidden="true"><div title="Yearly" class="k-segmented-item--label"><span> Yearly</span></div> </div></div></div> <div id="test_value">Daily-value</div>"`;

exports[`Test: KSegmentedItem > props: disabled 1`] = `"<div class="k-segmented k-segmented__dark"><div class="k-segmented-group"><div class="k-segmented-item--md k-segmented-item__dark k-segmented-item" aria-hidden="true"><div title="Daily" class="k-segmented-item--label"><span> Daily</span></div> <div class="k-segmented-item--active k-segmented-item--active__dark"></div></div> <div class="k-segmented-item--md k-segmented-item__dark k-segmented-item" aria-hidden="true"><div title="Weekly" class="k-segmented-item--label"><span> Weekly</span></div> </div> <div class="k-segmented-item--md k-segmented-item__dark k-segmented-item--disabled" aria-hidden="true"><div title="Monthly" class="k-segmented-item--label"><span> Monthly</span></div> </div> <div class="k-segmented-item--md k-segmented-item__dark k-segmented-item" aria-hidden="true"><div title="Quarterly" class="k-segmented-item--label"><span> Quarterly</span></div> </div> <div class="k-segmented-item--md k-segmented-item__dark k-segmented-item" aria-hidden="true"><div title="Yearly" class="k-segmented-item--label"><span> Yearly</span></div> </div></div></div> <div id="test_value">Daily-value</div>"`;

exports[`Test: KSegmentedItem > props: icon 1`] = `"<div class="k-segmented k-segmented__dark"><div class="k-segmented-group"><div class="k-segmented-item--md k-segmented-item__dark k-segmented-item" aria-hidden="true"><div title="Daily" class="k-segmented-item--label"><span><span class="k-icon--base k-icon--base__dark k-icon-transition i-icon-logo-vue k-segmented-item--icon" role="" aria-hidden="true" style="width: 18px; height: 18px;"></span> Daily</span></div> <div class="k-segmented-item--active k-segmented-item--active__dark"></div></div> <div class="k-segmented-item--md k-segmented-item__dark k-segmented-item" aria-hidden="true"><div title="Weekly" class="k-segmented-item--label"><span> Weekly</span></div> </div> <div class="k-segmented-item--md k-segmented-item__dark k-segmented-item" aria-hidden="true"><div title="Monthly" class="k-segmented-item--label"><span> Monthly</span></div> </div> <div class="k-segmented-item--md k-segmented-item__dark k-segmented-item" aria-hidden="true"><div title="Quarterly" class="k-segmented-item--label"><span> Quarterly</span></div> </div> <div class="k-segmented-item--md k-segmented-item__dark k-segmented-item" aria-hidden="true"><div title="Yearly" class="k-segmented-item--label"><span> Yearly</span></div> </div></div></div> <div id="test_value">Daily-value</div>"`;

exports[`Test: KSegmentedItem > props: onlyIcon 1`] = `"<div class="k-segmented k-segmented__dark"><div class="k-segmented-group"><div class="k-segmented-item--md k-segmented-item__dark k-segmented-item" aria-hidden="true"><div title="Daily" class="k-segmented-item--label"><span><span class="k-icon--base k-icon--base__dark k-icon-transition i-icon-logo-vue k-segmented-item--icon" role="" aria-hidden="true" style="width: 18px; height: 18px;"></span> </span></div> <div class="k-segmented-item--active k-segmented-item--active__dark"></div></div> <div class="k-segmented-item--md k-segmented-item__dark k-segmented-item" aria-hidden="true"><div title="Weekly" class="k-segmented-item--label"><span> Weekly</span></div> </div> <div class="k-segmented-item--md k-segmented-item__dark k-segmented-item" aria-hidden="true"><div title="Monthly" class="k-segmented-item--label"><span> Monthly</span></div> </div> <div class="k-segmented-item--md k-segmented-item__dark k-segmented-item" aria-hidden="true"><div title="Quarterly" class="k-segmented-item--label"><span> Quarterly</span></div> </div> <div class="k-segmented-item--md k-segmented-item__dark k-segmented-item" aria-hidden="true"><div title="Yearly" class="k-segmented-item--label"><span> Yearly</span></div> </div></div></div> <div id="test_value">Daily-value</div>"`;

exports[`Test: KSegmentedItem > slots: default 1`] = `"<div class="k-segmented k-segmented__dark"><div class="k-segmented-group"><div class="k-segmented-item--md k-segmented-item__dark k-segmented-item" aria-hidden="true"><span class="custom-segmented-item svelte-1lybzi">Daily 🐔</span> <div class="k-segmented-item--active k-segmented-item--active__dark"></div></div> <div class="k-segmented-item--md k-segmented-item__dark k-segmented-item" aria-hidden="true"><span class="custom-segmented-item svelte-1lybzi">Weekly 🎤</span> </div> <div class="k-segmented-item--md k-segmented-item__dark k-segmented-item" aria-hidden="true"><span class="custom-segmented-item svelte-1lybzi">Monthly 💃</span> </div> <div class="k-segmented-item--md k-segmented-item__dark k-segmented-item" aria-hidden="true"><span class="custom-segmented-item svelte-1lybzi">Quarterly ✌️</span> </div> <div class="k-segmented-item--md k-segmented-item__dark k-segmented-item" aria-hidden="true"><span class="custom-segmented-item svelte-1lybzi">Yearly 🏀</span> </div></div></div>"`;
