// Vitest Snapshot v1, https://vitest.dev/guide/snapshot.html

exports[`Test: KCheckboxGroup > When it is disabled, the value changes and the status of the checkbox not changes. 1`] = `"<div class="h-full" style="width: 600px;"><button id="group_change_disabled_btn"></button> <div class="k-checkbox-group k-checkbox-group--base"><label class="k-checkbox--base k-checkbox--base__dark k-checkbox--md k-cur-disabled"><input disabled="" type="checkbox" value="false" hidden=""> <div class="k-checkbox--box k-checkbox--box__disabled animate-ikun-checking"> </div> 1</label> <label class="k-checkbox--base k-checkbox--base__dark k-checkbox--md k-cur-disabled"><input disabled="" type="checkbox" value="false" hidden=""> <div class="k-checkbox--box k-checkbox--box__disabled animate-ikun-checking"> </div> 2</label> <label class="k-checkbox--base k-checkbox--base__dark k-checkbox--md k-cur-disabled"><input disabled="" type="checkbox" value="true" hidden=""> <div class="k-checkbox--box k-checkbox--box__disabled animate-ikun-checking"><div><span class="k-icon--base k-icon-transition i-carbon-checkmark text-white" role="" aria-hidden="true"></span></div> </div> 3</label></div></div>"`;

exports[`Test: KCheckboxGroup > When it is disabled, the value of the checkbox can be initialized. 1`] = `"<div class="h-full" style="width: 600px;"><div class="k-checkbox-group k-checkbox-group--base"><label class="k-checkbox--base k-checkbox--base__dark k-checkbox--md k-cur-disabled"><input disabled="" type="checkbox" value="true" hidden=""> <div class="k-checkbox--box k-checkbox--box__disabled animate-ikun-checking"><div><span class="k-icon--base k-icon-transition i-carbon-checkmark text-white" role="" aria-hidden="true"></span></div> </div> 1</label> <label class="k-checkbox--base k-checkbox--base__dark k-checkbox--md k-cur-disabled"><input disabled="" type="checkbox" value="false" hidden=""> <div class="k-checkbox--box k-checkbox--box__disabled animate-ikun-checking"> </div> 2</label> <label class="k-checkbox--base k-checkbox--base__dark k-checkbox--md k-cur-disabled"><input disabled="" type="checkbox" value="true" hidden=""> <div class="k-checkbox--box k-checkbox--box__disabled animate-ikun-checking"><div><span class="k-icon--base k-icon-transition i-carbon-checkmark text-white" role="" aria-hidden="true"></span></div> </div> 3</label></div></div>"`;

exports[`Test: KCheckboxGroup > When it is disabled, when a value of the checkbox changes, the group value is not triggered. 1`] = `"<div class="h-full" style="width: 600px;"><div id="group_trigger_value">3</div> <div class="k-checkbox-group k-checkbox-group--base"><label class="k-checkbox--base k-checkbox--base__dark k-checkbox--md k-cur-disabled"><input disabled="" type="checkbox" value="false" hidden=""> <div class="k-checkbox--box k-checkbox--box__disabled animate-ikun-checking"> </div> 1</label> <label class="k-checkbox--base k-checkbox--base__dark k-checkbox--md k-cur-disabled"><input disabled="" type="checkbox" value="false" hidden=""> <div class="k-checkbox--box k-checkbox--box__disabled animate-ikun-checking"> </div> 2</label> <label class="k-checkbox--base k-checkbox--base__dark k-checkbox--md k-cur-disabled"><input disabled="" type="checkbox" value="true" hidden=""> <div class="k-checkbox--box k-checkbox--box__disabled animate-ikun-checking"><div><span class="k-icon--base k-icon-transition i-carbon-checkmark text-white" role="" aria-hidden="true"></span></div> </div> 3</label></div></div>"`;

exports[`Test: KCheckboxGroup > When it is not disabled, the value changes and the status of the checkbox changes. 1`] = `"<div class="h-full" style="width: 600px;"><button id="group_change_btn"></button> <div class="k-checkbox-group k-checkbox-group--base"><label class="k-checkbox--base k-checkbox--base__dark k-checkbox--md"><input type="checkbox" value="true" hidden=""> <div class="k-checkbox--box bg-ikun-main border-ikun-main animate-ikun-checking"><div style="animation: __svelte_185617033_0 200ms linear 0ms 1 both;"><span class="k-icon--base k-icon-transition i-carbon-checkmark text-white" role="" aria-hidden="true"></span></div> </div> 1</label> <label class="k-checkbox--base k-checkbox--base__dark k-checkbox--md"><input type="checkbox" value="false" hidden=""> <div class="k-checkbox--box animate-ikun-checking"> </div> 2</label> <label class="k-checkbox--base k-checkbox--base__dark k-checkbox--md"><input type="checkbox" value="false" hidden=""> <div class="k-checkbox--box animate-ikun-checking"><div style="animation: __svelte_185617033_0 200ms linear 0ms 1 both;"><span class="k-icon--base k-icon-transition i-carbon-checkmark text-white" role="" aria-hidden="true"></span></div> </div> 3</label></div></div>"`;

exports[`Test: KCheckboxGroup > When it is not disabled, the value of the checkbox can be initialized. 1`] = `"<div class="h-full" style="width: 600px;"><div class="k-checkbox-group k-checkbox-group--base"><label class="k-checkbox--base k-checkbox--base__dark k-checkbox--md"><input type="checkbox" value="true" hidden=""> <div class="k-checkbox--box bg-ikun-main border-ikun-main animate-ikun-checking"><div><span class="k-icon--base k-icon-transition i-carbon-checkmark text-white" role="" aria-hidden="true"></span></div> </div> 1</label> <label class="k-checkbox--base k-checkbox--base__dark k-checkbox--md"><input type="checkbox" value="false" hidden=""> <div class="k-checkbox--box animate-ikun-checking"> </div> 2</label> <label class="k-checkbox--base k-checkbox--base__dark k-checkbox--md"><input type="checkbox" value="true" hidden=""> <div class="k-checkbox--box bg-ikun-main border-ikun-main animate-ikun-checking"><div><span class="k-icon--base k-icon-transition i-carbon-checkmark text-white" role="" aria-hidden="true"></span></div> </div> 3</label></div></div>"`;

exports[`Test: KCheckboxGroup > When it is not disabled, when a value of the checkbox changes, the group value is triggered. 1`] = `"<div class="h-full" style="width: 600px;"><div id="group_trigger_value"></div> <div class="k-checkbox-group k-checkbox-group--base"><label class="k-checkbox--base k-checkbox--base__dark k-checkbox--md"><input type="checkbox" value="false" hidden=""> <div class="k-checkbox--box animate-ikun-checking"><div style="animation: __svelte_185617033_0 200ms linear 0ms 1 both, __svelte_185617033_0 200ms linear 0ms 1 both;"><span class="k-icon--base k-icon-transition i-carbon-checkmark text-white" role="" aria-hidden="true"></span></div> </div> 1</label> <label class="k-checkbox--base k-checkbox--base__dark k-checkbox--md"><input type="checkbox" value="false" hidden=""> <div class="k-checkbox--box animate-ikun-checking"><div style="animation: __svelte_185617033_0 200ms linear 0ms 1 both, __svelte_185617033_0 200ms linear 0ms 1 both;"><span class="k-icon--base k-icon-transition i-carbon-checkmark text-white" role="" aria-hidden="true"></span></div> </div> 2</label> <label class="k-checkbox--base k-checkbox--base__dark k-checkbox--md"><input type="checkbox" value="false" hidden=""> <div class="k-checkbox--box animate-ikun-checking"><div style="animation: __svelte_185617033_0 200ms linear 0ms 1 both;"><span class="k-icon--base k-icon-transition i-carbon-checkmark text-white" role="" aria-hidden="true"></span></div> </div> 3</label></div></div>"`;

exports[`Test: KCheckboxGroup > When the disabled value changes, the checkbox value can be synchronized. 1`] = `"<div class="h-full" style="width: 600px;"><button id="group_change_value_btn"></button> <button id="group_change_disabled_btn"></button> <div class="k-checkbox-group k-checkbox-group--base"><label class="k-checkbox--base k-checkbox--base__dark k-checkbox--md"><input type="checkbox" value="true" hidden=""> <div class="k-checkbox--box bg-ikun-main border-ikun-main animate-ikun-checking"><div style="animation: __svelte_185617033_0 200ms linear 0ms 1 both;"><span class="k-icon--base k-icon-transition i-carbon-checkmark text-white" role="" aria-hidden="true"></span></div> </div> 1</label> <label class="k-checkbox--base k-checkbox--base__dark k-checkbox--md"><input type="checkbox" value="false" hidden=""> <div class="k-checkbox--box animate-ikun-checking"> </div> 2</label> <label class="k-checkbox--base k-checkbox--base__dark k-checkbox--md"><input type="checkbox" value="false" hidden=""> <div class="k-checkbox--box animate-ikun-checking"><div style="animation: __svelte_185617033_0 200ms linear 0ms 1 both;"><span class="k-icon--base k-icon-transition i-carbon-checkmark text-white" role="" aria-hidden="true"></span></div> </div> 3</label></div></div>"`;

exports[`Test: KCheckboxGroup > props: cls 1`] = `"<div class="k-checkbox-group k-checkbox-group--base k-checkbox-group--test"></div>"`;

exports[`Test: KCheckboxGroup > props: size 1`] = `"<div id="group-sm" class="h-full" style="width: 600px;"><div class="k-checkbox-group k-checkbox-group--base"><label class="k-checkbox--base k-checkbox--base__dark k-checkbox--sm"><input type="checkbox" value="false" hidden=""> <div class="k-checkbox--box animate-ikun-checking"> </div> 1</label> <label class="k-checkbox--base k-checkbox--base__dark k-checkbox--sm"><input type="checkbox" value="false" hidden=""> <div class="k-checkbox--box animate-ikun-checking"> </div> 2</label> <label class="k-checkbox--base k-checkbox--base__dark k-checkbox--sm"><input type="checkbox" value="false" hidden=""> <div class="k-checkbox--box animate-ikun-checking"> </div> 3</label></div></div> <div id="group-md" class="h-full" style="width: 600px;"><div class="k-checkbox-group k-checkbox-group--base"><label class="k-checkbox--base k-checkbox--base__dark k-checkbox--md"><input type="checkbox" value="false" hidden=""> <div class="k-checkbox--box animate-ikun-checking"> </div> 1</label> <label class="k-checkbox--base k-checkbox--base__dark k-checkbox--md"><input type="checkbox" value="false" hidden=""> <div class="k-checkbox--box animate-ikun-checking"> </div> 2</label> <label class="k-checkbox--base k-checkbox--base__dark k-checkbox--md"><input type="checkbox" value="false" hidden=""> <div class="k-checkbox--box animate-ikun-checking"> </div> 3</label> <label class="k-checkbox--base k-checkbox--base__dark k-checkbox--md"><input type="checkbox" value="false" hidden=""> <div class="k-checkbox--box animate-ikun-checking"> </div> 4</label> <label class="k-checkbox--base k-checkbox--base__dark k-checkbox--md"><input type="checkbox" value="false" hidden=""> <div class="k-checkbox--box animate-ikun-checking"> </div> 5</label></div></div> <div id="group-lg" class="h-full" style="width: 600px;"><div class="k-checkbox-group k-checkbox-group--base"><label class="k-checkbox--base k-checkbox--base__dark k-checkbox--lg"><input type="checkbox" value="false" hidden=""> <div class="k-checkbox--box animate-ikun-checking"> </div> 1</label> <label class="k-checkbox--base k-checkbox--base__dark k-checkbox--lg"><input type="checkbox" value="false" hidden=""> <div class="k-checkbox--box animate-ikun-checking"> </div> 2</label></div></div>"`;
