// Vitest Snapshot v1, https://vitest.dev/guide/snapshot.html

exports[`Test: KRadio > props: disabled 1`] = `"<label class=\\"k-radio k-radio--base k-radio--base__dark k-radio--md k-cur-disabled\\"><input disabled=\\"\\" type=\\"radio\\" value=\\"false\\" hidden=\\"\\"> <div class=\\"k-radio--box k-radio--box__disabled\\"></div> </label>"`;

exports[`Test: KRadio > props: label 1`] = `"<label class=\\"k-radio k-radio--base k-radio--base__dark k-radio--md\\"><input type=\\"radio\\" value=\\"false\\" hidden=\\"\\"> <div class=\\"k-radio--box\\"></div> <span class=\\"k-radio--label\\">foo</span></label>"`;

exports[`Test: KRadio > props: size 1`] = `"<label class=\\"k-radio k-radio--base k-radio--base__dark k-radio--lg\\"><input type=\\"radio\\" value=\\"false\\" hidden=\\"\\"> <div class=\\"k-radio--box\\"></div> </label>"`;

exports[`Test: KRadio > props: size 2`] = `"<label class=\\"k-radio k-radio--base k-radio--base__dark k-radio--md\\"><input type=\\"radio\\" value=\\"false\\" hidden=\\"\\"> <div class=\\"k-radio--box\\"></div> </label>"`;

exports[`Test: KRadio > props: size 3`] = `"<label class=\\"k-radio k-radio--base k-radio--base__dark k-radio--sm\\"><input type=\\"radio\\" value=\\"false\\" hidden=\\"\\"> <div class=\\"k-radio--box\\"></div> </label>"`;
