// Vitest Snapshot v1, https://vitest.dev/guide/snapshot.html

exports[`Test: KPageHeader > basic render 1`] = `"<div class=\\"k-page-header\\"> <div class=\\"k-page-header__head\\"><div class=\\"k-page-header__left\\"><div class=\\"k-page-header__back\\" role=\\"button\\" tabindex=\\"0\\" aria-hidden=\\"true\\"><div aria-label=\\"Back\\" class=\\"k-page-header__icon\\"><span class=\\"k-icon--base k-icon--base__dark k-icon-transition i-carbon-arrow-left\\" role=\\"\\" aria-hidden=\\"true\\" style=\\"width: 16px; height: 16px;\\"></span></div> <div class=\\"k-page-header__title\\">Back</div></div> <div class=\\"k-divider k-divider--vertical k-divider--vertical__solid k-divider--content-center b-ikun-bd-base\\" data-divider=\\"k-divider\\"></div> <div class=\\"k-page-header__content\\">I‘m Ikun</div></div> </div> </div>"`;

exports[`Test: KPageHeader > props: cls 1`] = `"<div class=\\"k-page-header k-page-header--test\\"> <div class=\\"k-page-header__head\\"><div class=\\"k-page-header__left\\"><div class=\\"k-page-header__back\\" role=\\"button\\" tabindex=\\"0\\" aria-hidden=\\"true\\"><div aria-label=\\"Back\\" class=\\"k-page-header__icon\\"><span class=\\"k-icon--base k-icon--base__dark k-icon-transition i-carbon-arrow-left\\" role=\\"\\" aria-hidden=\\"true\\" style=\\"width: 16px; height: 16px;\\"></span></div> <div class=\\"k-page-header__title\\">Back</div></div> <div class=\\"k-divider k-divider--vertical k-divider--vertical__solid k-divider--content-center b-ikun-bd-base\\" data-divider=\\"k-divider\\"></div> <div class=\\"k-page-header__content\\"></div></div> </div> </div>"`;

exports[`Test: KPageHeader > props: icon 1`] = `"<div class=\\"k-page-header\\"> <div class=\\"k-page-header__head\\"><div class=\\"k-page-header__left\\"><div class=\\"k-page-header__back\\" role=\\"button\\" tabindex=\\"0\\" aria-hidden=\\"true\\"><div aria-label=\\"Back\\" class=\\"k-page-header__icon\\"><span class=\\"k-icon--base k-icon--base__dark k-icon-transition i-carbon-logo-vue\\" role=\\"\\" aria-hidden=\\"true\\" style=\\"width: 16px; height: 16px;\\"></span></div> <div class=\\"k-page-header__title\\">Back</div></div> <div class=\\"k-divider k-divider--vertical k-divider--vertical__solid k-divider--content-center b-ikun-bd-base\\" data-divider=\\"k-divider\\"></div> <div class=\\"k-page-header__content\\"></div></div> </div> </div>"`;

exports[`Test: KPageHeader > props: title 1`] = `"<div class=\\"k-page-header\\"> <div class=\\"k-page-header__head\\"><div class=\\"k-page-header__left\\"><div class=\\"k-page-header__back\\" role=\\"button\\" tabindex=\\"0\\" aria-hidden=\\"true\\"><div aria-label=\\"I‘m Ikun\\" class=\\"k-page-header__icon\\"><span class=\\"k-icon--base k-icon--base__dark k-icon-transition i-carbon-arrow-left\\" role=\\"\\" aria-hidden=\\"true\\" style=\\"width: 16px; height: 16px;\\"></span></div> <div class=\\"k-page-header__title\\">I‘m Ikun</div></div> <div class=\\"k-divider k-divider--vertical k-divider--vertical__solid k-divider--content-center b-ikun-bd-base\\" data-divider=\\"k-divider\\"></div> <div class=\\"k-page-header__content\\"></div></div> </div> </div>"`;

exports[`Test: KPageHeader > slots: breadcrumb 1`] = `"<div class=\\"k-page-header k-page-header--has-breadcrumb\\"><div class=\\"k-page-header__breadcrumb\\"><span slot=\\"breadcrumb\\">custom breadcrumb</span></div> <div class=\\"k-page-header__head\\"><div class=\\"k-page-header__left\\"><div class=\\"k-page-header__back\\" role=\\"button\\" tabindex=\\"0\\" aria-hidden=\\"true\\"><div aria-label=\\"Back\\" class=\\"k-page-header__icon\\"><span class=\\"k-icon--base k-icon--base__dark k-icon-transition i-carbon-arrow-left\\" role=\\"\\" aria-hidden=\\"true\\" style=\\"width: 16px; height: 16px;\\"></span></div> <div class=\\"k-page-header__title\\">Back</div></div> <div class=\\"k-divider k-divider--vertical k-divider--vertical__solid k-divider--content-center b-ikun-bd-base\\" data-divider=\\"k-divider\\"></div> <div class=\\"k-page-header__content\\"></div></div> </div> </div>"`;

exports[`Test: KPageHeader > slots: content 1`] = `"<div class=\\"k-page-header\\"> <div class=\\"k-page-header__head\\"><div class=\\"k-page-header__left\\"><div class=\\"k-page-header__back\\" role=\\"button\\" tabindex=\\"0\\" aria-hidden=\\"true\\"><div aria-label=\\"Back\\" class=\\"k-page-header__icon\\"><span class=\\"k-icon--base k-icon--base__dark k-icon-transition i-carbon-arrow-left\\" role=\\"\\" aria-hidden=\\"true\\" style=\\"width: 16px; height: 16px;\\"></span></div> <div class=\\"k-page-header__title\\">Back</div></div> <div class=\\"k-divider k-divider--vertical k-divider--vertical__solid k-divider--content-center b-ikun-bd-base\\" data-divider=\\"k-divider\\"></div> <div class=\\"k-page-header__content\\"><span slot=\\"content\\">custom content</span></div></div> </div> </div>"`;

exports[`Test: KPageHeader > slots: default 1`] = `"<div class=\\"k-page-header k-page-header--contentful\\"> <div class=\\"k-page-header__head\\"><div class=\\"k-page-header__left\\"><div class=\\"k-page-header__back\\" role=\\"button\\" tabindex=\\"0\\" aria-hidden=\\"true\\"><div aria-label=\\"Back\\" class=\\"k-page-header__icon\\"><span class=\\"k-icon--base k-icon--base__dark k-icon-transition i-carbon-arrow-left\\" role=\\"\\" aria-hidden=\\"true\\" style=\\"width: 16px; height: 16px;\\"></span></div> <div class=\\"k-page-header__title\\">Back</div></div> <div class=\\"k-divider k-divider--vertical k-divider--vertical__solid k-divider--content-center b-ikun-bd-base\\" data-divider=\\"k-divider\\"></div> <div class=\\"k-page-header__content\\"></div></div> </div> <div class=\\"k-page-header--main\\" data-pager-header=\\"main\\"><span>custom default</span></div></div>"`;

exports[`Test: KPageHeader > slots: extra 1`] = `"<div class=\\"k-page-header k-page-header--has-extra\\"> <div class=\\"k-page-header__head\\"><div class=\\"k-page-header__left\\"><div class=\\"k-page-header__back\\" role=\\"button\\" tabindex=\\"0\\" aria-hidden=\\"true\\"><div aria-label=\\"Back\\" class=\\"k-page-header__icon\\"><span class=\\"k-icon--base k-icon--base__dark k-icon-transition i-carbon-arrow-left\\" role=\\"\\" aria-hidden=\\"true\\" style=\\"width: 16px; height: 16px;\\"></span></div> <div class=\\"k-page-header__title\\">Back</div></div> <div class=\\"k-divider k-divider--vertical k-divider--vertical__solid k-divider--content-center b-ikun-bd-base\\" data-divider=\\"k-divider\\"></div> <div class=\\"k-page-header__content\\"></div></div> <div class=\\"k-page-header--extra\\"><span slot=\\"extra\\">custom extra</span></div></div> </div>"`;

exports[`Test: KPageHeader > slots: icon 1`] = `"<div class=\\"k-page-header\\"> <div class=\\"k-page-header__head\\"><div class=\\"k-page-header__left\\"><div class=\\"k-page-header__back\\" role=\\"button\\" tabindex=\\"0\\" aria-hidden=\\"true\\"><div aria-label=\\"Back\\" class=\\"k-page-header__icon\\"><span slot=\\"icon\\">custom icon</span></div> <div class=\\"k-page-header__title\\">Back</div></div> <div class=\\"k-divider k-divider--vertical k-divider--vertical__solid k-divider--content-center b-ikun-bd-base\\" data-divider=\\"k-divider\\"></div> <div class=\\"k-page-header__content\\"></div></div> </div> </div>"`;

exports[`Test: KPageHeader > slots: title 1`] = `"<div class=\\"k-page-header\\"> <div class=\\"k-page-header__head\\"><div class=\\"k-page-header__left\\"><div class=\\"k-page-header__back\\" role=\\"button\\" tabindex=\\"0\\" aria-hidden=\\"true\\"><div aria-label=\\"Back\\" class=\\"k-page-header__icon\\"><span class=\\"k-icon--base k-icon--base__dark k-icon-transition i-carbon-arrow-left\\" role=\\"\\" aria-hidden=\\"true\\" style=\\"width: 16px; height: 16px;\\"></span></div> <div class=\\"k-page-header__title\\"><span slot=\\"title\\">custom title</span></div></div> <div class=\\"k-divider k-divider--vertical k-divider--vertical__solid k-divider--content-center b-ikun-bd-base\\" data-divider=\\"k-divider\\"></div> <div class=\\"k-page-header__content\\"></div></div> </div> </div>"`;
