// Vitest Snapshot v1, https://vitest.dev/guide/snapshot.html

exports[`Test: KTabs > api: addTab 1`] = `"<div class=\\"k-tabs\\"><div class=\\"k-tabs__header\\"><div class=\\"k-tabs__nav--wrap\\"> <div class=\\"k-tabs__nav--scroll\\"><div role=\\"tablist\\" style=\\"transform: translateX(-0px)\\" class=\\"k-tabs__nav\\"><div class=\\"k-tabs__nav-item k-tabs__nav-item--dark k-tabs__nav-item--hover\\" aria-selected=\\"false\\" aria-hidden=\\"true\\" role=\\"tab\\" tabindex=\\"-1\\" style=\\"padding-left: 16px; padding-right: 16px;\\">label1 <div class=\\"k-tabs__close k-tabs__close--dark k-tabs__close--hover k-tabs__close--hover--dark\\" aria-hidden=\\"true\\" style=\\"width: 0px; height: 0px;\\"></div>  </div><div class=\\"k-tabs__nav-item k-tabs__nav-item--dark k-tabs__nav-item--hover\\" aria-selected=\\"false\\" aria-hidden=\\"true\\" role=\\"tab\\" tabindex=\\"-1\\" style=\\"padding-left: 16px; padding-right: 16px;\\">label2 <div class=\\"k-tabs__close k-tabs__close--dark k-tabs__close--hover k-tabs__close--hover--dark\\" aria-hidden=\\"true\\" style=\\"width: 0px; height: 0px;\\"></div> <div class=\\"k-tabs__bar\\" style=\\"animation: __svelte_1172971904_0 500ms linear 0ms 1 both;\\"></div> </div><div class=\\"k-tabs__nav-item k-tabs__nav-item--active k-tabs__nav-item--active--dark k-tabs__nav-item--hover\\" aria-selected=\\"false\\" aria-hidden=\\"true\\" role=\\"tab\\" tabindex=\\"-1\\" style=\\"padding-left: 16px; padding-right: 16px;\\">label3 <div class=\\"k-tabs__close k-tabs__close--dark k-tabs__close--hover k-tabs__close--hover--dark\\" aria-hidden=\\"true\\" style=\\"width: 0px; height: 0px;\\"></div> <div class=\\"k-tabs__bar\\" style=\\"animation: __svelte_3495968987_0 500ms linear 0ms 1 both;\\"></div> </div></div></div> </div> <div class=\\"k-tabs__add--wrap\\"></div></div> <div class=\\"k-tabs__content\\"><div class=\\"k-tab-pane\\" role=\\"tabpanel\\"><h1 class=\\"py-30px\\">value3</h1> </div></div></div> <button>add</button> <p data-test-id=\\"result\\">3</p>"`;

exports[`Test: KTabs > events: add 1`] = `"<div class=\\"k-tabs\\"><div class=\\"k-tabs__header--border k-tabs__header--border--dark\\"><div class=\\"k-tabs__nav--wrap k-tabs__nav--wrap--border\\"> <div class=\\"k-tabs__nav--scroll\\"><div role=\\"tablist\\" style=\\"transform: translateX(-0px)\\" class=\\"k-tabs__nav\\"><div class=\\"k-tabs__nav-item k-tabs__nav-item--dark k-tabs__nav-item--hover k-tabs__nav-item--card\\" aria-selected=\\"false\\" aria-hidden=\\"true\\" role=\\"tab\\" tabindex=\\"-1\\" style=\\"padding-left: 16px; padding-right: 16px;\\">label1 <div class=\\"k-tabs__close k-tabs__close--dark k-tabs__close--hover k-tabs__close--hover--dark\\" aria-hidden=\\"true\\" style=\\"width: 0px; height: 0px;\\"></div>  </div><div class=\\"k-tabs__nav-item k-tabs__nav-item--dark k-tabs__nav-item--hover k-tabs__nav-item--card\\" aria-selected=\\"false\\" aria-hidden=\\"true\\" role=\\"tab\\" tabindex=\\"-1\\" style=\\"padding-left: 16px; padding-right: 16px;\\">label2 <div class=\\"k-tabs__close k-tabs__close--dark k-tabs__close--hover k-tabs__close--hover--dark\\" aria-hidden=\\"true\\" style=\\"width: 0px; height: 0px;\\"></div>  </div><div class=\\"k-tabs__nav-item k-tabs__nav-item--dark k-tabs__nav-item--hover k-tabs__nav-item--card\\" aria-selected=\\"false\\" aria-hidden=\\"true\\" role=\\"tab\\" tabindex=\\"-1\\" style=\\"padding-left: 16px; padding-right: 16px;\\">label3 <div class=\\"k-tabs__close k-tabs__close--dark k-tabs__close--hover k-tabs__close--hover--dark\\" aria-hidden=\\"true\\" style=\\"width: 0px; height: 0px;\\"></div>  </div><div class=\\"k-tabs__nav-item k-tabs__nav-item--dark k-tabs__nav-item--hover k-tabs__nav-item--card\\" aria-selected=\\"false\\" aria-hidden=\\"true\\" role=\\"tab\\" tabindex=\\"-1\\" style=\\"padding-left: 16px; padding-right: 16px;\\">label4 <div class=\\"k-tabs__close k-tabs__close--dark k-tabs__close--hover k-tabs__close--hover--dark\\" aria-hidden=\\"true\\" style=\\"width: 0px; height: 0px;\\"></div>  </div><div class=\\"k-tabs__nav-item k-tabs__nav-item--active k-tabs__nav-item--border--active--dark k-tabs__nav-item--hover k-tabs__nav-item--card\\" aria-selected=\\"false\\" aria-hidden=\\"true\\" role=\\"tab\\" tabindex=\\"-1\\" style=\\"padding-left: 8px; padding-right: 8px;\\">label5 <div class=\\"k-tabs__close k-tabs__close--dark k-tabs__close--hover k-tabs__close--hover--dark\\" aria-hidden=\\"true\\" style=\\"width: 16px; height: 16px;\\"><span class=\\"k-icon--base k-icon--base__dark k-icon-transition i-carbon-close\\" role=\\"\\" aria-hidden=\\"true\\" style=\\"width: 16px; height: 16px;\\"></span></div>  </div></div></div> </div> <div class=\\"k-tabs__add--wrap k-tabs__add--wrap--border\\"><div class=\\"k-tabs__add k-tabs__add--dark k-tabs__add--border\\" aria-hidden=\\"true\\"><span class=\\"k-icon--base k-icon--base__dark k-icon-transition i-carbon-add\\" role=\\"\\" aria-hidden=\\"true\\" style=\\"width: 16px; height: 16px;\\"></span></div></div></div> <div class=\\"k-tabs__content k-tabs__content--border k-tabs__content--border--dark\\"><div class=\\"k-tab-pane\\" role=\\"tabpanel\\"><h1 class=\\"py-30px\\">value5</h1> </div></div></div> <p data-test-id=\\"result\\">5</p>"`;

exports[`Test: KTabs > events: change 1`] = `"<div class=\\"k-tabs\\"><div class=\\"k-tabs__header\\"><div class=\\"k-tabs__nav--wrap\\"> <div class=\\"k-tabs__nav--scroll\\"><div role=\\"tablist\\" style=\\"\\" class=\\"k-tabs__nav\\"><div class=\\"k-tabs__nav-item k-tabs__nav-item--active k-tabs__nav-item--active--dark k-tabs__nav-item--hover\\" aria-selected=\\"false\\" aria-hidden=\\"true\\" role=\\"tab\\" tabindex=\\"-1\\" style=\\"padding-left: 8px; padding-right: 8px;\\">label1 <div class=\\"k-tabs__close k-tabs__close--dark k-tabs__close--hover k-tabs__close--hover--dark\\" aria-hidden=\\"true\\" style=\\"width: 16px; height: 16px;\\"><span class=\\"k-icon--base k-icon--base__dark k-icon-transition i-carbon-close\\" role=\\"\\" aria-hidden=\\"true\\" style=\\"width: 16px; height: 16px;\\"></span></div> <div class=\\"k-tabs__bar\\" style=\\"animation: __svelte_3495968987_0 500ms linear 0ms 1 both;\\"></div> </div></div></div> </div> <div class=\\"k-tabs__add--wrap\\"></div></div> <div class=\\"k-tabs__content\\"><div class=\\"k-tab-pane\\" role=\\"tabpanel\\"><h1 class=\\"py-30px\\">label1</h1> </div></div></div> <p data-test-id=\\"result\\">1</p> <p data-test-id=\\"event\\">{\\"label\\":\\"label1\\",\\"value\\":\\"label1\\",\\"uid\\":\\"1\\"}</p>"`;

exports[`Test: KTabs > events: click 1`] = `"<div class=\\"k-tabs\\"><div class=\\"k-tabs__header\\"><div class=\\"k-tabs__nav--wrap\\"> <div class=\\"k-tabs__nav--scroll\\"><div role=\\"tablist\\" style=\\"\\" class=\\"k-tabs__nav\\"><div class=\\"k-tabs__nav-item k-tabs__nav-item--active k-tabs__nav-item--active--dark k-tabs__nav-item--hover\\" aria-selected=\\"false\\" aria-hidden=\\"true\\" role=\\"tab\\" tabindex=\\"-1\\" style=\\"padding-left: 16px; padding-right: 16px;\\">label1 <div class=\\"k-tabs__close k-tabs__close--dark k-tabs__close--hover k-tabs__close--hover--dark\\" aria-hidden=\\"true\\" style=\\"width: 0px; height: 0px;\\"></div> <div class=\\"k-tabs__bar\\" style=\\"animation: __svelte_3495968987_0 500ms linear 0ms 1 both;\\"></div> </div><div class=\\"k-tabs__nav-item k-tabs__nav-item--dark k-tabs__nav-item--hover\\" aria-selected=\\"false\\" aria-hidden=\\"true\\" role=\\"tab\\" tabindex=\\"-1\\" style=\\"padding-left: 16px; padding-right: 16px;\\">label2 <div class=\\"k-tabs__close k-tabs__close--dark k-tabs__close--hover k-tabs__close--hover--dark\\" aria-hidden=\\"true\\" style=\\"width: 0px; height: 0px;\\"></div> <div class=\\"k-tabs__bar\\" style=\\"animation: __svelte_1172971904_0 500ms linear 0ms 1 both;\\"></div> </div></div></div> </div> <div class=\\"k-tabs__add--wrap\\"></div></div> <div class=\\"k-tabs__content\\"><div class=\\"k-tab-pane\\" role=\\"tabpanel\\"><h1 class=\\"py-30px\\">label1</h1> </div></div></div> <p data-test-id=\\"result\\">1</p> <p data-test-id=\\"event\\">{\\"label\\":\\"label1\\",\\"value\\":\\"label1\\",\\"uid\\":\\"1\\"}</p>"`;

exports[`Test: KTabs > events: remove 1`] = `"<div class=\\"k-tabs\\"><div class=\\"k-tabs__header\\"><div class=\\"k-tabs__nav--wrap\\"> <div class=\\"k-tabs__nav--scroll\\"><div role=\\"tablist\\" style=\\"\\" class=\\"k-tabs__nav\\"><div class=\\"k-tabs__nav-item k-tabs__nav-item--active k-tabs__nav-item--active--dark k-tabs__nav-item--hover\\" aria-selected=\\"false\\" aria-hidden=\\"true\\" role=\\"tab\\" tabindex=\\"-1\\" style=\\"padding-left: 8px; padding-right: 8px;\\">label1 <div class=\\"k-tabs__close k-tabs__close--dark k-tabs__close--hover k-tabs__close--hover--dark\\" aria-hidden=\\"true\\" style=\\"width: 16px; height: 16px;\\"><span class=\\"k-icon--base k-icon--base__dark k-icon-transition i-carbon-close\\" role=\\"\\" aria-hidden=\\"true\\" style=\\"width: 16px; height: 16px;\\"></span></div> <div class=\\"k-tabs__bar\\" style=\\"animation: __svelte_3495968987_0 500ms linear 0ms 1 both;\\"></div> </div></div></div> </div> <div class=\\"k-tabs__add--wrap\\"></div></div> <div class=\\"k-tabs__content\\"><div class=\\"k-tab-pane\\" role=\\"tabpanel\\"><h1 class=\\"py-30px\\">label1</h1> </div></div></div> <p data-test-id=\\"result\\">1</p> <p data-test-id=\\"event\\">{\\"tab\\":{\\"label\\":\\"label2\\",\\"value\\":\\"label2\\",\\"uid\\":\\"2\\"},\\"index\\":1}</p>"`;

exports[`Test: KTabs > props: beforeLeave 1`] = `"<div class=\\"k-tabs\\"><div class=\\"k-tabs__header\\"><div class=\\"k-tabs__nav--wrap\\"> <div class=\\"k-tabs__nav--scroll\\"><div role=\\"tablist\\" style=\\"\\" class=\\"k-tabs__nav\\"><div class=\\"k-tabs__nav-item k-tabs__nav-item--active k-tabs__nav-item--active--dark k-tabs__nav-item--hover\\" aria-selected=\\"false\\" aria-hidden=\\"true\\" role=\\"tab\\" tabindex=\\"-1\\" style=\\"padding-left: 16px; padding-right: 16px;\\">label1 <div class=\\"k-tabs__close k-tabs__close--dark k-tabs__close--hover k-tabs__close--hover--dark\\" aria-hidden=\\"true\\" style=\\"width: 0px; height: 0px;\\"></div> <div class=\\"k-tabs__bar\\"></div> </div><div class=\\"k-tabs__nav-item k-tabs__nav-item--dark k-tabs__nav-item--hover\\" aria-selected=\\"false\\" aria-hidden=\\"true\\" role=\\"tab\\" tabindex=\\"-1\\" style=\\"padding-left: 16px; padding-right: 16px;\\">label2 <div class=\\"k-tabs__close k-tabs__close--dark k-tabs__close--hover k-tabs__close--hover--dark\\" aria-hidden=\\"true\\" style=\\"width: 0px; height: 0px;\\"></div>  </div></div></div> </div> <div class=\\"k-tabs__add--wrap\\"></div></div> <div class=\\"k-tabs__content\\"><div class=\\"k-tab-pane\\" role=\\"tabpanel\\"><h1 class=\\"py-30px\\">label1</h1> </div></div></div>"`;

exports[`Test: KTabs > props: closeable 1`] = `"<div class=\\"k-tabs\\"><div class=\\"k-tabs__header\\"><div class=\\"k-tabs__nav--wrap\\"> <div class=\\"k-tabs__nav--scroll\\"><div role=\\"tablist\\" style=\\"\\" class=\\"k-tabs__nav\\"><div class=\\"k-tabs__nav-item k-tabs__nav-item--active k-tabs__nav-item--active--dark k-tabs__nav-item--hover\\" aria-selected=\\"false\\" aria-hidden=\\"true\\" role=\\"tab\\" tabindex=\\"-1\\" style=\\"padding-left: 16px; padding-right: 16px;\\">label1 <div class=\\"k-tabs__close k-tabs__close--dark k-tabs__close--hover k-tabs__close--hover--dark\\" aria-hidden=\\"true\\" style=\\"width: 0px; height: 0px;\\"></div> <div class=\\"k-tabs__bar\\" style=\\"animation: __svelte_3495968987_0 500ms linear 0ms 1 both;\\"></div> </div><div class=\\"k-tabs__nav-item k-tabs__nav-item--dark k-tabs__nav-item--hover\\" aria-selected=\\"false\\" aria-hidden=\\"true\\" role=\\"tab\\" tabindex=\\"-1\\" style=\\"padding-left: 16px; padding-right: 16px;\\">label2 <div class=\\"k-tabs__close k-tabs__close--dark k-tabs__close--hover k-tabs__close--hover--dark\\" aria-hidden=\\"true\\" style=\\"width: 0px; height: 0px;\\"></div> <div class=\\"k-tabs__bar\\" style=\\"animation: __svelte_1172971904_0 500ms linear 0ms 1 both;\\"></div> </div></div></div> </div> <div class=\\"k-tabs__add--wrap\\"></div></div> <div class=\\"k-tabs__content\\"><div class=\\"k-tab-pane\\" role=\\"tabpanel\\"><h1 class=\\"py-30px\\">label1</h1> </div></div></div> <button></button>"`;

exports[`Test: KTabs > props: editable 1`] = `"<div class=\\"k-tabs\\"><div class=\\"k-tabs__header\\"><div class=\\"k-tabs__nav--wrap\\"> <div class=\\"k-tabs__nav--scroll\\"><div role=\\"tablist\\" style=\\"\\" class=\\"k-tabs__nav\\"><div class=\\"k-tabs__nav-item k-tabs__nav-item--active k-tabs__nav-item--active--dark k-tabs__nav-item--hover\\" aria-selected=\\"false\\" aria-hidden=\\"true\\" role=\\"tab\\" tabindex=\\"-1\\" style=\\"padding-left: 16px; padding-right: 16px;\\">label1 <div class=\\"k-tabs__close k-tabs__close--dark k-tabs__close--hover k-tabs__close--hover--dark\\" aria-hidden=\\"true\\" style=\\"width: 0px; height: 0px;\\"></div> <div class=\\"k-tabs__bar\\" style=\\"animation: __svelte_3495968987_0 500ms linear 0ms 1 both;\\"></div> </div><div class=\\"k-tabs__nav-item k-tabs__nav-item--dark k-tabs__nav-item--hover\\" aria-selected=\\"false\\" aria-hidden=\\"true\\" role=\\"tab\\" tabindex=\\"-1\\" style=\\"padding-left: 16px; padding-right: 16px;\\">label2 <div class=\\"k-tabs__close k-tabs__close--dark k-tabs__close--hover k-tabs__close--hover--dark\\" aria-hidden=\\"true\\" style=\\"width: 0px; height: 0px;\\"></div> <div class=\\"k-tabs__bar\\" style=\\"animation: __svelte_1172971904_0 500ms linear 0ms 1 both;\\"></div> </div></div></div> </div> <div class=\\"k-tabs__add--wrap\\"><div class=\\"k-tabs__add k-tabs__add--dark\\" aria-hidden=\\"true\\"><span class=\\"k-icon--base k-icon--base__dark k-icon-transition i-carbon-add\\" role=\\"\\" aria-hidden=\\"true\\" style=\\"width: 16px; height: 16px;\\"></span></div></div></div> <div class=\\"k-tabs__content\\"><div class=\\"k-tab-pane\\" role=\\"tabpanel\\"><h1 class=\\"py-30px\\">label1</h1> </div></div></div> <button></button>"`;

exports[`Test: KTabs > props: type is border 1`] = `"<div class=\\"k-tabs\\"><div class=\\"k-tabs__header--border k-tabs__header--border--dark\\"><div class=\\"k-tabs__nav--wrap k-tabs__nav--wrap--border\\"> <div class=\\"k-tabs__nav--scroll\\"><div role=\\"tablist\\" style=\\"\\" class=\\"k-tabs__nav\\"><div class=\\"k-tabs__nav-item k-tabs__nav-item--dark k-tabs__nav-item--hover k-tabs__nav-item--card\\" aria-selected=\\"false\\" aria-hidden=\\"true\\" role=\\"tab\\" tabindex=\\"-1\\" style=\\"padding-left: 16px; padding-right: 16px;\\">label1 <div class=\\"k-tabs__close k-tabs__close--dark k-tabs__close--hover k-tabs__close--hover--dark\\" aria-hidden=\\"true\\" style=\\"width: 0px; height: 0px;\\"></div>  </div><div class=\\"k-tabs__nav-item k-tabs__nav-item--active k-tabs__nav-item--border--active--dark k-tabs__nav-item--hover k-tabs__nav-item--card\\" aria-selected=\\"false\\" aria-hidden=\\"true\\" role=\\"tab\\" tabindex=\\"-1\\" style=\\"padding-left: 16px; padding-right: 16px;\\">label2 <div class=\\"k-tabs__close k-tabs__close--dark k-tabs__close--hover k-tabs__close--hover--dark\\" aria-hidden=\\"true\\" style=\\"width: 0px; height: 0px;\\"></div>  </div></div></div> </div> <div class=\\"k-tabs__add--wrap k-tabs__add--wrap--border\\"></div></div> <div class=\\"k-tabs__content k-tabs__content--border k-tabs__content--border--dark\\"><div class=\\"k-tab-pane\\" role=\\"tabpanel\\"><h1 class=\\"py-30px\\">label2</h1> </div></div></div>"`;

exports[`Test: KTabs > props: type is card 1`] = `"<div class=\\"k-tabs\\"><div class=\\"k-tabs__header--card\\"><div class=\\"k-tabs__nav--wrap k-tabs__nav--wrap--card\\"> <div class=\\"k-tabs__nav--scroll\\"><div role=\\"tablist\\" style=\\"\\" class=\\"k-tabs__nav\\"><div class=\\"k-tabs__nav-item k-tabs__nav-item--dark k-tabs__nav-item--hover k-tabs__nav-item--card\\" aria-selected=\\"false\\" aria-hidden=\\"true\\" role=\\"tab\\" tabindex=\\"-1\\" style=\\"padding-left: 16px; padding-right: 16px;\\">label1 <div class=\\"k-tabs__close k-tabs__close--dark k-tabs__close--hover k-tabs__close--hover--dark\\" aria-hidden=\\"true\\" style=\\"width: 0px; height: 0px;\\"></div>  </div><div class=\\"k-tabs__nav-item k-tabs__nav-item--active k-tabs__nav-item--active--dark k-tabs__nav-item--hover k-tabs__nav-item--card\\" aria-selected=\\"false\\" aria-hidden=\\"true\\" role=\\"tab\\" tabindex=\\"-1\\" style=\\"padding-left: 16px; padding-right: 16px;\\">label2 <div class=\\"k-tabs__close k-tabs__close--dark k-tabs__close--hover k-tabs__close--hover--dark\\" aria-hidden=\\"true\\" style=\\"width: 0px; height: 0px;\\"></div>  </div></div></div> </div> <div class=\\"k-tabs__add--wrap\\"></div></div> <div class=\\"k-tabs__content\\"><div class=\\"k-tab-pane\\" role=\\"tabpanel\\"><h1 class=\\"py-30px\\">label2</h1> </div></div></div>"`;

exports[`Test: KTabs > props: type is navOptions 1`] = `"<div class=\\"k-tabs\\"><div class=\\"k-tabs__header\\"><div class=\\"k-tabs__nav--wrap\\"> <div class=\\"k-tabs__nav--scroll\\"><div role=\\"tablist\\" style=\\"\\" class=\\"k-tabs__nav\\"><div class=\\"k-tabs__nav-item k-tabs__nav-item--active k-tabs__nav-item--active--dark k-tabs__nav-item--hover\\" aria-selected=\\"false\\" aria-hidden=\\"true\\" role=\\"tab\\" tabindex=\\"-1\\" style=\\"padding-left: 16px; padding-right: 16px;\\">label1 <div class=\\"k-tabs__close k-tabs__close--dark k-tabs__close--hover k-tabs__close--hover--dark\\" aria-hidden=\\"true\\" style=\\"width: 0px; height: 0px;\\"></div> <div class=\\"k-tabs__bar\\" style=\\"animation: __svelte_3495968987_0 500ms linear 0ms 1 both;\\"></div> </div><div class=\\"k-tabs__nav-item k-tabs__nav-item--dark k-tabs__nav-item--hover\\" aria-selected=\\"false\\" aria-hidden=\\"true\\" role=\\"tab\\" tabindex=\\"-1\\" style=\\"padding-left: 16px; padding-right: 16px;\\">label2 <div class=\\"k-tabs__close k-tabs__close--dark k-tabs__close--hover k-tabs__close--hover--dark\\" aria-hidden=\\"true\\" style=\\"width: 0px; height: 0px;\\"></div> <div class=\\"k-tabs__bar\\" style=\\"animation: __svelte_1172971904_0 500ms linear 0ms 1 both;\\"></div> </div><div class=\\"k-tabs__nav-item k-tabs__nav-item--dark k-tabs__nav-item--disabled\\" aria-selected=\\"false\\" aria-hidden=\\"true\\" role=\\"tab\\" tabindex=\\"-1\\" style=\\"padding-left: 16px; padding-right: 16px;\\">label3 <div class=\\"k-tabs__close k-tabs__close--dark k-tabs__close--hover k-tabs__close--hover--dark\\" aria-hidden=\\"true\\" style=\\"width: 0px; height: 0px;\\"></div>  </div></div></div> </div> <div class=\\"k-tabs__add--wrap\\"></div></div> <div class=\\"k-tabs__content\\"><div class=\\"k-tab-pane\\" role=\\"tabpanel\\"><h1 class=\\"py-30px\\">label1</h1> </div></div></div>"`;

exports[`Test: KTabs > props: value 1`] = `"<div class=\\"k-tabs\\"><div class=\\"k-tabs__header\\"><div class=\\"k-tabs__nav--wrap\\"> <div class=\\"k-tabs__nav--scroll\\"><div role=\\"tablist\\" style=\\"\\" class=\\"k-tabs__nav\\"><div class=\\"k-tabs__nav-item k-tabs__nav-item--dark k-tabs__nav-item--hover\\" aria-selected=\\"false\\" aria-hidden=\\"true\\" role=\\"tab\\" tabindex=\\"-1\\" style=\\"padding-left: 16px; padding-right: 16px;\\">label1 <div class=\\"k-tabs__close k-tabs__close--dark k-tabs__close--hover k-tabs__close--hover--dark\\" aria-hidden=\\"true\\" style=\\"width: 0px; height: 0px;\\"></div>  </div><div class=\\"k-tabs__nav-item k-tabs__nav-item--active k-tabs__nav-item--active--dark k-tabs__nav-item--hover\\" aria-selected=\\"false\\" aria-hidden=\\"true\\" role=\\"tab\\" tabindex=\\"-1\\" style=\\"padding-left: 16px; padding-right: 16px;\\">label2 <div class=\\"k-tabs__close k-tabs__close--dark k-tabs__close--hover k-tabs__close--hover--dark\\" aria-hidden=\\"true\\" style=\\"width: 0px; height: 0px;\\"></div> <div class=\\"k-tabs__bar\\"></div> </div></div></div> </div> <div class=\\"k-tabs__add--wrap\\"></div></div> <div class=\\"k-tabs__content\\"><div class=\\"k-tab-pane\\" role=\\"tabpanel\\"><h1 class=\\"py-30px\\">label2</h1> </div></div></div>"`;

exports[`Test: KTabs > slots: addIcon 1`] = `"<div class=\\"k-tabs\\"><div class=\\"k-tabs__header--border k-tabs__header--border--dark\\"><div class=\\"k-tabs__nav--wrap k-tabs__nav--wrap--border\\"> <div class=\\"k-tabs__nav--scroll\\"><div role=\\"tablist\\" style=\\"\\" class=\\"k-tabs__nav\\"><div class=\\"k-tabs__nav-item k-tabs__nav-item--active k-tabs__nav-item--border--active--dark k-tabs__nav-item--hover k-tabs__nav-item--card\\" aria-selected=\\"false\\" aria-hidden=\\"true\\" role=\\"tab\\" tabindex=\\"-1\\" style=\\"padding-left: 8px; padding-right: 8px;\\">label1 <div class=\\"k-tabs__close k-tabs__close--dark k-tabs__close--hover k-tabs__close--hover--dark\\" aria-hidden=\\"true\\" style=\\"width: 16px; height: 16px;\\"><span class=\\"k-icon--base k-icon--base__dark k-icon-transition i-carbon-close\\" role=\\"\\" aria-hidden=\\"true\\" style=\\"width: 16px; height: 16px;\\"></span></div>  </div><div class=\\"k-tabs__nav-item k-tabs__nav-item--dark k-tabs__nav-item--hover k-tabs__nav-item--card\\" aria-selected=\\"false\\" aria-hidden=\\"true\\" role=\\"tab\\" tabindex=\\"-1\\" style=\\"padding-left: 16px; padding-right: 16px;\\">label2 <div class=\\"k-tabs__close k-tabs__close--dark k-tabs__close--hover k-tabs__close--hover--dark\\" aria-hidden=\\"true\\" style=\\"width: 0px; height: 0px;\\"></div>  </div><div class=\\"k-tabs__nav-item k-tabs__nav-item--dark k-tabs__nav-item--hover k-tabs__nav-item--card\\" aria-selected=\\"false\\" aria-hidden=\\"true\\" role=\\"tab\\" tabindex=\\"-1\\" style=\\"padding-left: 16px; padding-right: 16px;\\">label3 <div class=\\"k-tabs__close k-tabs__close--dark k-tabs__close--hover k-tabs__close--hover--dark\\" aria-hidden=\\"true\\" style=\\"width: 0px; height: 0px;\\"></div>  </div><div class=\\"k-tabs__nav-item k-tabs__nav-item--dark k-tabs__nav-item--hover k-tabs__nav-item--card\\" aria-selected=\\"false\\" aria-hidden=\\"true\\" role=\\"tab\\" tabindex=\\"-1\\" style=\\"padding-left: 16px; padding-right: 16px;\\">label4 <div class=\\"k-tabs__close k-tabs__close--dark k-tabs__close--hover k-tabs__close--hover--dark\\" aria-hidden=\\"true\\" style=\\"width: 0px; height: 0px;\\"></div>  </div></div></div> </div> <div class=\\"k-tabs__add--wrap k-tabs__add--wrap--border\\"><div class=\\"k-tabs__add k-tabs__add--dark k-tabs__add--border\\" aria-hidden=\\"true\\"><i slot=\\"addIcon\\" class=\\"i-carbon-logo-vue\\"></i></div></div></div> <div class=\\"k-tabs__content k-tabs__content--border k-tabs__content--border--dark\\"><div class=\\"k-tab-pane\\" role=\\"tabpanel\\"><h1 class=\\"py-30px\\">In the spring I saw the earth recovery and all things grow</h1> </div></div></div>"`;

exports[`Test: KTabs > slots: default 1`] = `"<div class=\\"k-tabs\\"><div class=\\"k-tabs__header\\"><div class=\\"k-tabs__nav--wrap\\"> <div class=\\"k-tabs__nav--scroll\\"><div role=\\"tablist\\" style=\\"\\" class=\\"k-tabs__nav\\"><div class=\\"k-tabs__nav-item k-tabs__nav-item--dark k-tabs__nav-item--hover\\" aria-selected=\\"false\\" aria-hidden=\\"true\\" role=\\"tab\\" tabindex=\\"-1\\" style=\\"padding-left: 16px; padding-right: 16px;\\">label1 <div class=\\"k-tabs__close k-tabs__close--dark k-tabs__close--hover k-tabs__close--hover--dark\\" aria-hidden=\\"true\\" style=\\"width: 0px; height: 0px;\\"></div>  </div><div class=\\"k-tabs__nav-item k-tabs__nav-item--active k-tabs__nav-item--active--dark k-tabs__nav-item--hover\\" aria-selected=\\"false\\" aria-hidden=\\"true\\" role=\\"tab\\" tabindex=\\"-1\\" style=\\"padding-left: 16px; padding-right: 16px;\\">label2 <div class=\\"k-tabs__close k-tabs__close--dark k-tabs__close--hover k-tabs__close--hover--dark\\" aria-hidden=\\"true\\" style=\\"width: 0px; height: 0px;\\"></div> <div class=\\"k-tabs__bar\\"></div> </div></div></div> </div> <div class=\\"k-tabs__add--wrap\\"></div></div> <div class=\\"k-tabs__content\\"><div class=\\"k-tab-pane\\" role=\\"tabpanel\\"><h1 class=\\"py-30px\\">label2</h1> </div></div></div>"`;
