// Vitest Snapshot v1, https://vitest.dev/guide/snapshot.html

exports[`Test: KRadioGroup > When it is disabled, the value changes and the status of the radio not changes. 1`] = `"<div class=\\"h-full\\" style=\\"width: 600px;\\"><button id=\\"group_change_disabled_btn\\"></button> <div class=\\"k-radio-group k-radio-group--base\\"><label class=\\"k-radio k-radio--base k-radio--base__dark k-radio--md k-cur-disabled\\"><input disabled=\\"\\" type=\\"radio\\" value=\\"false\\" hidden=\\"\\"> <div class=\\"k-radio--box k-radio--box__disabled animate-ikun-checking\\"></div> 1</label> <label class=\\"k-radio k-radio--base k-radio--base__dark k-radio--md k-cur-disabled\\"><input disabled=\\"\\" type=\\"radio\\" value=\\"false\\" hidden=\\"\\"> <div class=\\"k-radio--box k-radio--box__disabled animate-ikun-checking\\"></div> 2</label> <label class=\\"k-radio k-radio--base k-radio--base__dark k-radio--md k-cur-disabled\\"><input disabled=\\"\\" type=\\"radio\\" value=\\"true\\" hidden=\\"\\"> <div class=\\"k-radio--box k-radio--box__disabled animate-ikun-checking\\"><span class=\\"k-icon--base k-icon-transition i-carbon:radio-button-checked !text-white\\" role=\\"\\" aria-hidden=\\"true\\"></span></div> 3</label></div></div>"`;

exports[`Test: KRadioGroup > When it is disabled, the value of the radio can be initialized. 1`] = `"<div class=\\"h-full\\" style=\\"width: 600px;\\"><div class=\\"k-radio-group k-radio-group--base\\"><label class=\\"k-radio k-radio--base k-radio--base__dark k-radio--md k-cur-disabled\\"><input disabled=\\"\\" type=\\"radio\\" value=\\"true\\" hidden=\\"\\"> <div class=\\"k-radio--box k-radio--box__disabled animate-ikun-checking\\"><span class=\\"k-icon--base k-icon-transition i-carbon:radio-button-checked !text-white\\" role=\\"\\" aria-hidden=\\"true\\"></span></div> 1</label> <label class=\\"k-radio k-radio--base k-radio--base__dark k-radio--md k-cur-disabled\\"><input disabled=\\"\\" type=\\"radio\\" value=\\"false\\" hidden=\\"\\"> <div class=\\"k-radio--box k-radio--box__disabled animate-ikun-checking\\"></div> 2</label> <label class=\\"k-radio k-radio--base k-radio--base__dark k-radio--md k-cur-disabled\\"><input disabled=\\"\\" type=\\"radio\\" value=\\"false\\" hidden=\\"\\"> <div class=\\"k-radio--box k-radio--box__disabled animate-ikun-checking\\"></div> 3</label></div></div>"`;

exports[`Test: KRadioGroup > When it is disabled, when a value of the radio changes, the group value is not triggered. 1`] = `"<div class=\\"h-full\\" style=\\"width: 600px;\\"><div id=\\"group_trigger_value\\">3</div> <div class=\\"k-radio-group k-radio-group--base\\"><label class=\\"k-radio k-radio--base k-radio--base__dark k-radio--md k-cur-disabled\\"><input disabled=\\"\\" type=\\"radio\\" value=\\"false\\" hidden=\\"\\"> <div class=\\"k-radio--box k-radio--box__disabled animate-ikun-checking\\"></div> 1</label> <label class=\\"k-radio k-radio--base k-radio--base__dark k-radio--md k-cur-disabled\\"><input disabled=\\"\\" type=\\"radio\\" value=\\"false\\" hidden=\\"\\"> <div class=\\"k-radio--box k-radio--box__disabled animate-ikun-checking\\"></div> 2</label> <label class=\\"k-radio k-radio--base k-radio--base__dark k-radio--md k-cur-disabled\\"><input disabled=\\"\\" type=\\"radio\\" value=\\"true\\" hidden=\\"\\"> <div class=\\"k-radio--box k-radio--box__disabled animate-ikun-checking\\"><span class=\\"k-icon--base k-icon-transition i-carbon:radio-button-checked !text-white\\" role=\\"\\" aria-hidden=\\"true\\"></span></div> 3</label></div></div>"`;

exports[`Test: KRadioGroup > When it is not disabled, the value changes and the status of the radio changes. 1`] = `"<div class=\\"h-full\\" style=\\"width: 600px;\\"><button id=\\"group_change_btn\\"></button> <div class=\\"k-radio-group k-radio-group--base\\"><label class=\\"k-radio k-radio--base k-radio--base__dark k-radio--md\\"><input type=\\"radio\\" value=\\"true\\" hidden=\\"\\"> <div class=\\"k-radio--box k-radio__selected animate-ikun-checking\\"><span class=\\"k-icon--base k-icon-transition i-carbon:radio-button-checked !text-white\\" role=\\"\\" aria-hidden=\\"true\\"></span></div> 1</label> <label class=\\"k-radio k-radio--base k-radio--base__dark k-radio--md\\"><input type=\\"radio\\" value=\\"false\\" hidden=\\"\\"> <div class=\\"k-radio--box animate-ikun-checking\\"></div> 2</label> <label class=\\"k-radio k-radio--base k-radio--base__dark k-radio--md\\"><input type=\\"radio\\" value=\\"false\\" hidden=\\"\\"> <div class=\\"k-radio--box animate-ikun-checking\\"></div> 3</label></div></div>"`;

exports[`Test: KRadioGroup > When it is not disabled, the value of the radio can be initialized. 1`] = `"<div class=\\"h-full\\" style=\\"width: 600px;\\"><div class=\\"k-radio-group k-radio-group--base\\"><label class=\\"k-radio k-radio--base k-radio--base__dark k-radio--md\\"><input type=\\"radio\\" value=\\"false\\" hidden=\\"\\"> <div class=\\"k-radio--box animate-ikun-checking\\"></div> 1</label> <label class=\\"k-radio k-radio--base k-radio--base__dark k-radio--md\\"><input type=\\"radio\\" value=\\"true\\" hidden=\\"\\"> <div class=\\"k-radio--box k-radio__selected animate-ikun-checking\\"><span class=\\"k-icon--base k-icon-transition i-carbon:radio-button-checked !text-white\\" role=\\"\\" aria-hidden=\\"true\\"></span></div> 2</label> <label class=\\"k-radio k-radio--base k-radio--base__dark k-radio--md\\"><input type=\\"radio\\" value=\\"false\\" hidden=\\"\\"> <div class=\\"k-radio--box animate-ikun-checking\\"></div> 3</label></div></div>"`;

exports[`Test: KRadioGroup > When it is not disabled, when a value of the radio changes, the group value is triggered. 1`] = `"<div class=\\"h-full\\" style=\\"width: 600px;\\"><div id=\\"group_trigger_value\\">2</div> <div class=\\"k-radio-group k-radio-group--base\\"><label class=\\"k-radio k-radio--base k-radio--base__dark k-radio--md\\"><input type=\\"radio\\" value=\\"false\\" hidden=\\"\\"> <div class=\\"k-radio--box animate-ikun-checking\\"></div> 1</label> <label class=\\"k-radio k-radio--base k-radio--base__dark k-radio--md\\"><input type=\\"radio\\" value=\\"true\\" hidden=\\"\\"> <div class=\\"k-radio--box k-radio__selected animate-ikun-checking\\"><span class=\\"k-icon--base k-icon-transition i-carbon:radio-button-checked !text-white\\" role=\\"\\" aria-hidden=\\"true\\"></span></div> 2</label> <label class=\\"k-radio k-radio--base k-radio--base__dark k-radio--md\\"><input type=\\"radio\\" value=\\"false\\" hidden=\\"\\"> <div class=\\"k-radio--box animate-ikun-checking\\"></div> 3</label></div></div>"`;

exports[`Test: KRadioGroup > When the disabled value changes, the radio value can be synchronized. 1`] = `"<div class=\\"h-full\\" style=\\"width: 600px;\\"><button id=\\"group_change_value_btn\\"></button> <button id=\\"group_change_disabled_btn\\"></button> <div class=\\"k-radio-group k-radio-group--base\\"><label class=\\"k-radio k-radio--base k-radio--base__dark k-radio--md\\"><input type=\\"radio\\" value=\\"true\\" hidden=\\"\\"> <div class=\\"k-radio--box k-radio__selected animate-ikun-checking\\"><span class=\\"k-icon--base k-icon-transition i-carbon:radio-button-checked !text-white\\" role=\\"\\" aria-hidden=\\"true\\"></span></div> 1</label> <label class=\\"k-radio k-radio--base k-radio--base__dark k-radio--md\\"><input type=\\"radio\\" value=\\"false\\" hidden=\\"\\"> <div class=\\"k-radio--box animate-ikun-checking\\"></div> 2</label> <label class=\\"k-radio k-radio--base k-radio--base__dark k-radio--md\\"><input type=\\"radio\\" value=\\"false\\" hidden=\\"\\"> <div class=\\"k-radio--box animate-ikun-checking\\"></div> 3</label></div></div>"`;

exports[`Test: KRadioGroup > props: cls 1`] = `"<div class=\\"k-radio-group k-radio-group--base k-radio-group--test\\"></div>"`;

exports[`Test: KRadioGroup > props: size 1`] = `"<div id=\\"group-sm\\" class=\\"h-full\\" style=\\"width: 600px;\\"><div class=\\"k-radio-group k-radio-group--base\\"><label class=\\"k-radio k-radio--base k-radio--base__dark k-radio--sm\\"><input type=\\"radio\\" value=\\"false\\" hidden=\\"\\"> <div class=\\"k-radio--box animate-ikun-checking\\"></div> 1</label> <label class=\\"k-radio k-radio--base k-radio--base__dark k-radio--sm\\"><input type=\\"radio\\" value=\\"false\\" hidden=\\"\\"> <div class=\\"k-radio--box animate-ikun-checking\\"></div> 2</label> <label class=\\"k-radio k-radio--base k-radio--base__dark k-radio--sm\\"><input type=\\"radio\\" value=\\"false\\" hidden=\\"\\"> <div class=\\"k-radio--box animate-ikun-checking\\"></div> 3</label></div></div> <div id=\\"group-md\\" class=\\"h-full\\" style=\\"width: 600px;\\"><div class=\\"k-radio-group k-radio-group--base\\"><label class=\\"k-radio k-radio--base k-radio--base__dark k-radio--md\\"><input type=\\"radio\\" value=\\"false\\" hidden=\\"\\"> <div class=\\"k-radio--box animate-ikun-checking\\"></div> 1</label> <label class=\\"k-radio k-radio--base k-radio--base__dark k-radio--md\\"><input type=\\"radio\\" value=\\"false\\" hidden=\\"\\"> <div class=\\"k-radio--box animate-ikun-checking\\"></div> 2</label> <label class=\\"k-radio k-radio--base k-radio--base__dark k-radio--md\\"><input type=\\"radio\\" value=\\"false\\" hidden=\\"\\"> <div class=\\"k-radio--box animate-ikun-checking\\"></div> 3</label> <label class=\\"k-radio k-radio--base k-radio--base__dark k-radio--md\\"><input type=\\"radio\\" value=\\"false\\" hidden=\\"\\"> <div class=\\"k-radio--box animate-ikun-checking\\"></div> 4</label> <label class=\\"k-radio k-radio--base k-radio--base__dark k-radio--md\\"><input type=\\"radio\\" value=\\"false\\" hidden=\\"\\"> <div class=\\"k-radio--box animate-ikun-checking\\"></div> 5</label></div></div> <div id=\\"group-lg\\" class=\\"h-full\\" style=\\"width: 600px;\\"><div class=\\"k-radio-group k-radio-group--base\\"><label class=\\"k-radio k-radio--base k-radio--base__dark k-radio--lg\\"><input type=\\"radio\\" value=\\"false\\" hidden=\\"\\"> <div class=\\"k-radio--box animate-ikun-checking\\"></div> 1</label> <label class=\\"k-radio k-radio--base k-radio--base__dark k-radio--lg\\"><input type=\\"radio\\" value=\\"false\\" hidden=\\"\\"> <div class=\\"k-radio--box animate-ikun-checking\\"></div> 2</label></div></div>"`;
