// Vitest Snapshot v1, https://vitest.dev/guide/snapshot.html

exports[`Test: KPagination > props: The interactive change of next when pagerCount is an even number 1`] = `"<div class=\\"k-pagination-container\\"><ul class=\\"k-pagination k-pagination--test\\" pagesizes=\\"10,20,30,40,50,100\\" pagesizeswidth=\\"100\\"><li class=\\"k-pagination-pager k-pagination-pager__md k-pagination-pager__dark k-pagination-pager__hover\\" data-k-page-prev=\\"true\\" aria-hidden=\\"true\\"><span class=\\"k-icon--base k-icon--base__dark k-icon-transition i-carbon-chevron-left\\" role=\\"\\" aria-hidden=\\"true\\"></span></li> <li class=\\"k-pagination-pager k-pagination-pager__md k-pagination-pager__dark k-pagination-pager__hover\\" data-k-page-first=\\"true\\" aria-hidden=\\"true\\">1</li> <li class=\\"k-pagination-pager k-pagination-pager__md k-pagination-pager__dark k-pagination-pager__hover\\" data-k-page-prev-exp=\\"true\\" aria-hidden=\\"true\\"><span class=\\"k-icon--base k-icon--base__dark k-icon-transition i-carbon-overflow-menu-horizontal\\" role=\\"\\" aria-hidden=\\"true\\"></span></li> <li class=\\"k-pagination-pager k-pagination-pager__md k-pagination-pager__dark k-pagination-pager__hover\\" data-k-page-center=\\"5\\" aria-hidden=\\"true\\">5</li><li class=\\"k-pagination-pager k-pagination-pager__md k-pagination-pager__dark k-pagination-pager__hover\\" data-k-page-center=\\"6\\" aria-hidden=\\"true\\">6</li>  <li class=\\"k-pagination-pager k-pagination-pager__md k-pagination-pager__active k-pagination-pager__hover\\" data-k-page-last=\\"true\\" aria-hidden=\\"true\\">7</li> <li class=\\"k-pagination-pager k-pagination-pager__md k-pagination-pager__dark k-pagination-pager__hover\\" data-k-page-next=\\"true\\" aria-hidden=\\"true\\"><span class=\\"k-icon--base k-icon--base__dark k-icon-transition i-carbon-chevron-right\\" role=\\"\\" aria-hidden=\\"true\\"></span></li></ul></div>"`;

exports[`Test: KPagination > props: The interactive change of next when pagerCount is an odd number 1`] = `"<div class=\\"k-pagination-container\\"><ul class=\\"k-pagination k-pagination--test\\" pagesizes=\\"10,20,30,40,50,100\\" pagesizeswidth=\\"100\\"><li class=\\"k-pagination-pager k-pagination-pager__md k-pagination-pager__dark k-pagination-pager__hover\\" data-k-page-prev=\\"true\\" aria-hidden=\\"true\\"><span class=\\"k-icon--base k-icon--base__dark k-icon-transition i-carbon-chevron-left\\" role=\\"\\" aria-hidden=\\"true\\"></span></li> <li class=\\"k-pagination-pager k-pagination-pager__md k-pagination-pager__dark k-pagination-pager__hover\\" data-k-page-first=\\"true\\" aria-hidden=\\"true\\">1</li> <li class=\\"k-pagination-pager k-pagination-pager__md k-pagination-pager__dark k-pagination-pager__hover\\" data-k-page-prev-exp=\\"true\\" aria-hidden=\\"true\\"><span class=\\"k-icon--base k-icon--base__dark k-icon-transition i-carbon-overflow-menu-horizontal\\" role=\\"\\" aria-hidden=\\"true\\"></span></li> <li class=\\"k-pagination-pager k-pagination-pager__md k-pagination-pager__dark k-pagination-pager__hover\\" data-k-page-center=\\"6\\" aria-hidden=\\"true\\">6</li>  <li class=\\"k-pagination-pager k-pagination-pager__md k-pagination-pager__active k-pagination-pager__hover\\" data-k-page-last=\\"true\\" aria-hidden=\\"true\\">7</li> <li class=\\"k-pagination-pager k-pagination-pager__md k-pagination-pager__dark k-pagination-pager__hover\\" data-k-page-next=\\"true\\" aria-hidden=\\"true\\"><span class=\\"k-icon--base k-icon--base__dark k-icon-transition i-carbon-chevron-right\\" role=\\"\\" aria-hidden=\\"true\\"></span></li></ul></div>"`;

exports[`Test: KPagination > props: The interactive change of prev when pagerCount is an even number 1`] = `"<div class=\\"k-pagination-container\\"><ul class=\\"k-pagination k-pagination--test\\" pagesizes=\\"10,20,30,40,50,100\\" pagesizeswidth=\\"100\\"><li class=\\"k-pagination-pager k-pagination-pager__md k-pagination-pager__dark k-pagination-pager__hover\\" data-k-page-prev=\\"true\\" aria-hidden=\\"true\\"><span class=\\"k-icon--base k-icon--base__dark k-icon-transition i-carbon-chevron-left\\" role=\\"\\" aria-hidden=\\"true\\"></span></li> <li class=\\"k-pagination-pager k-pagination-pager__md k-pagination-pager__active k-pagination-pager__hover\\" data-k-page-first=\\"true\\" aria-hidden=\\"true\\">1</li>  <li class=\\"k-pagination-pager k-pagination-pager__md k-pagination-pager__dark k-pagination-pager__hover\\" data-k-page-center=\\"2\\" aria-hidden=\\"true\\">2</li><li class=\\"k-pagination-pager k-pagination-pager__md k-pagination-pager__dark k-pagination-pager__hover\\" data-k-page-center=\\"3\\" aria-hidden=\\"true\\">3</li> <li class=\\"k-pagination-pager k-pagination-pager__md k-pagination-pager__dark k-pagination-pager__hover\\" data-k-page-next-exp=\\"true\\" aria-hidden=\\"true\\"><span class=\\"k-icon--base k-icon--base__dark k-icon-transition i-carbon-overflow-menu-horizontal\\" role=\\"\\" aria-hidden=\\"true\\"></span></li> <li class=\\"k-pagination-pager k-pagination-pager__md k-pagination-pager__dark k-pagination-pager__hover\\" data-k-page-last=\\"true\\" aria-hidden=\\"true\\">7</li> <li class=\\"k-pagination-pager k-pagination-pager__md k-pagination-pager__dark k-pagination-pager__hover\\" data-k-page-next=\\"true\\" aria-hidden=\\"true\\"><span class=\\"k-icon--base k-icon--base__dark k-icon-transition i-carbon-chevron-right\\" role=\\"\\" aria-hidden=\\"true\\"></span></li></ul></div>"`;

exports[`Test: KPagination > props: The interactive change of prev when pagerCount is an odd number 1`] = `"<div class=\\"k-pagination-container\\"><ul class=\\"k-pagination k-pagination--test\\" pagesizes=\\"10,20,30,40,50,100\\" pagesizeswidth=\\"100\\"><li class=\\"k-pagination-pager k-pagination-pager__md k-pagination-pager__dark k-pagination-pager__hover\\" data-k-page-prev=\\"true\\" aria-hidden=\\"true\\"><span class=\\"k-icon--base k-icon--base__dark k-icon-transition i-carbon-chevron-left\\" role=\\"\\" aria-hidden=\\"true\\"></span></li> <li class=\\"k-pagination-pager k-pagination-pager__md k-pagination-pager__active k-pagination-pager__hover\\" data-k-page-first=\\"true\\" aria-hidden=\\"true\\">1</li>  <li class=\\"k-pagination-pager k-pagination-pager__md k-pagination-pager__dark k-pagination-pager__hover\\" data-k-page-center=\\"2\\" aria-hidden=\\"true\\">2</li> <li class=\\"k-pagination-pager k-pagination-pager__md k-pagination-pager__dark k-pagination-pager__hover\\" data-k-page-next-exp=\\"true\\" aria-hidden=\\"true\\"><span class=\\"k-icon--base k-icon--base__dark k-icon-transition i-carbon-overflow-menu-horizontal\\" role=\\"\\" aria-hidden=\\"true\\"></span></li> <li class=\\"k-pagination-pager k-pagination-pager__md k-pagination-pager__dark k-pagination-pager__hover\\" data-k-page-last=\\"true\\" aria-hidden=\\"true\\">7</li> <li class=\\"k-pagination-pager k-pagination-pager__md k-pagination-pager__dark k-pagination-pager__hover\\" data-k-page-next=\\"true\\" aria-hidden=\\"true\\"><span class=\\"k-icon--base k-icon--base__dark k-icon-transition i-carbon-chevron-right\\" role=\\"\\" aria-hidden=\\"true\\"></span></li></ul></div>"`;

exports[`Test: KPagination > props: cls 1`] = `"<div class=\\"k-pagination-container\\"><ul class=\\"k-pagination k-pagination--test\\" pagesizes=\\"10,20,30,40,50,100\\" pagesizeswidth=\\"100\\"><li class=\\"k-pagination-pager k-pagination-pager__md k-pagination-pager__dark k-pagination-pager__hover\\" data-k-page-prev=\\"true\\" aria-hidden=\\"true\\"><span class=\\"k-icon--base k-icon--base__dark k-icon-transition i-carbon-chevron-left\\" role=\\"\\" aria-hidden=\\"true\\"></span></li> <li class=\\"k-pagination-pager k-pagination-pager__md k-pagination-pager__active k-pagination-pager__hover\\" data-k-page-first=\\"true\\" aria-hidden=\\"true\\">1</li>     <li class=\\"k-pagination-pager k-pagination-pager__md k-pagination-pager__dark k-pagination-pager__hover\\" data-k-page-next=\\"true\\" aria-hidden=\\"true\\"><span class=\\"k-icon--base k-icon--base__dark k-icon-transition i-carbon-chevron-right\\" role=\\"\\" aria-hidden=\\"true\\"></span></li></ul></div>"`;

exports[`Test: KPagination > props: disabled 1`] = `
"<div class=\\"k-pagination-container\\"><ul class=\\"k-pagination\\" pagesizes=\\"10,20,30,40,50,100\\" pagesizeswidth=\\"100\\"><li class=\\"k-pagination-pager k-pagination-pager__md k-pagination-pager__dark k-pagination-pager__disabled\\" data-k-page-prev=\\"true\\" aria-hidden=\\"true\\"><span class=\\"k-icon--base k-icon--base__dark k-icon-transition i-carbon-chevron-left\\" role=\\"\\" aria-hidden=\\"true\\"></span></li> <li class=\\"k-pagination-pager k-pagination-pager__md k-pagination-pager__dark k-pagination-pager__disabled\\" data-k-page-first=\\"true\\" aria-hidden=\\"true\\">1</li> <li class=\\"k-pagination-pager k-pagination-pager__md k-pagination-pager__dark k-pagination-pager__disabled\\" data-k-page-prev-exp=\\"true\\" aria-hidden=\\"true\\"><span class=\\"k-icon--base k-icon--base__dark k-icon-transition i-carbon-overflow-menu-horizontal\\" role=\\"\\" aria-hidden=\\"true\\"></span></li> <li class=\\"k-pagination-pager k-pagination-pager__md k-pagination-pager__dark k-pagination-pager__disabled\\" data-k-page-center=\\"5\\" aria-hidden=\\"true\\">5</li><li class=\\"k-pagination-pager k-pagination-pager__md k-pagination-pager__dark k-pagination-pager__disabled\\" data-k-page-center=\\"6\\" aria-hidden=\\"true\\">6</li><li class=\\"k-pagination-pager k-pagination-pager__md k-pagination-pager__dark k-pagination-pager__disabled\\" data-k-page-center=\\"7\\" aria-hidden=\\"true\\">7</li><li class=\\"k-pagination-pager k-pagination-pager__md k-pagination-pager__active k-pagination-pager__disabled\\" data-k-page-center=\\"8\\" aria-hidden=\\"true\\">8</li><li class=\\"k-pagination-pager k-pagination-pager__md k-pagination-pager__dark k-pagination-pager__disabled\\" data-k-page-center=\\"9\\" aria-hidden=\\"true\\">9</li><li class=\\"k-pagination-pager k-pagination-pager__md k-pagination-pager__dark k-pagination-pager__disabled\\" data-k-page-center=\\"10\\" aria-hidden=\\"true\\">10</li><li class=\\"k-pagination-pager k-pagination-pager__md k-pagination-pager__dark k-pagination-pager__disabled\\" data-k-page-center=\\"11\\" aria-hidden=\\"true\\">11</li> <li class=\\"k-pagination-pager k-pagination-pager__md k-pagination-pager__dark k-pagination-pager__disabled\\" data-k-page-next-exp=\\"true\\" aria-hidden=\\"true\\"><span class=\\"k-icon--base k-icon--base__dark k-icon-transition i-carbon-overflow-menu-horizontal\\" role=\\"\\" aria-hidden=\\"true\\"></span></li> <li class=\\"k-pagination-pager k-pagination-pager__md k-pagination-pager__dark k-pagination-pager__disabled\\" data-k-page-last=\\"true\\" aria-hidden=\\"true\\">21</li> <li class=\\"k-pagination-pager k-pagination-pager__md k-pagination-pager__dark k-pagination-pager__disabled\\" data-k-page-next=\\"true\\" aria-hidden=\\"true\\"><span class=\\"k-icon--base k-icon--base__dark k-icon-transition i-carbon-chevron-right\\" role=\\"\\" aria-hidden=\\"true\\"></span></li></ul><span class=\\"k-pagination-total k-pagination-total__dark k-pagination-total__md k-pagination-total__disabled\\">Total 500</span><div class=\\"k-pagination-sizes k-pagination-sizes__disabled\\"><div aria-hidden=\\"true\\" class=\\"flex\\" data-popover-trigger=\\"\\"><div style=\\"width: 100px;\\" class=\\"k-select--base k-select__hover k-select__focus k-select__md k-select--base__disabled k-select--base__disabled__dark\\" slot=\\"triggerEl\\" aria-hidden=\\"true\\"> <input class=\\"k-select--inner k-select--inner__md k-select--base__disabled k-select--base__disabled__dark k-select--inner__disabled__dark\\" readonly=\\"\\" disabled=\\"\\" placeholder=\\"Please select value\\">  <i><span class=\\"k-icon--base k-icon--base__dark k-icon-transition i-carbon-chevron-down  k-select--icon k-select--icon__md\\" role=\\"\\" aria-hidden=\\"true\\"></span></i></div></div> </div><div class=\\"k-pagination-jumper k-pagination-jumper__dark k-pagination-jumper__md k-pagination-jumper__disabled\\">Go to
	<div class=\\"k-input ml-2 w-50px\\"> <div class=\\"k-input--base k-input__md k-input__dark k-input__disabled k-input__disabled__dark k-input__hover k-input__focus k-input__rounded\\"> <input class=\\"k-input--inner k-input__disabled k-input__disabled__dark\\" disabled=\\"\\" type=\\"text\\" placeholder=\\"\\" style=\\"text-align: center;\\">     </div> </div> </div></div>"
`;

exports[`Test: KPagination > props: isBg 1`] = `"<div class=\\"k-pagination-container\\"><ul class=\\"k-pagination\\" pagesizes=\\"10,20,30,40,50,100\\" pagesizeswidth=\\"100\\"><li class=\\"k-pagination-pager k-pagination-pager__md k-pagination-pager__bg k-pagination-pager__bg__dark k-pagination-pager__hover\\" data-k-page-prev=\\"true\\" aria-hidden=\\"true\\"><span class=\\"k-icon--base k-icon--base__dark k-icon-transition i-carbon-chevron-left\\" role=\\"\\" aria-hidden=\\"true\\"></span></li> <li class=\\"k-pagination-pager k-pagination-pager__md k-pagination-pager__bg k-pagination-pager__bg__dark k-pagination-pager__hover\\" data-k-page-first=\\"true\\" aria-hidden=\\"true\\">1</li> <li class=\\"k-pagination-pager k-pagination-pager__md k-pagination-pager__bg k-pagination-pager__bg__dark k-pagination-pager__hover\\" data-k-page-prev-exp=\\"true\\" aria-hidden=\\"true\\"><span class=\\"k-icon--base k-icon--base__dark k-icon-transition i-carbon-overflow-menu-horizontal\\" role=\\"\\" aria-hidden=\\"true\\"></span></li> <li class=\\"k-pagination-pager k-pagination-pager__md k-pagination-pager__bg k-pagination-pager__bg__dark k-pagination-pager__hover\\" data-k-page-center=\\"5\\" aria-hidden=\\"true\\">5</li><li class=\\"k-pagination-pager k-pagination-pager__md k-pagination-pager__bg k-pagination-pager__bg__dark k-pagination-pager__hover\\" data-k-page-center=\\"6\\" aria-hidden=\\"true\\">6</li><li class=\\"k-pagination-pager k-pagination-pager__md k-pagination-pager__bg k-pagination-pager__bg__dark k-pagination-pager__hover\\" data-k-page-center=\\"7\\" aria-hidden=\\"true\\">7</li><li class=\\"k-pagination-pager k-pagination-pager__md k-pagination-pager__bg__active\\" data-k-page-center=\\"8\\" aria-hidden=\\"true\\">8</li><li class=\\"k-pagination-pager k-pagination-pager__md k-pagination-pager__bg k-pagination-pager__bg__dark k-pagination-pager__hover\\" data-k-page-center=\\"9\\" aria-hidden=\\"true\\">9</li><li class=\\"k-pagination-pager k-pagination-pager__md k-pagination-pager__bg k-pagination-pager__bg__dark k-pagination-pager__hover\\" data-k-page-center=\\"10\\" aria-hidden=\\"true\\">10</li><li class=\\"k-pagination-pager k-pagination-pager__md k-pagination-pager__bg k-pagination-pager__bg__dark k-pagination-pager__hover\\" data-k-page-center=\\"11\\" aria-hidden=\\"true\\">11</li> <li class=\\"k-pagination-pager k-pagination-pager__md k-pagination-pager__bg k-pagination-pager__bg__dark k-pagination-pager__hover\\" data-k-page-next-exp=\\"true\\" aria-hidden=\\"true\\"><span class=\\"k-icon--base k-icon--base__dark k-icon-transition i-carbon-overflow-menu-horizontal\\" role=\\"\\" aria-hidden=\\"true\\"></span></li> <li class=\\"k-pagination-pager k-pagination-pager__md k-pagination-pager__bg k-pagination-pager__bg__dark k-pagination-pager__hover\\" data-k-page-last=\\"true\\" aria-hidden=\\"true\\">21</li> <li class=\\"k-pagination-pager k-pagination-pager__md k-pagination-pager__bg k-pagination-pager__bg__dark k-pagination-pager__hover\\" data-k-page-next=\\"true\\" aria-hidden=\\"true\\"><span class=\\"k-icon--base k-icon--base__dark k-icon-transition i-carbon-chevron-right\\" role=\\"\\" aria-hidden=\\"true\\"></span></li></ul></div>"`;

exports[`Test: KPagination > props: layout 1`] = `
"<div class=\\"k-pagination-container\\"><ul class=\\"k-pagination\\" pagesizes=\\"10,20,30,40,50,100\\" pagesizeswidth=\\"100\\"><li class=\\"k-pagination-pager k-pagination-pager__md k-pagination-pager__dark k-pagination-pager__hover\\" data-k-page-prev=\\"true\\" aria-hidden=\\"true\\"><span class=\\"k-icon--base k-icon--base__dark k-icon-transition i-carbon-chevron-left\\" role=\\"\\" aria-hidden=\\"true\\"></span></li> <li class=\\"k-pagination-pager k-pagination-pager__md k-pagination-pager__dark k-pagination-pager__hover\\" data-k-page-first=\\"true\\" aria-hidden=\\"true\\">1</li> <li class=\\"k-pagination-pager k-pagination-pager__md k-pagination-pager__dark k-pagination-pager__hover\\" data-k-page-prev-exp=\\"true\\" aria-hidden=\\"true\\"><span class=\\"k-icon--base k-icon--base__dark k-icon-transition i-carbon-overflow-menu-horizontal\\" role=\\"\\" aria-hidden=\\"true\\"></span></li> <li class=\\"k-pagination-pager k-pagination-pager__md k-pagination-pager__dark k-pagination-pager__hover\\" data-k-page-center=\\"5\\" aria-hidden=\\"true\\">5</li><li class=\\"k-pagination-pager k-pagination-pager__md k-pagination-pager__dark k-pagination-pager__hover\\" data-k-page-center=\\"6\\" aria-hidden=\\"true\\">6</li><li class=\\"k-pagination-pager k-pagination-pager__md k-pagination-pager__dark k-pagination-pager__hover\\" data-k-page-center=\\"7\\" aria-hidden=\\"true\\">7</li><li class=\\"k-pagination-pager k-pagination-pager__md k-pagination-pager__active k-pagination-pager__hover\\" data-k-page-center=\\"8\\" aria-hidden=\\"true\\">8</li><li class=\\"k-pagination-pager k-pagination-pager__md k-pagination-pager__dark k-pagination-pager__hover\\" data-k-page-center=\\"9\\" aria-hidden=\\"true\\">9</li><li class=\\"k-pagination-pager k-pagination-pager__md k-pagination-pager__dark k-pagination-pager__hover\\" data-k-page-center=\\"10\\" aria-hidden=\\"true\\">10</li><li class=\\"k-pagination-pager k-pagination-pager__md k-pagination-pager__dark k-pagination-pager__hover\\" data-k-page-center=\\"11\\" aria-hidden=\\"true\\">11</li> <li class=\\"k-pagination-pager k-pagination-pager__md k-pagination-pager__dark k-pagination-pager__hover\\" data-k-page-next-exp=\\"true\\" aria-hidden=\\"true\\"><span class=\\"k-icon--base k-icon--base__dark k-icon-transition i-carbon-overflow-menu-horizontal\\" role=\\"\\" aria-hidden=\\"true\\"></span></li> <li class=\\"k-pagination-pager k-pagination-pager__md k-pagination-pager__dark k-pagination-pager__hover\\" data-k-page-last=\\"true\\" aria-hidden=\\"true\\">21</li> <li class=\\"k-pagination-pager k-pagination-pager__md k-pagination-pager__dark k-pagination-pager__hover\\" data-k-page-next=\\"true\\" aria-hidden=\\"true\\"><span class=\\"k-icon--base k-icon--base__dark k-icon-transition i-carbon-chevron-right\\" role=\\"\\" aria-hidden=\\"true\\"></span></li></ul><span class=\\"k-pagination-total k-pagination-total__dark k-pagination-total__md\\">Total 500</span><div class=\\"k-pagination-sizes\\"><div aria-hidden=\\"true\\" class=\\"flex\\" data-popover-trigger=\\"\\"><div style=\\"width: 100px;\\" class=\\"k-select--base k-select__hover k-select__focus k-select__md k-select--base__dark\\" slot=\\"triggerEl\\" aria-hidden=\\"true\\"> <input class=\\"k-select--inner k-select--inner__md k-select--inner__dark\\" readonly=\\"\\" placeholder=\\"Please select value\\">  <i><span class=\\"k-icon--base k-icon--base__dark k-icon-transition i-carbon-chevron-down  k-select--icon k-select--icon__md\\" role=\\"\\" aria-hidden=\\"true\\"></span></i></div></div> </div><div class=\\"k-pagination-jumper k-pagination-jumper__dark k-pagination-jumper__md\\">Go to
	<div class=\\"k-input ml-2 w-50px\\"> <div class=\\"k-input--base k-input__md k-input__dark k-input__hover k-input__focus k-input__rounded\\"> <input class=\\"k-input--inner k-input--inner__dark\\" type=\\"text\\" placeholder=\\"\\" style=\\"text-align: center;\\">     </div> </div> </div></div>"
`;

exports[`Test: KPagination > props: layout total 1`] = `"<div class=\\"k-pagination-container\\"><ul class=\\"k-pagination\\" pagesizes=\\"10,20,30,40,50,100\\" pagesizeswidth=\\"100\\"><li class=\\"k-pagination-pager k-pagination-pager__md k-pagination-pager__dark k-pagination-pager__hover\\" data-k-page-prev=\\"true\\" aria-hidden=\\"true\\"><span class=\\"k-icon--base k-icon--base__dark k-icon-transition i-carbon-chevron-left\\" role=\\"\\" aria-hidden=\\"true\\"></span></li> <li class=\\"k-pagination-pager k-pagination-pager__md k-pagination-pager__dark k-pagination-pager__hover\\" data-k-page-first=\\"true\\" aria-hidden=\\"true\\">1</li> <li class=\\"k-pagination-pager k-pagination-pager__md k-pagination-pager__dark k-pagination-pager__hover\\" data-k-page-prev-exp=\\"true\\" aria-hidden=\\"true\\"><span class=\\"k-icon--base k-icon--base__dark k-icon-transition i-carbon-overflow-menu-horizontal\\" role=\\"\\" aria-hidden=\\"true\\"></span></li> <li class=\\"k-pagination-pager k-pagination-pager__md k-pagination-pager__dark k-pagination-pager__hover\\" data-k-page-center=\\"5\\" aria-hidden=\\"true\\">5</li><li class=\\"k-pagination-pager k-pagination-pager__md k-pagination-pager__dark k-pagination-pager__hover\\" data-k-page-center=\\"6\\" aria-hidden=\\"true\\">6</li><li class=\\"k-pagination-pager k-pagination-pager__md k-pagination-pager__dark k-pagination-pager__hover\\" data-k-page-center=\\"7\\" aria-hidden=\\"true\\">7</li><li class=\\"k-pagination-pager k-pagination-pager__md k-pagination-pager__active k-pagination-pager__hover\\" data-k-page-center=\\"8\\" aria-hidden=\\"true\\">8</li><li class=\\"k-pagination-pager k-pagination-pager__md k-pagination-pager__dark k-pagination-pager__hover\\" data-k-page-center=\\"9\\" aria-hidden=\\"true\\">9</li><li class=\\"k-pagination-pager k-pagination-pager__md k-pagination-pager__dark k-pagination-pager__hover\\" data-k-page-center=\\"10\\" aria-hidden=\\"true\\">10</li><li class=\\"k-pagination-pager k-pagination-pager__md k-pagination-pager__dark k-pagination-pager__hover\\" data-k-page-center=\\"11\\" aria-hidden=\\"true\\">11</li> <li class=\\"k-pagination-pager k-pagination-pager__md k-pagination-pager__dark k-pagination-pager__hover\\" data-k-page-next-exp=\\"true\\" aria-hidden=\\"true\\"><span class=\\"k-icon--base k-icon--base__dark k-icon-transition i-carbon-overflow-menu-horizontal\\" role=\\"\\" aria-hidden=\\"true\\"></span></li> <li class=\\"k-pagination-pager k-pagination-pager__md k-pagination-pager__dark k-pagination-pager__hover\\" data-k-page-last=\\"true\\" aria-hidden=\\"true\\">21</li> <li class=\\"k-pagination-pager k-pagination-pager__md k-pagination-pager__dark k-pagination-pager__hover\\" data-k-page-next=\\"true\\" aria-hidden=\\"true\\"><span class=\\"k-icon--base k-icon--base__dark k-icon-transition i-carbon-chevron-right\\" role=\\"\\" aria-hidden=\\"true\\"></span></li></ul><span class=\\"k-pagination-total k-pagination-total__dark k-pagination-total__md\\">Total 500</span></div>"`;

exports[`Test: KPagination > props: nextText & prevText 1`] = `"<div class=\\"k-pagination-container\\"><ul class=\\"k-pagination k-pagination--test\\" pagesizes=\\"10,20,30,40,50,100\\" pagesizeswidth=\\"100\\"><li class=\\"k-pagination-pager k-pagination-pager__md k-pagination-pager__dark k-pagination-pager__hover\\" data-k-page-prev=\\"true\\" aria-hidden=\\"true\\">prevText</li> <li class=\\"k-pagination-pager k-pagination-pager__md k-pagination-pager__dark k-pagination-pager__hover\\" data-k-page-first=\\"true\\" aria-hidden=\\"true\\">1</li> <li class=\\"k-pagination-pager k-pagination-pager__md k-pagination-pager__dark k-pagination-pager__hover\\" data-k-page-prev-exp=\\"true\\" aria-hidden=\\"true\\"><span class=\\"k-icon--base k-icon--base__dark k-icon-transition i-carbon-overflow-menu-horizontal\\" role=\\"\\" aria-hidden=\\"true\\"></span></li> <li class=\\"k-pagination-pager k-pagination-pager__md k-pagination-pager__dark k-pagination-pager__hover\\" data-k-page-center=\\"5\\" aria-hidden=\\"true\\">5</li><li class=\\"k-pagination-pager k-pagination-pager__md k-pagination-pager__dark k-pagination-pager__hover\\" data-k-page-center=\\"6\\" aria-hidden=\\"true\\">6</li><li class=\\"k-pagination-pager k-pagination-pager__md k-pagination-pager__dark k-pagination-pager__hover\\" data-k-page-center=\\"7\\" aria-hidden=\\"true\\">7</li><li class=\\"k-pagination-pager k-pagination-pager__md k-pagination-pager__active k-pagination-pager__hover\\" data-k-page-center=\\"8\\" aria-hidden=\\"true\\">8</li><li class=\\"k-pagination-pager k-pagination-pager__md k-pagination-pager__dark k-pagination-pager__hover\\" data-k-page-center=\\"9\\" aria-hidden=\\"true\\">9</li><li class=\\"k-pagination-pager k-pagination-pager__md k-pagination-pager__dark k-pagination-pager__hover\\" data-k-page-center=\\"10\\" aria-hidden=\\"true\\">10</li><li class=\\"k-pagination-pager k-pagination-pager__md k-pagination-pager__dark k-pagination-pager__hover\\" data-k-page-center=\\"11\\" aria-hidden=\\"true\\">11</li> <li class=\\"k-pagination-pager k-pagination-pager__md k-pagination-pager__dark k-pagination-pager__hover\\" data-k-page-next-exp=\\"true\\" aria-hidden=\\"true\\"><span class=\\"k-icon--base k-icon--base__dark k-icon-transition i-carbon-overflow-menu-horizontal\\" role=\\"\\" aria-hidden=\\"true\\"></span></li> <li class=\\"k-pagination-pager k-pagination-pager__md k-pagination-pager__dark k-pagination-pager__hover\\" data-k-page-last=\\"true\\" aria-hidden=\\"true\\">21</li> <li class=\\"k-pagination-pager k-pagination-pager__md k-pagination-pager__dark k-pagination-pager__hover\\" data-k-page-next=\\"true\\" aria-hidden=\\"true\\">nextText</li></ul></div>"`;

exports[`Test: KPagination > props: pagerCount changes interactively when it exceeds the maximum number of pages 1`] = `"<div class=\\"k-pagination-container\\"><ul class=\\"k-pagination k-pagination--test\\" pagesizes=\\"10,20,30,40,50,100\\" pagesizeswidth=\\"100\\"><li class=\\"k-pagination-pager k-pagination-pager__md k-pagination-pager__dark k-pagination-pager__hover\\" data-k-page-prev=\\"true\\" aria-hidden=\\"true\\"><span class=\\"k-icon--base k-icon--base__dark k-icon-transition i-carbon-chevron-left\\" role=\\"\\" aria-hidden=\\"true\\"></span></li> <li class=\\"k-pagination-pager k-pagination-pager__md k-pagination-pager__dark k-pagination-pager__hover\\" data-k-page-first=\\"true\\" aria-hidden=\\"true\\">1</li>  <li class=\\"k-pagination-pager k-pagination-pager__md k-pagination-pager__dark k-pagination-pager__hover\\" data-k-page-center=\\"2\\" aria-hidden=\\"true\\">2</li><li class=\\"k-pagination-pager k-pagination-pager__md k-pagination-pager__dark k-pagination-pager__hover\\" data-k-page-center=\\"3\\" aria-hidden=\\"true\\">3</li><li class=\\"k-pagination-pager k-pagination-pager__md k-pagination-pager__dark k-pagination-pager__hover\\" data-k-page-center=\\"4\\" aria-hidden=\\"true\\">4</li><li class=\\"k-pagination-pager k-pagination-pager__md k-pagination-pager__dark k-pagination-pager__hover\\" data-k-page-center=\\"5\\" aria-hidden=\\"true\\">5</li><li class=\\"k-pagination-pager k-pagination-pager__md k-pagination-pager__dark k-pagination-pager__hover\\" data-k-page-center=\\"6\\" aria-hidden=\\"true\\">6</li>  <li class=\\"k-pagination-pager k-pagination-pager__md k-pagination-pager__active k-pagination-pager__hover\\" data-k-page-last=\\"true\\" aria-hidden=\\"true\\">7</li> <li class=\\"k-pagination-pager k-pagination-pager__md k-pagination-pager__dark k-pagination-pager__hover\\" data-k-page-next=\\"true\\" aria-hidden=\\"true\\"><span class=\\"k-icon--base k-icon--base__dark k-icon-transition i-carbon-chevron-right\\" role=\\"\\" aria-hidden=\\"true\\"></span></li></ul></div>"`;

exports[`Test: KPagination > props: prevIcon & nextIcon 1`] = `"<div class=\\"k-pagination-container\\"><ul class=\\"k-pagination k-pagination--test\\" pagesizes=\\"10,20,30,40,50,100\\" pagesizeswidth=\\"100\\"><li class=\\"k-pagination-pager k-pagination-pager__md k-pagination-pager__dark k-pagination-pager__hover\\" data-k-page-prev=\\"true\\" aria-hidden=\\"true\\"><span class=\\"k-icon--base k-icon--base__dark k-icon-transition i-carbon-logo-vue\\" role=\\"\\" aria-hidden=\\"true\\"></span></li> <li class=\\"k-pagination-pager k-pagination-pager__md k-pagination-pager__dark k-pagination-pager__hover\\" data-k-page-first=\\"true\\" aria-hidden=\\"true\\">1</li> <li class=\\"k-pagination-pager k-pagination-pager__md k-pagination-pager__dark k-pagination-pager__hover\\" data-k-page-prev-exp=\\"true\\" aria-hidden=\\"true\\"><span class=\\"k-icon--base k-icon--base__dark k-icon-transition i-carbon-overflow-menu-horizontal\\" role=\\"\\" aria-hidden=\\"true\\"></span></li> <li class=\\"k-pagination-pager k-pagination-pager__md k-pagination-pager__dark k-pagination-pager__hover\\" data-k-page-center=\\"5\\" aria-hidden=\\"true\\">5</li><li class=\\"k-pagination-pager k-pagination-pager__md k-pagination-pager__dark k-pagination-pager__hover\\" data-k-page-center=\\"6\\" aria-hidden=\\"true\\">6</li><li class=\\"k-pagination-pager k-pagination-pager__md k-pagination-pager__dark k-pagination-pager__hover\\" data-k-page-center=\\"7\\" aria-hidden=\\"true\\">7</li><li class=\\"k-pagination-pager k-pagination-pager__md k-pagination-pager__active k-pagination-pager__hover\\" data-k-page-center=\\"8\\" aria-hidden=\\"true\\">8</li><li class=\\"k-pagination-pager k-pagination-pager__md k-pagination-pager__dark k-pagination-pager__hover\\" data-k-page-center=\\"9\\" aria-hidden=\\"true\\">9</li><li class=\\"k-pagination-pager k-pagination-pager__md k-pagination-pager__dark k-pagination-pager__hover\\" data-k-page-center=\\"10\\" aria-hidden=\\"true\\">10</li><li class=\\"k-pagination-pager k-pagination-pager__md k-pagination-pager__dark k-pagination-pager__hover\\" data-k-page-center=\\"11\\" aria-hidden=\\"true\\">11</li> <li class=\\"k-pagination-pager k-pagination-pager__md k-pagination-pager__dark k-pagination-pager__hover\\" data-k-page-next-exp=\\"true\\" aria-hidden=\\"true\\"><span class=\\"k-icon--base k-icon--base__dark k-icon-transition i-carbon-overflow-menu-horizontal\\" role=\\"\\" aria-hidden=\\"true\\"></span></li> <li class=\\"k-pagination-pager k-pagination-pager__md k-pagination-pager__dark k-pagination-pager__hover\\" data-k-page-last=\\"true\\" aria-hidden=\\"true\\">21</li> <li class=\\"k-pagination-pager k-pagination-pager__md k-pagination-pager__dark k-pagination-pager__hover\\" data-k-page-next=\\"true\\" aria-hidden=\\"true\\"><span class=\\"k-icon--base k-icon--base__dark k-icon-transition i-carbon-logo-vue\\" role=\\"\\" aria-hidden=\\"true\\"></span></li></ul></div>"`;

exports[`Test: KPagination > props: size 1`] = `"<div class=\\"k-pagination-container\\"><ul class=\\"k-pagination\\" pagesizes=\\"10,20,30,40,50,100\\" pagesizeswidth=\\"100\\"><li class=\\"k-pagination-pager k-pagination-pager__sm k-pagination-pager__dark k-pagination-pager__hover\\" data-k-page-prev=\\"true\\" aria-hidden=\\"true\\"><span class=\\"k-icon--base k-icon--base__dark k-icon-transition i-carbon-chevron-left\\" role=\\"\\" aria-hidden=\\"true\\"></span></li> <li class=\\"k-pagination-pager k-pagination-pager__sm k-pagination-pager__dark k-pagination-pager__hover\\" data-k-page-first=\\"true\\" aria-hidden=\\"true\\">1</li> <li class=\\"k-pagination-pager k-pagination-pager__sm k-pagination-pager__dark k-pagination-pager__hover\\" data-k-page-prev-exp=\\"true\\" aria-hidden=\\"true\\"><span class=\\"k-icon--base k-icon--base__dark k-icon-transition i-carbon-overflow-menu-horizontal\\" role=\\"\\" aria-hidden=\\"true\\"></span></li> <li class=\\"k-pagination-pager k-pagination-pager__sm k-pagination-pager__dark k-pagination-pager__hover\\" data-k-page-center=\\"5\\" aria-hidden=\\"true\\">5</li><li class=\\"k-pagination-pager k-pagination-pager__sm k-pagination-pager__dark k-pagination-pager__hover\\" data-k-page-center=\\"6\\" aria-hidden=\\"true\\">6</li><li class=\\"k-pagination-pager k-pagination-pager__sm k-pagination-pager__dark k-pagination-pager__hover\\" data-k-page-center=\\"7\\" aria-hidden=\\"true\\">7</li><li class=\\"k-pagination-pager k-pagination-pager__sm k-pagination-pager__active k-pagination-pager__hover\\" data-k-page-center=\\"8\\" aria-hidden=\\"true\\">8</li><li class=\\"k-pagination-pager k-pagination-pager__sm k-pagination-pager__dark k-pagination-pager__hover\\" data-k-page-center=\\"9\\" aria-hidden=\\"true\\">9</li><li class=\\"k-pagination-pager k-pagination-pager__sm k-pagination-pager__dark k-pagination-pager__hover\\" data-k-page-center=\\"10\\" aria-hidden=\\"true\\">10</li><li class=\\"k-pagination-pager k-pagination-pager__sm k-pagination-pager__dark k-pagination-pager__hover\\" data-k-page-center=\\"11\\" aria-hidden=\\"true\\">11</li> <li class=\\"k-pagination-pager k-pagination-pager__sm k-pagination-pager__dark k-pagination-pager__hover\\" data-k-page-next-exp=\\"true\\" aria-hidden=\\"true\\"><span class=\\"k-icon--base k-icon--base__dark k-icon-transition i-carbon-overflow-menu-horizontal\\" role=\\"\\" aria-hidden=\\"true\\"></span></li> <li class=\\"k-pagination-pager k-pagination-pager__sm k-pagination-pager__dark k-pagination-pager__hover\\" data-k-page-last=\\"true\\" aria-hidden=\\"true\\">21</li> <li class=\\"k-pagination-pager k-pagination-pager__sm k-pagination-pager__dark k-pagination-pager__hover\\" data-k-page-next=\\"true\\" aria-hidden=\\"true\\"><span class=\\"k-icon--base k-icon--base__dark k-icon-transition i-carbon-chevron-right\\" role=\\"\\" aria-hidden=\\"true\\"></span></li></ul></div><div class=\\"k-pagination-container\\"><ul class=\\"k-pagination\\" pagesizes=\\"10,20,30,40,50,100\\" pagesizeswidth=\\"100\\"><li class=\\"k-pagination-pager k-pagination-pager__lg k-pagination-pager__dark k-pagination-pager__hover\\" data-k-page-prev=\\"true\\" aria-hidden=\\"true\\"><span class=\\"k-icon--base k-icon--base__dark k-icon-transition i-carbon-chevron-left\\" role=\\"\\" aria-hidden=\\"true\\"></span></li> <li class=\\"k-pagination-pager k-pagination-pager__lg k-pagination-pager__dark k-pagination-pager__hover\\" data-k-page-first=\\"true\\" aria-hidden=\\"true\\">1</li> <li class=\\"k-pagination-pager k-pagination-pager__lg k-pagination-pager__dark k-pagination-pager__hover\\" data-k-page-prev-exp=\\"true\\" aria-hidden=\\"true\\"><span class=\\"k-icon--base k-icon--base__dark k-icon-transition i-carbon-overflow-menu-horizontal\\" role=\\"\\" aria-hidden=\\"true\\"></span></li> <li class=\\"k-pagination-pager k-pagination-pager__lg k-pagination-pager__dark k-pagination-pager__hover\\" data-k-page-center=\\"5\\" aria-hidden=\\"true\\">5</li><li class=\\"k-pagination-pager k-pagination-pager__lg k-pagination-pager__dark k-pagination-pager__hover\\" data-k-page-center=\\"6\\" aria-hidden=\\"true\\">6</li><li class=\\"k-pagination-pager k-pagination-pager__lg k-pagination-pager__dark k-pagination-pager__hover\\" data-k-page-center=\\"7\\" aria-hidden=\\"true\\">7</li><li class=\\"k-pagination-pager k-pagination-pager__lg k-pagination-pager__active k-pagination-pager__hover\\" data-k-page-center=\\"8\\" aria-hidden=\\"true\\">8</li><li class=\\"k-pagination-pager k-pagination-pager__lg k-pagination-pager__dark k-pagination-pager__hover\\" data-k-page-center=\\"9\\" aria-hidden=\\"true\\">9</li><li class=\\"k-pagination-pager k-pagination-pager__lg k-pagination-pager__dark k-pagination-pager__hover\\" data-k-page-center=\\"10\\" aria-hidden=\\"true\\">10</li><li class=\\"k-pagination-pager k-pagination-pager__lg k-pagination-pager__dark k-pagination-pager__hover\\" data-k-page-center=\\"11\\" aria-hidden=\\"true\\">11</li> <li class=\\"k-pagination-pager k-pagination-pager__lg k-pagination-pager__dark k-pagination-pager__hover\\" data-k-page-next-exp=\\"true\\" aria-hidden=\\"true\\"><span class=\\"k-icon--base k-icon--base__dark k-icon-transition i-carbon-overflow-menu-horizontal\\" role=\\"\\" aria-hidden=\\"true\\"></span></li> <li class=\\"k-pagination-pager k-pagination-pager__lg k-pagination-pager__dark k-pagination-pager__hover\\" data-k-page-last=\\"true\\" aria-hidden=\\"true\\">21</li> <li class=\\"k-pagination-pager k-pagination-pager__lg k-pagination-pager__dark k-pagination-pager__hover\\" data-k-page-next=\\"true\\" aria-hidden=\\"true\\"><span class=\\"k-icon--base k-icon--base__dark k-icon-transition i-carbon-chevron-right\\" role=\\"\\" aria-hidden=\\"true\\"></span></li></ul></div>"`;

exports[`Test: KPagination > props: total & pageSize & pagerCount 1`] = `"<div class=\\"k-pagination-container\\"><ul class=\\"k-pagination k-pagination--test\\" pagesizes=\\"10,20,30,40,50,100\\" pagesizeswidth=\\"100\\"><li class=\\"k-pagination-pager k-pagination-pager__md k-pagination-pager__dark k-pagination-pager__hover\\" data-k-page-prev=\\"true\\" aria-hidden=\\"true\\"><span class=\\"k-icon--base k-icon--base__dark k-icon-transition i-carbon-chevron-left\\" role=\\"\\" aria-hidden=\\"true\\"></span></li> <li class=\\"k-pagination-pager k-pagination-pager__md k-pagination-pager__dark k-pagination-pager__hover\\" data-k-page-first=\\"true\\" aria-hidden=\\"true\\">1</li> <li class=\\"k-pagination-pager k-pagination-pager__md k-pagination-pager__dark k-pagination-pager__hover\\" data-k-page-prev-exp=\\"true\\" aria-hidden=\\"true\\"><span class=\\"k-icon--base k-icon--base__dark k-icon-transition i-carbon-overflow-menu-horizontal\\" role=\\"\\" aria-hidden=\\"true\\"></span></li> <li class=\\"k-pagination-pager k-pagination-pager__md k-pagination-pager__dark k-pagination-pager__hover\\" data-k-page-center=\\"5\\" aria-hidden=\\"true\\">5</li><li class=\\"k-pagination-pager k-pagination-pager__md k-pagination-pager__dark k-pagination-pager__hover\\" data-k-page-center=\\"6\\" aria-hidden=\\"true\\">6</li><li class=\\"k-pagination-pager k-pagination-pager__md k-pagination-pager__dark k-pagination-pager__hover\\" data-k-page-center=\\"7\\" aria-hidden=\\"true\\">7</li><li class=\\"k-pagination-pager k-pagination-pager__md k-pagination-pager__active k-pagination-pager__hover\\" data-k-page-center=\\"8\\" aria-hidden=\\"true\\">8</li><li class=\\"k-pagination-pager k-pagination-pager__md k-pagination-pager__dark k-pagination-pager__hover\\" data-k-page-center=\\"9\\" aria-hidden=\\"true\\">9</li><li class=\\"k-pagination-pager k-pagination-pager__md k-pagination-pager__dark k-pagination-pager__hover\\" data-k-page-center=\\"10\\" aria-hidden=\\"true\\">10</li><li class=\\"k-pagination-pager k-pagination-pager__md k-pagination-pager__dark k-pagination-pager__hover\\" data-k-page-center=\\"11\\" aria-hidden=\\"true\\">11</li> <li class=\\"k-pagination-pager k-pagination-pager__md k-pagination-pager__dark k-pagination-pager__hover\\" data-k-page-next-exp=\\"true\\" aria-hidden=\\"true\\"><span class=\\"k-icon--base k-icon--base__dark k-icon-transition i-carbon-overflow-menu-horizontal\\" role=\\"\\" aria-hidden=\\"true\\"></span></li> <li class=\\"k-pagination-pager k-pagination-pager__md k-pagination-pager__dark k-pagination-pager__hover\\" data-k-page-last=\\"true\\" aria-hidden=\\"true\\">21</li> <li class=\\"k-pagination-pager k-pagination-pager__md k-pagination-pager__dark k-pagination-pager__hover\\" data-k-page-next=\\"true\\" aria-hidden=\\"true\\"><span class=\\"k-icon--base k-icon--base__dark k-icon-transition i-carbon-chevron-right\\" role=\\"\\" aria-hidden=\\"true\\"></span></li></ul></div>"`;
