// Vitest Snapshot v1, https://vitest.dev/guide/snapshot.html

exports[`Test: KDescriptions > props: border 1`] = `"<div class=\\"k-descriptions k-descriptions--md k-descriptions__dark\\"> <div class=\\"k-descriptions--body k-descriptions--cols-3 k-descriptions--body--border\\"></div></div>"`;

exports[`Test: KDescriptions > props: cls 1`] = `"<div class=\\"k-descriptions k-descriptions--md k-descriptions__dark k-descriptions--test\\"> <div class=\\"k-descriptions--body k-descriptions--body--md k-descriptions--cols-3\\"></div></div>"`;

exports[`Test: KDescriptions > props: column 1`] = `"<div class=\\"k-descriptions k-descriptions--md k-descriptions__dark\\"> <div class=\\"k-descriptions--body k-descriptions--body--md k-descriptions--cols-3\\"></div></div>"`;

exports[`Test: KDescriptions > props: direction 1`] = `"<div class=\\"k-descriptions k-descriptions--md k-descriptions__dark\\"> <div class=\\"k-descriptions--body k-descriptions--body--md k-descriptions--cols-3\\"><div class=\\"k-descriptions-item k-descriptions-item__dark k-descriptions-item--md k-descriptions-item__horizontal ikun-last:k-descriptions-item--col-1\\"><label class=\\"k-descriptions-item--label k-descriptions-item--label__horizontal k-descriptions-item--label__horizontal--md\\">name</label> <div class=\\"k-descriptions-item--content k-descriptions-item--content__horizontal\\">IKun</div></div> <div class=\\"k-descriptions-item k-descriptions-item__dark k-descriptions-item--md k-descriptions-item__horizontal ikun-last:k-descriptions-item--col-2\\"><label class=\\"k-descriptions-item--label k-descriptions-item--label__horizontal k-descriptions-item--label__horizontal--md\\">phone</label> <div class=\\"k-descriptions-item--content k-descriptions-item--content__horizontal\\">18868686868</div></div> <div class=\\"k-descriptions-item k-descriptions-item__dark k-descriptions-item--md k-descriptions-item__horizontal ikun-last:k-descriptions-item--col-0\\"><label class=\\"k-descriptions-item--label k-descriptions-item--label__horizontal k-descriptions-item--label__horizontal--md\\">age</label> <div class=\\"k-descriptions-item--content k-descriptions-item--content__horizontal\\">1</div></div></div></div> <div id=\\"show-direction\\">horizontal</div> <button>change direction</button>"`;

exports[`Test: KDescriptions > props: direction 2`] = `"<div class=\\"k-descriptions k-descriptions--md k-descriptions__dark\\"> <div class=\\"k-descriptions--body k-descriptions--body--md k-descriptions--cols-3\\"><div class=\\"k-descriptions-item k-descriptions-item__dark k-descriptions-item--md k-descriptions-item__vertical ikun-last:k-descriptions-item--col-1\\"><label class=\\"k-descriptions-item--label k-descriptions-item--label__vertical k-descriptions-item--label__vertical--md\\">name</label> <div class=\\"k-descriptions-item--content k-descriptions-item--content__vertical\\">IKun</div></div> <div class=\\"k-descriptions-item k-descriptions-item__dark k-descriptions-item--md k-descriptions-item__vertical ikun-last:k-descriptions-item--col-2\\"><label class=\\"k-descriptions-item--label k-descriptions-item--label__vertical k-descriptions-item--label__vertical--md\\">phone</label> <div class=\\"k-descriptions-item--content k-descriptions-item--content__vertical\\">18868686868</div></div> <div class=\\"k-descriptions-item k-descriptions-item__dark k-descriptions-item--md k-descriptions-item__vertical ikun-last:k-descriptions-item--col-0\\"><label class=\\"k-descriptions-item--label k-descriptions-item--label__vertical k-descriptions-item--label__vertical--md\\">age</label> <div class=\\"k-descriptions-item--content k-descriptions-item--content__vertical\\">1</div></div></div></div> <div id=\\"show-direction\\">vertical</div> <button>change direction</button>"`;

exports[`Test: KDescriptions > props: extra 1`] = `"<div class=\\"k-descriptions k-descriptions--md k-descriptions__dark\\"><div class=\\"k-descriptions--header k-descriptions--header--md\\"><div class=\\"k-descriptions--title\\"></div> <div class=\\"k-descriptions--extra\\">KDescriptions Extra</div></div> <div class=\\"k-descriptions--body k-descriptions--body--md k-descriptions--cols-3\\"></div></div>"`;

exports[`Test: KDescriptions > props: sizes 1`] = `"<div class=\\"k-descriptions k-descriptions--lg k-descriptions__dark\\"><div class=\\"k-descriptions--header k-descriptions--header--lg\\"><div class=\\"k-descriptions--title\\">KDescriptions</div> <div class=\\"k-descriptions--extra\\"></div></div> <div class=\\"k-descriptions--body k-descriptions--body--lg k-descriptions--cols-3\\"></div></div>"`;

exports[`Test: KDescriptions > props: title 1`] = `"<div class=\\"k-descriptions k-descriptions--md k-descriptions__dark\\"><div class=\\"k-descriptions--header k-descriptions--header--md\\"><div class=\\"k-descriptions--title\\">KDescriptions Title</div> <div class=\\"k-descriptions--extra\\"></div></div> <div class=\\"k-descriptions--body k-descriptions--body--md k-descriptions--cols-3\\"></div></div>"`;

exports[`Test: KDescriptions > slots: extra 1`] = `"<div class=\\"k-descriptions k-descriptions--md k-descriptions__dark\\"><div class=\\"k-descriptions--header k-descriptions--header--md\\"><div class=\\"k-descriptions--title\\"></div> <div class=\\"k-descriptions--extra\\"><div id=\\"slot-extra\\" slot=\\"extra\\">Ikun Descriptions Extra</div></div></div> <div class=\\"k-descriptions--body k-descriptions--body--md k-descriptions--cols-3\\"></div></div>"`;

exports[`Test: KDescriptions > slots: title 1`] = `"<div class=\\"k-descriptions k-descriptions--md k-descriptions__dark\\"><div class=\\"k-descriptions--header k-descriptions--header--md\\"><div class=\\"k-descriptions--title\\"><div id=\\"slot-title\\" slot=\\"title\\">Ikun Descriptions Title</div></div> <div class=\\"k-descriptions--extra\\"></div></div> <div class=\\"k-descriptions--body k-descriptions--body--md k-descriptions--cols-3\\"></div></div>"`;
