// Vitest Snapshot v1, https://vitest.dev/guide/snapshot.html

exports[`Test: KButton > props: button lg size 1`] = `"<button style=\\"border-radius: 4px; font-size: 20px;\\" class=\\"k-button k-button--base k-button--primary__fill k-button--primary__hover__fill k-button--primary__active k-button--primary__focus k-button--lg\\" aria-hidden=\\"true\\"><span class=\\"k-icon--base k-icon-transition i-carbon-settings k-button--primary__icon k-button--primary__icon__fill\\" role=\\"\\" aria-hidden=\\"true\\" style=\\"width: 20px; height: 20px;\\"></span>   </button>"`;

exports[`Test: KButton > props: button md size 1`] = `"<button style=\\"border-radius: 4px; font-size: 16px;\\" class=\\"k-button k-button--base k-button--primary__fill k-button--primary__hover__fill k-button--primary__active k-button--primary__focus\\" aria-hidden=\\"true\\"><span class=\\"k-icon--base k-icon-transition i-carbon-settings k-button--primary__icon k-button--primary__icon__fill\\" role=\\"\\" aria-hidden=\\"true\\" style=\\"width: 16px; height: 16px;\\"></span>   </button>"`;

exports[`Test: KButton > props: button sm size 1`] = `"<button style=\\"border-radius: 4px; font-size: 12px;\\" class=\\"k-button k-button--base k-button--primary__fill k-button--primary__hover__fill k-button--primary__active k-button--primary__focus k-button--sm\\" aria-hidden=\\"true\\"><span class=\\"k-icon--base k-icon-transition i-carbon-settings k-button--primary__icon k-button--primary__icon__fill\\" role=\\"\\" aria-hidden=\\"true\\" style=\\"width: 12px; height: 12px;\\"></span>   </button>"`;

exports[`Test: KButton > props: circle 1`] = `"<button style=\\"border-radius: 4px; font-size: 16px;\\" class=\\"k-button k-button--base k-button--primary__fill k-button--primary__hover__fill k-button--primary__active k-button--primary__focus k-button--circle\\" aria-hidden=\\"true\\">   </button>"`;

exports[`Test: KButton > props: disabled 1`] = `"<button style=\\"border-radius: 4px; font-size: 16px;\\" class=\\"k-button k-button--base k-button--primary__fill k-button--primary__hover__fill k-cur-disabled k-button--disabled\\" aria-hidden=\\"true\\">   </button>"`;

exports[`Test: KButton > props: ghost 1`] = `"<button style=\\"border-radius: 4px; font-size: 16px;\\" class=\\"k-button k-button--base k-button--success__ghost k-button--success__active k-button--success__focus k-button--success__border\\" aria-hidden=\\"true\\">   </button><button style=\\"border-radius: 4px; font-size: 16px;\\" class=\\"k-button k-button--base k-button--error__ghost k-button--error__active k-button--error__focus k-button--error__border\\" aria-hidden=\\"true\\">   </button><button style=\\"border-radius: 4px; font-size: 16px;\\" class=\\"k-button k-button--base k-button--warning__ghost k-button--warning__active k-button--warning__focus k-button--warning__border\\" aria-hidden=\\"true\\">   </button><button style=\\"border-radius: 4px; font-size: 16px;\\" class=\\"k-button k-button--base k-button--info__ghost k-button--info__active k-button--info__focus k-button--info__border\\" aria-hidden=\\"true\\">   </button><button style=\\"border-radius: 4px; font-size: 16px;\\" class=\\"k-button k-button--base k-button--primary__ghost k-button--primary__active k-button--primary__focus k-button--primary__border\\" aria-hidden=\\"true\\">   </button>"`;

exports[`Test: KButton > props: icon 1`] = `"<button style=\\"border-radius: 4px; font-size: 16px;\\" class=\\"k-button k-button--base k-button--primary__fill k-button--primary__hover__fill k-button--primary__active k-button--primary__focus\\" aria-hidden=\\"true\\"><span class=\\"k-icon--base k-icon-transition icon-carbon-settings k-button--primary__icon k-button--primary__icon__fill\\" role=\\"\\" aria-hidden=\\"true\\" style=\\"width: 16px; height: 16px;\\"></span>   </button>"`;

exports[`Test: KButton > props: iconSize 1`] = `"<button style=\\"border-radius: 4px; font-size: 10086px;\\" class=\\"k-button k-button--base k-button--primary__fill k-button--primary__hover__fill k-button--primary__active k-button--primary__focus\\" aria-hidden=\\"true\\"><span class=\\"k-icon--base k-icon-transition i-carbon-settings k-button--primary__icon k-button--primary__icon__fill\\" role=\\"\\" aria-hidden=\\"true\\" style=\\"width: 10086px; height: 10086px;\\"></span>   </button>"`;

exports[`Test: KButton > props: isBorder 1`] = `"<button style=\\"border-radius: 4px; font-size: 16px;\\" class=\\"k-button k-button--base k-button--primary__fill k-button--primary__hover__fill k-button--primary__active k-button--primary__focus k-button--primary__border\\" aria-hidden=\\"true\\">   </button>"`;

exports[`Test: KButton > props: plain 1`] = `"<button style=\\"border-radius: 4px; font-size: 16px;\\" class=\\"k-button k-button--base k-button--success k-button--success__hover k-button--success__active k-button--success__focus\\" aria-hidden=\\"true\\">   </button><button style=\\"border-radius: 4px; font-size: 16px;\\" class=\\"k-button k-button--base k-button--error k-button--error__hover k-button--error__active k-button--error__focus\\" aria-hidden=\\"true\\">   </button><button style=\\"border-radius: 4px; font-size: 16px;\\" class=\\"k-button k-button--base k-button--warning k-button--warning__hover k-button--warning__active k-button--warning__focus\\" aria-hidden=\\"true\\">   </button><button style=\\"border-radius: 4px; font-size: 16px;\\" class=\\"k-button k-button--base k-button--info k-button--info__hover k-button--info__active k-button--info__focus\\" aria-hidden=\\"true\\">   </button><button style=\\"border-radius: 4px; font-size: 16px;\\" class=\\"k-button k-button--base k-button--primary k-button--primary__hover k-button--primary__active k-button--primary__focus\\" aria-hidden=\\"true\\">   </button>"`;

exports[`Test: KButton > props: round 1`] = `"<button style=\\"border-radius: 30px; font-size: 16px;\\" class=\\"k-button k-button--base k-button--primary__fill k-button--primary__hover__fill k-button--primary__active k-button--primary__focus\\" aria-hidden=\\"true\\">   </button>"`;

exports[`Test: KButton > props: to 1`] = `"<a style=\\"border-radius: 4px; font-size: 16px;\\" class=\\"k-button k-button--base k-button--primary__fill k-button--primary__hover__fill k-button--primary__active k-button--primary__focus\\" aria-hidden=\\"true\\" href=\\"https://github.com/ikun-svelte/ikun-ui\\">   </a>"`;

exports[`Test: KButton > props: type 1`] = `"<button style=\\"border-radius: 4px; font-size: 16px;\\" class=\\"k-button k-button--base k-button--success__fill k-button--success__hover__fill k-button--success__active k-button--success__focus\\" aria-hidden=\\"true\\">   </button><button style=\\"border-radius: 4px; font-size: 16px;\\" class=\\"k-button k-button--base k-button--error__fill k-button--error__hover__fill k-button--error__active k-button--error__focus\\" aria-hidden=\\"true\\">   </button><button style=\\"border-radius: 4px; font-size: 16px;\\" class=\\"k-button k-button--base k-button--warning__fill k-button--warning__hover__fill k-button--warning__active k-button--warning__focus\\" aria-hidden=\\"true\\">   </button><button style=\\"border-radius: 4px; font-size: 16px;\\" class=\\"k-button k-button--base k-button--info__fill k-button--info__hover__fill k-button--info__active k-button--info__focus\\" aria-hidden=\\"true\\">   </button><button style=\\"border-radius: 4px; font-size: 16px;\\" class=\\"k-button k-button--base k-button--primary__fill k-button--primary__hover__fill k-button--primary__active k-button--primary__focus\\" aria-hidden=\\"true\\">   </button>"`;
